Archive member included to satisfy reference by file (symbol)

app/libapp.a(main.c.obj)      (--whole-archive)
app/libapp.a(bist_manager.c.obj)
                              (--whole-archive)
zephyr/libzephyr.a(cbprintf_packaged.c.obj)
                              (--whole-archive)
zephyr/libzephyr.a(crc32c_sw.c.obj)
                              (--whole-archive)
zephyr/libzephyr.a(crc32_sw.c.obj)
                              (--whole-archive)
zephyr/libzephyr.a(crc16_sw.c.obj)
                              (--whole-archive)
zephyr/libzephyr.a(crc8_sw.c.obj)
                              (--whole-archive)
zephyr/libzephyr.a(crc7_sw.c.obj)
                              (--whole-archive)
zephyr/libzephyr.a(dec.c.obj)
                              (--whole-archive)
zephyr/libzephyr.a(fdtable.c.obj)
                              (--whole-archive)
zephyr/libzephyr.a(hex.c.obj)
                              (--whole-archive)
zephyr/libzephyr.a(printk.c.obj)
                              (--whole-archive)
zephyr/libzephyr.a(rb.c.obj)  (--whole-archive)
zephyr/libzephyr.a(sem.c.obj)
                              (--whole-archive)
zephyr/libzephyr.a(thread_entry.c.obj)
                              (--whole-archive)
zephyr/libzephyr.a(timeutil.c.obj)
                              (--whole-archive)
zephyr/libzephyr.a(heap.c.obj)
                              (--whole-archive)
zephyr/libzephyr.a(heap-validate.c.obj)
                              (--whole-archive)
zephyr/libzephyr.a(bitarray.c.obj)
                              (--whole-archive)
zephyr/libzephyr.a(multi_heap.c.obj)
                              (--whole-archive)
zephyr/libzephyr.a(onoff.c.obj)
                              (--whole-archive)
zephyr/libzephyr.a(notify.c.obj)
                              (--whole-archive)
zephyr/libzephyr.a(cbprintf_complete.c.obj)
                              (--whole-archive)
zephyr/libzephyr.a(cbprintf.c.obj)
                              (--whole-archive)
zephyr/libzephyr.a(assert.c.obj)
                              (--whole-archive)
zephyr/libzephyr.a(mpsc_pbuf.c.obj)
                              (--whole-archive)
zephyr/libzephyr.a(reboot.c.obj)
                              (--whole-archive)
zephyr/libzephyr.a(configs.c.obj)
                              (--whole-archive)
zephyr/libzephyr.a(soc_nrf_common.S.obj)
                              (--whole-archive)
zephyr/libzephyr.a(validate_base_addresses.c.obj)
                              (--whole-archive)
zephyr/libzephyr.a(validate_enabled_instances.c.obj)
                              (--whole-archive)
zephyr/libzephyr.a(log_core.c.obj)
                              (--whole-archive)
zephyr/libzephyr.a(log_mgmt.c.obj)
                              (--whole-archive)
zephyr/libzephyr.a(log_cache.c.obj)
                              (--whole-archive)
zephyr/libzephyr.a(log_msg.c.obj)
                              (--whole-archive)
zephyr/libzephyr.a(log_output.c.obj)
                              (--whole-archive)
zephyr/libzephyr.a(log_backend_rtt.c.obj)
                              (--whole-archive)
zephyr/libzephyr.a(pm.c.obj)  (--whole-archive)
zephyr/libzephyr.a(policy.c.obj)
                              (--whole-archive)
zephyr/libzephyr.a(state.c.obj)
                              (--whole-archive)
zephyr/libzephyr.a(tracing_none.c.obj)
                              (--whole-archive)
zephyr/arch/common/libarch__common.a(sw_isr_common.c.obj)
                              (--whole-archive)
zephyr/arch/arch/arm/core/aarch32/libarch__arm__core__aarch32.a(cpu_idle.S.obj)
                              (--whole-archive)
zephyr/arch/arch/arm/core/aarch32/libarch__arm__core__aarch32.a(fatal.c.obj)
                              (--whole-archive)
zephyr/arch/arch/arm/core/aarch32/libarch__arm__core__aarch32.a(irq_manage.c.obj)
                              (--whole-archive)
zephyr/arch/arch/arm/core/aarch32/libarch__arm__core__aarch32.a(nmi.c.obj)
                              (--whole-archive)
zephyr/arch/arch/arm/core/aarch32/libarch__arm__core__aarch32.a(nmi_on_reset.S.obj)
                              (--whole-archive)
zephyr/arch/arch/arm/core/aarch32/libarch__arm__core__aarch32.a(prep_c.c.obj)
                              (--whole-archive)
zephyr/arch/arch/arm/core/aarch32/libarch__arm__core__aarch32.a(swap.c.obj)
                              (--whole-archive)
zephyr/arch/arch/arm/core/aarch32/libarch__arm__core__aarch32.a(swap_helper.S.obj)
                              (--whole-archive)
zephyr/arch/arch/arm/core/aarch32/libarch__arm__core__aarch32.a(thread.c.obj)
                              (--whole-archive)
zephyr/arch/arch/arm/core/aarch32/libarch__arm__core__aarch32.a(isr_wrapper.S.obj)
                              (--whole-archive)
zephyr/arch/arch/arm/core/aarch32/cortex_m/libarch__arm__core__aarch32__cortex_m.a(exc_exit.S.obj)
                              (--whole-archive)
[...]
Memory Configuration

Name             Origin             Length             Attributes
FLASH            0x0000000000000000 0x0000000000080000 xr
RAM              0x0000000020000000 0x0000000000010000 xw
IDT_LIST         0x00000000fffff7ff 0x0000000000000800 xw
*default*        0x0000000000000000 0xffffffffffffffff

Linker script and memory map

LOAD zephyr/CMakeFiles/zephyr_pre1.dir/misc/empty_file.c.obj
LOAD zephyr/CMakeFiles/zephyr_pre1.dir/dev_handles.c.obj
                0x0000000000000020                _region_min_align = 0x20

.rel.plt        0x0000000000000000        0x0
 *(SORT_BY_ALIGNMENT(.rel.plt))
                [!provide]                        PROVIDE (__rel_iplt_start = .)
 *(SORT_BY_ALIGNMENT(.rel.iplt))
 .rel.iplt      0x0000000000000000        0x0 app/libapp.a(main.c.obj)
                [!provide]                        PROVIDE (__rel_iplt_end = .)

.rela.plt       0x0000000000000000        0x0
 *(SORT_BY_ALIGNMENT(.rela.plt))
                [!provide]                        PROVIDE (__rela_iplt_start = .)
 *(SORT_BY_ALIGNMENT(.rela.iplt))
                [!provide]                        PROVIDE (__rela_iplt_end = .)

.rel.dyn
 *(SORT_BY_ALIGNMENT(.rel.*))

.rela.dyn
 *(SORT_BY_ALIGNMENT(.rela.*))

/DISCARD/
 *(SORT_BY_ALIGNMENT(.plt))

/DISCARD/
 *(SORT_BY_ALIGNMENT(.iplt))
                0x0000000000000000                __rom_region_start = 0x0

rom_start       0x0000000000000000       0xdc
                0x0000000000000000                . = 0x0
                0x0000000000000000                . = ALIGN (0x4)
                0x0000000000000000                . = ALIGN (0x80)
                0x0000000000000000                . = ALIGN (0x100)
                0x0000000000000000                _vector_start = .
 *(SORT_BY_ALIGNMENT(.exc_vector_table))
 *(SORT_BY_ALIGNMENT(.exc_vector_table.*))
 .exc_vector_table._vector_table_section
                0x0000000000000000       0x40 zephyr/arch/arch/arm/core/aarch32/cortex_m/libarch__arm__core__aarch32__cortex_m.a(vector_table.S.obj)
                0x0000000000000000                _vector_table
 *(SORT_BY_ALIGNMENT(.vectors))
                0x00000000000000dc                _vector_end = .
                0x0000000000000040                . = ALIGN (0x4)
 *(SORT_BY_ALIGNMENT(.gnu.linkonce.irq_vector_table*))
 .gnu.linkonce.irq_vector_table
                0x0000000000000040       0x9c zephyr/arch/common/libisr_tables.a(isr_tables.c.obj)
                0x0000000000000040                _irq_vector_table
                0x00000000000000dc                _vector_end = .

text            0x00000000000000dc     0x5ec4
                0x00000000000000dc                __text_region_start = .
 *(SORT_BY_ALIGNMENT(.text))
 .text          0x00000000000000dc       0x30 /home/ziv/ncs/toolchains/v2.2.0/opt/zephyr-sdk/arm-zephyr-eabi/bin/../lib/gcc/arm-zephyr-eabi/12.1.0/thumb/v7e-m/nofp/libgcc.a(_aeabi_uldivmod.o)
                0x00000000000000dc                __aeabi_uldivmod
 .text          0x000000000000010c        0x4 /home/ziv/ncs/toolchains/v2.2.0/opt/zephyr-sdk/arm-zephyr-eabi/bin/../lib/gcc/arm-zephyr-eabi/12.1.0/thumb/v7e-m/nofp/libgcc.a(_dvmd_tls.o)
                0x000000000000010c                __aeabi_ldiv0
                0x000000000000010c                __aeabi_idiv0
 .text          0x0000000000000110      0x2a0 /home/ziv/ncs/toolchains/v2.2.0/opt/zephyr-sdk/arm-zephyr-eabi/bin/../lib/gcc/arm-zephyr-eabi/12.1.0/thumb/v7e-m/nofp/libgcc.a(_udivmoddi4.o)
                0x0000000000000110                __udivmoddi4
 *(SORT_BY_ALIGNMENT(.text.*))
 .text.main     0x00000000000003b0       0x30 app/libapp.a(main.c.obj)
                0x00000000000003b0                main
 .text.run_all_bists
                0x00000000000003e0       0x38 app/libapp.a(bist_manager.c.obj)
                0x00000000000003e0                run_all_bists
 .text.cbvprintf_package
                0x0000000000000418      0x3ac zephyr/libzephyr.a(cbprintf_packaged.c.obj)
                0x0000000000000418                cbvprintf_package
 .text.cbprintf_package_convert
                0x00000000000007c4      0x3bc zephyr/libzephyr.a(cbprintf_packaged.c.obj)
                0x00000000000007c4                cbprintf_package_convert
 .text.__printk_hook_install
                0x0000000000000b80        0xc zephyr/libzephyr.a(printk.c.obj)
                0x0000000000000b80                __printk_hook_install
 .text.vsnprintk
                0x0000000000000b8c       0x2c zephyr/libzephyr.a(printk.c.obj)
                0x0000000000000b8c                vsnprintk
 .text.process_event
                0x0000000000000bb8      0x21c zephyr/libzephyr.a(onoff.c.obj)
 .text.z_cbvprintf_impl
                0x0000000000000dd4      0x764 zephyr/libzephyr.a(cbprintf_complete.c.obj)
                0x0000000000000dd4                z_cbvprintf_impl
 .text.z_arm_platform_init
                0x0000000000001538        0x4 zephyr/libzephyr.a(soc_nrf_common.S.obj)
                0x0000000000001538                z_arm_platform_init
 .text.activate_foreach_backend
                0x000000000000153c       0x64 zephyr/libzephyr.a(log_core.c.obj)
 .text.enable_logger
                0x00000000000015a0       0x5c zephyr/libzephyr.a(log_core.c.obj)
 .text.log_process_thread_timer_expiry_fn
                0x00000000000015fc        0xc zephyr/libzephyr.a(log_core.c.obj)
 .text.z_log_init
                0x0000000000001608       0x90 zephyr/libzephyr.a(log_core.c.obj)
 .text.log_format_func_t_get
                0x0000000000001698        0xc zephyr/libzephyr.a(log_core.c.obj)
                0x0000000000001698                log_format_func_t_get
 .text.log_set_timestamp_func
                0x00000000000016a4       0x20 zephyr/libzephyr.a(log_core.c.obj)
                0x00000000000016a4                log_set_timestamp_func
 .text.z_log_notify_backend_enabled
                0x00000000000016c4       0x1c zephyr/libzephyr.a(log_core.c.obj)
                0x00000000000016c4                z_log_notify_backend_enabled
 .text.z_log_dropped
                0x00000000000016e0       0x30 zephyr/libzephyr.a(log_core.c.obj)
                0x00000000000016e0                z_log_dropped
 .text.z_log_dropped_read_and_clear
                0x0000000000001710       0x20 zephyr/libzephyr.a(log_core.c.obj)
                0x0000000000001710                z_log_dropped_read_and_clear
 .text.dropped_notify
                0x0000000000001730       0x30 zephyr/libzephyr.a(log_core.c.obj)
                0x0000000000001730                dropped_notify
 .text.z_log_msg_init
                0x0000000000001760       0x20 zephyr/libzephyr.a(log_core.c.obj)
                0x0000000000001760                z_log_msg_init
 .text.log_core_init
                0x0000000000001780       0x2c zephyr/libzephyr.a(log_core.c.obj)
                0x0000000000001780                log_core_init
 .text.z_log_msg_alloc
                0x00000000000017ac       0x10 zephyr/libzephyr.a(log_core.c.obj)
                0x00000000000017ac                z_log_msg_alloc
 .text.z_log_msg_local_claim
                0x00000000000017bc        0xc zephyr/libzephyr.a(log_core.c.obj)
                0x00000000000017bc                z_log_msg_local_claim
 .text.z_log_msg_free
                0x00000000000017c8       0x10 zephyr/libzephyr.a(log_core.c.obj)
                0x00000000000017c8                z_log_msg_free
 .text.z_log_msg_pending
                0x00000000000017d8        0xc zephyr/libzephyr.a(log_core.c.obj)
                0x00000000000017d8                z_log_msg_pending
 .text.z_impl_log_process
                0x00000000000017e4       0xbc zephyr/libzephyr.a(log_core.c.obj)
                0x00000000000017e4                z_impl_log_process
 .text.z_impl_log_panic
                0x00000000000018a0       0x44 zephyr/libzephyr.a(log_core.c.obj)
                0x00000000000018a0                z_impl_log_panic
 .text.log_process_thread_func
                0x00000000000018e4       0x9c zephyr/libzephyr.a(log_core.c.obj)
 .text.z_log_msg_post_finalize
                0x0000000000001980       0x78 zephyr/libzephyr.a(log_core.c.obj)
 .text.z_log_msg_commit
                0x00000000000019f8       0x24 zephyr/libzephyr.a(log_core.c.obj)
                0x00000000000019f8                z_log_msg_commit
 .text.log_source_name_get
                0x0000000000001a1c       0x1c zephyr/libzephyr.a(log_mgmt.c.obj)
                0x0000000000001a1c                log_source_name_get
 .text.log_backend_enable
                0x0000000000001a38       0x28 zephyr/libzephyr.a(log_mgmt.c.obj)
                0x0000000000001a38                log_backend_enable
 .text.z_impl_z_log_msg_static_create
                0x0000000000001a60       0xa8 zephyr/libzephyr.a(log_msg.c.obj)
                0x0000000000001a60                z_impl_z_log_msg_static_create
 .text.z_impl_z_log_msg_runtime_vcreate
                0x0000000000001b08       0x94 zephyr/libzephyr.a(log_msg.c.obj)
                0x0000000000001b08                z_impl_z_log_msg_runtime_vcreate
 .text.print_formatted
                0x0000000000001b9c       0x24 zephyr/libzephyr.a(log_output.c.obj)
 .text.newline_print
                0x0000000000001bc0       0x1c zephyr/libzephyr.a(log_output.c.obj)
 .text.log_output_process
                0x0000000000001bdc      0x2a4 zephyr/libzephyr.a(log_output.c.obj)
                0x0000000000001bdc                log_output_process
 .text.log_output_msg_process
                0x0000000000001e80       0x6c zephyr/libzephyr.a(log_output.c.obj)
                0x0000000000001e80                log_output_msg_process
 .text.log_output_dropped_process
                0x0000000000001eec       0x58 zephyr/libzephyr.a(log_output.c.obj)
                0x0000000000001eec                log_output_dropped_process
 .text.log_output_timestamp_freq_set
                0x0000000000001f44       0x2c zephyr/libzephyr.a(log_output.c.obj)
                0x0000000000001f44                log_output_timestamp_freq_set
 .text.log_backend_rtt_init
                0x0000000000001f70        0xc zephyr/libzephyr.a(log_backend_rtt.c.obj)
 .text.format_set
                0x0000000000001f7c        0xc zephyr/libzephyr.a(log_backend_rtt.c.obj)
 .text.panic    0x0000000000001f88       0x14 zephyr/libzephyr.a(log_backend_rtt.c.obj)
 .text.dropped  0x0000000000001f9c        0xc zephyr/libzephyr.a(log_backend_rtt.c.obj)
 .text.process  0x0000000000001fa8       0x24 zephyr/libzephyr.a(log_backend_rtt.c.obj)
 .text.on_failed_write
                0x0000000000001fcc       0x28 zephyr/libzephyr.a(log_backend_rtt.c.obj)
 .text.data_out_block_mode
                0x0000000000001ff4       0x84 zephyr/libzephyr.a(log_backend_rtt.c.obj)
 .text.pm_state_notify
                0x0000000000002078       0x5c zephyr/libzephyr.a(pm.c.obj)
 .text.pm_system_resume
                0x00000000000020d4       0x78 zephyr/libzephyr.a(pm.c.obj)
                0x00000000000020d4                pm_system_resume
 .text.pm_system_suspend
                0x000000000000214c       0xf8 zephyr/libzephyr.a(pm.c.obj)
                0x000000000000214c                pm_system_suspend
 .text.pm_policy_next_state
                0x0000000000002244       0x94 zephyr/libzephyr.a(policy.c.obj)
                0x0000000000002244                pm_policy_next_state
 .text.pm_state_cpu_get_all
                0x00000000000022d8       0x10 zephyr/libzephyr.a(state.c.obj)
                0x00000000000022d8                pm_state_cpu_get_all
 .text.z_arm_cpu_idle_init
                0x00000000000022e8        0xc zephyr/arch/arch/arm/core/aarch32/libarch__arm__core__aarch32.a(cpu_idle.S.obj)
                0x00000000000022e8                z_arm_cpu_idle_init
 .text.arch_cpu_idle
                0x00000000000022f4       0x1c zephyr/arch/arch/arm/core/aarch32/libarch__arm__core__aarch32.a(cpu_idle.S.obj)
                0x00000000000022f4                arch_cpu_idle
 .text.arch_cpu_atomic_idle
                0x0000000000002310       0x14 zephyr/arch/arch/arm/core/aarch32/libarch__arm__core__aarch32.a(cpu_idle.S.obj)
                0x0000000000002310                arch_cpu_atomic_idle
 .text.z_arm_fatal_error
                0x0000000000002324       0xcc zephyr/arch/arch/arm/core/aarch32/libarch__arm__core__aarch32.a(fatal.c.obj)
                0x0000000000002324                z_arm_fatal_error
 .text.arch_irq_enable
                0x00000000000023f0       0x1c zephyr/arch/arch/arm/core/aarch32/libarch__arm__core__aarch32.a(irq_manage.c.obj)
                0x00000000000023f0                arch_irq_enable
 .text.arch_irq_is_enabled
                0x000000000000240c       0x1c zephyr/arch/arch/arm/core/aarch32/libarch__arm__core__aarch32.a(irq_manage.c.obj)
                0x000000000000240c                arch_irq_is_enabled
 .text.z_arm_irq_priority_set
                0x0000000000002428       0x30 zephyr/arch/arch/arm/core/aarch32/libarch__arm__core__aarch32.a(irq_manage.c.obj)
                0x0000000000002428                z_arm_irq_priority_set
 .text.z_SysNmiOnReset
                0x0000000000002458        0x8 zephyr/arch/arch/arm/core/aarch32/libarch__arm__core__aarch32.a(nmi_on_reset.S.obj)
                0x0000000000002458                z_SysNmiOnReset
 .text.z_arm_prep_c
                0x0000000000002460       0x38 zephyr/arch/arch/arm/core/aarch32/libarch__arm__core__aarch32.a(prep_c.c.obj)
                0x0000000000002460                z_arm_prep_c
 .text.arch_swap
                0x0000000000002498       0x34 zephyr/arch/arch/arm/core/aarch32/libarch__arm__core__aarch32.a(swap.c.obj)
                0x0000000000002498                arch_swap
 .text.z_arm_pendsv
                0x00000000000024cc       0x54 zephyr/arch/arch/arm/core/aarch32/libarch__arm__core__aarch32.a(swap_helper.S.obj)
                0x00000000000024cc                z_arm_pendsv
 .text.z_arm_svc
                0x0000000000002520       0x20 zephyr/arch/arch/arm/core/aarch32/libarch__arm__core__aarch32.a(swap_helper.S.obj)
                0x0000000000002520                z_arm_svc
 .text.arch_new_thread
                0x0000000000002540       0x38 zephyr/arch/arch/arm/core/aarch32/libarch__arm__core__aarch32.a(thread.c.obj)
                0x0000000000002540                arch_new_thread
 .text.z_check_thread_stack_fail
                0x0000000000002578       0x2c zephyr/arch/arch/arm/core/aarch32/libarch__arm__core__aarch32.a(thread.c.obj)
                0x0000000000002578                z_check_thread_stack_fail
 .text.arch_switch_to_main_thread
                0x00000000000025a4       0x2c zephyr/arch/arch/arm/core/aarch32/libarch__arm__core__aarch32.a(thread.c.obj)
                0x00000000000025a4                arch_switch_to_main_thread
 .text._isr_wrapper
                0x00000000000025d0       0x40 zephyr/arch/arch/arm/core/aarch32/libarch__arm__core__aarch32.a(isr_wrapper.S.obj)
                0x00000000000025d0                _isr_wrapper
 .text._HandlerModeExit
                0x0000000000002610       0x1c zephyr/arch/arch/arm/core/aarch32/cortex_m/libarch__arm__core__aarch32__cortex_m.a(exc_exit.S.obj)
                0x0000000000002610                z_arm_exc_exit
                0x0000000000002610                z_arm_int_exit
 .text.bus_fault.constprop.0
                0x000000000000262c      0x130 zephyr/arch/arch/arm/core/aarch32/cortex_m/libarch__arm__core__aarch32__cortex_m.a(fault.c.obj)
 .text.usage_fault.constprop.0
                0x000000000000275c       0xf8 zephyr/arch/arch/arm/core/aarch32/cortex_m/libarch__arm__core__aarch32__cortex_m.a(fault.c.obj)
 .text.mem_manage_fault
                0x0000000000002854      0x170 zephyr/arch/arch/arm/core/aarch32/cortex_m/libarch__arm__core__aarch32__cortex_m.a(fault.c.obj)
 .text.z_arm_fault
                0x00000000000029c4      0x218 zephyr/arch/arch/arm/core/aarch32/cortex_m/libarch__arm__core__aarch32__cortex_m.a(fault.c.obj)
                0x00000000000029c4                z_arm_fault
 .text.z_arm_fault_init
                0x0000000000002bdc       0x10 zephyr/arch/arch/arm/core/aarch32/cortex_m/libarch__arm__core__aarch32__cortex_m.a(fault.c.obj)
                0x0000000000002bdc                z_arm_fault_init
 .text.__fault  0x0000000000002bec       0x14 zephyr/arch/arch/arm/core/aarch32/cortex_m/libarch__arm__core__aarch32__cortex_m.a(fault_s.S.obj)
                0x0000000000002bec                z_arm_bus_fault
                0x0000000000002bec                z_arm_usage_fault
                0x0000000000002bec                z_arm_mpu_fault
                0x0000000000002bec                z_arm_exc_spurious
                0x0000000000002bec                z_arm_debug_monitor
                0x0000000000002bec                z_arm_hard_fault
 .text.z_arm_interrupt_init
                0x0000000000002c00       0x18 zephyr/arch/arch/arm/core/aarch32/cortex_m/libarch__arm__core__aarch32__cortex_m.a(irq_init.c.obj)
                0x0000000000002c00                z_arm_interrupt_init
 .text._reset_section
                0x0000000000002c18       0x54 zephyr/arch/arch/arm/core/aarch32/cortex_m/libarch__arm__core__aarch32__cortex_m.a(reset.S.obj)
                0x0000000000002c18                z_arm_reset
                0x0000000000002c18                __start
 .text.z_arm_clear_arm_mpu_config
                0x0000000000002c6c       0x24 zephyr/arch/arch/arm/core/aarch32/cortex_m/libarch__arm__core__aarch32__cortex_m.a(scb.c.obj)
                0x0000000000002c6c                z_arm_clear_arm_mpu_config
 .text.z_arm_init_arch_hw_at_boot
                0x0000000000002c90       0x64 zephyr/arch/arch/arm/core/aarch32/cortex_m/libarch__arm__core__aarch32__cortex_m.a(scb.c.obj)
                0x0000000000002c90                z_arm_init_arch_hw_at_boot
 .text.z_impl_k_thread_abort
                0x0000000000002cf4       0x2c zephyr/arch/arch/arm/core/aarch32/cortex_m/libarch__arm__core__aarch32__cortex_m.a(thread_abort.c.obj)
                0x0000000000002cf4                z_impl_k_thread_abort
 .text.z_arm_configure_static_mpu_regions
                0x0000000000002d20       0x18 zephyr/arch/arch/arm/core/aarch32/mpu/libarch__arm__core__aarch32__mpu.a(arm_core_mpu.c.obj)
                0x0000000000002d20                z_arm_configure_static_mpu_regions
 .text.z_arm_configure_dynamic_mpu_regions
                0x0000000000002d38       0x20 zephyr/arch/arch/arm/core/aarch32/mpu/libarch__arm__core__aarch32__mpu.a(arm_core_mpu.c.obj)
                0x0000000000002d38                z_arm_configure_dynamic_mpu_regions
 .text.mpu_configure_regions
                0x0000000000002d58       0xcc zephyr/arch/arch/arm/core/aarch32/mpu/libarch__arm__core__aarch32__mpu.a(arm_mpu.c.obj)
 .text.arm_core_mpu_enable
                0x0000000000002e24       0x18 zephyr/arch/arch/arm/core/aarch32/mpu/libarch__arm__core__aarch32__mpu.a(arm_mpu.c.obj)
                0x0000000000002e24                arm_core_mpu_enable
 .text.arm_core_mpu_disable
                0x0000000000002e3c       0x14 zephyr/arch/arch/arm/core/aarch32/mpu/libarch__arm__core__aarch32__mpu.a(arm_mpu.c.obj)
                0x0000000000002e3c                arm_core_mpu_disable
 .text.arm_core_mpu_configure_static_mpu_regions
                0x0000000000002e50       0x14 zephyr/arch/arch/arm/core/aarch32/mpu/libarch__arm__core__aarch32__mpu.a(arm_mpu.c.obj)
                0x0000000000002e50                arm_core_mpu_configure_static_mpu_regions
 .text.arm_core_mpu_configure_dynamic_mpu_regions
                0x0000000000002e64       0x30 zephyr/arch/arch/arm/core/aarch32/mpu/libarch__arm__core__aarch32__mpu.a(arm_mpu.c.obj)
                0x0000000000002e64                arm_core_mpu_configure_dynamic_mpu_regions
 .text.z_arm_mpu_init
                0x0000000000002e94       0x60 zephyr/arch/arch/arm/core/aarch32/mpu/libarch__arm__core__aarch32__mpu.a(arm_mpu.c.obj)
                0x0000000000002e94                z_arm_mpu_init
 .text.__stdout_hook_install
                0x0000000000002ef4        0xc zephyr/lib/libc/minimal/liblib__libc__minimal.a(stdout_console.c.obj)
                0x0000000000002ef4                __stdout_hook_install
 .text.nordicsemi_nrf52_init
                0x0000000000002f00       0x28 zephyr/soc/arm/nordic_nrf/nrf52/libsoc__arm__nordic_nrf__nrf52.a(soc.c.obj)
 .text.sys_arch_reboot
                0x0000000000002f28       0x2c zephyr/soc/arm/nordic_nrf/nrf52/libsoc__arm__nordic_nrf__nrf52.a(soc.c.obj)
                0x0000000000002f28                sys_arch_reboot
 .text.arch_busy_wait
                0x0000000000002f54       0x14 zephyr/soc/arm/nordic_nrf/nrf52/libsoc__arm__nordic_nrf__nrf52.a(soc.c.obj)
                0x0000000000002f54                arch_busy_wait
 .text.onoff_stop
                0x0000000000002f68       0x30 zephyr/drivers/clock_control/libdrivers__clock_control.a(clock_control_nrf.c.obj)
 .text.onoff_start
                0x0000000000002f98       0x44 zephyr/drivers/clock_control/libdrivers__clock_control.a(clock_control_nrf.c.obj)
 .text.clk_init
                0x0000000000002fdc       0x58 zephyr/drivers/clock_control/libdrivers__clock_control.a(clock_control_nrf.c.obj)
 .text.clkstarted_handle.constprop.0
                0x0000000000003034       0x34 zephyr/drivers/clock_control/libdrivers__clock_control.a(clock_control_nrf.c.obj)
 .text.clock_event_handler
                0x0000000000003068       0x1c zephyr/drivers/clock_control/libdrivers__clock_control.a(clock_control_nrf.c.obj)
 .text.generic_hfclk_start
                0x0000000000003084       0x64 zephyr/drivers/clock_control/libdrivers__clock_control.a(clock_control_nrf.c.obj)
 .text.api_blocking_start
                0x00000000000030e8       0x34 zephyr/drivers/clock_control/libdrivers__clock_control.a(clock_control_nrf.c.obj)
 .text.lfclk_start
                0x000000000000311c       0x24 zephyr/drivers/clock_control/libdrivers__clock_control.a(clock_control_nrf.c.obj)
 .text.generic_hfclk_stop
                0x0000000000003140       0x2c zephyr/drivers/clock_control/libdrivers__clock_control.a(clock_control_nrf.c.obj)
 .text.z_nrf_clock_control_get_onoff
                0x000000000000316c       0x10 zephyr/drivers/clock_control/libdrivers__clock_control.a(clock_control_nrf.c.obj)
                0x000000000000316c                z_nrf_clock_control_get_onoff
 .text.z_nrf_clock_control_lf_on
                0x000000000000317c       0xfc zephyr/drivers/clock_control/libdrivers__clock_control.a(clock_control_nrf.c.obj)
                0x000000000000317c                z_nrf_clock_control_lf_on
 .text.rtt_console_init
                0x0000000000003278       0x18 zephyr/drivers/console/libdrivers__console.a(rtt_console.c.obj)
 .text.rtt_console_out
                0x0000000000003290       0x54 zephyr/drivers/console/libdrivers__console.a(rtt_console.c.obj)
 .text.hfclk_on_callback
                0x00000000000032e4        0xc zephyr/drivers/sensor/nrf5/libdrivers__sensor__nrf5.a(temp_nrf5.c.obj)
 .text.temp_nrf5_channel_get
                0x00000000000032f0       0x2c zephyr/drivers/sensor/nrf5/libdrivers__sensor__nrf5.a(temp_nrf5.c.obj)
 .text.temp_nrf5_isr
                0x000000000000331c       0x18 zephyr/drivers/sensor/nrf5/libdrivers__sensor__nrf5.a(temp_nrf5.c.obj)
 .text.temp_nrf5_sample_fetch
                0x0000000000003334       0x78 zephyr/drivers/sensor/nrf5/libdrivers__sensor__nrf5.a(temp_nrf5.c.obj)
 .text.temp_nrf5_init
                0x00000000000033ac       0x40 zephyr/drivers/sensor/nrf5/libdrivers__sensor__nrf5.a(temp_nrf5.c.obj)
 .text.compare_int_lock
                0x00000000000033ec       0x48 zephyr/drivers/timer/libdrivers__timer.a(nrf_rtc_timer.c.obj)
 .text.sys_clock_timeout_handler
                0x0000000000003434       0x80 zephyr/drivers/timer/libdrivers__timer.a(nrf_rtc_timer.c.obj)
 .text.compare_int_unlock
                0x00000000000034b4       0x5c zephyr/drivers/timer/libdrivers__timer.a(nrf_rtc_timer.c.obj)
 .text.z_nrf_rtc_timer_read
                0x0000000000003510       0x44 zephyr/drivers/timer/libdrivers__timer.a(nrf_rtc_timer.c.obj)
                0x0000000000003510                z_nrf_rtc_timer_read
 .text.compare_set
                0x0000000000003554      0x148 zephyr/drivers/timer/libdrivers__timer.a(nrf_rtc_timer.c.obj)
 .text.sys_clock_driver_init
                0x000000000000369c       0x80 zephyr/drivers/timer/libdrivers__timer.a(nrf_rtc_timer.c.obj)
 .text.rtc_nrf_isr
                0x000000000000371c       0xe4 zephyr/drivers/timer/libdrivers__timer.a(nrf_rtc_timer.c.obj)
                0x000000000000371c                rtc_nrf_isr
 .text.sys_clock_set_timeout
                0x0000000000003800       0x64 zephyr/drivers/timer/libdrivers__timer.a(nrf_rtc_timer.c.obj)
                0x0000000000003800                sys_clock_set_timeout
 .text.sys_clock_elapsed
                0x0000000000003864       0x14 zephyr/drivers/timer/libdrivers__timer.a(nrf_rtc_timer.c.obj)
                0x0000000000003864                sys_clock_elapsed
 .text.k_sys_fatal_error_handler
                0x0000000000003878       0x2c modules/nrf/lib/fatal_error/lib..__nrf__lib__fatal_error.a(fatal_error.c.obj)
                0x0000000000003878                k_sys_fatal_error_handler
 .text.nrf52_errata_16
                0x00000000000038a4       0x28 modules/hal_nordic/nrfx/libmodules__hal_nordic__nrfx.a(system_nrf52.c.obj)
 .text.nvmc_wait
                0x00000000000038cc       0x10 modules/hal_nordic/nrfx/libmodules__hal_nordic__nrfx.a(system_nrf52.c.obj)
                0x00000000000038cc                nvmc_wait
 .text.SystemInit
                0x00000000000038dc      0x288 modules/hal_nordic/nrfx/libmodules__hal_nordic__nrfx.a(system_nrf52.c.obj)
                0x00000000000038dc                SystemInit
 .text.nrfx_clock_init
                0x0000000000003b64       0x20 modules/hal_nordic/nrfx/libmodules__hal_nordic__nrfx.a(nrfx_clock.c.obj)
                0x0000000000003b64                nrfx_clock_init
 .text.nrfx_clock_start
                0x0000000000003b84       0x90 modules/hal_nordic/nrfx/libmodules__hal_nordic__nrfx.a(nrfx_clock.c.obj)
                0x0000000000003b84                nrfx_clock_start
 .text.nrfx_clock_stop
                0x0000000000003c14       0x78 modules/hal_nordic/nrfx/libmodules__hal_nordic__nrfx.a(nrfx_clock.c.obj)
                0x0000000000003c14                nrfx_clock_stop
 .text.nrfx_power_clock_irq_handler
                0x0000000000003c8c       0x68 modules/hal_nordic/nrfx/libmodules__hal_nordic__nrfx.a(nrfx_clock.c.obj)
                0x0000000000003c8c                nrfx_power_clock_irq_handler
 .text._DoInit  0x0000000000003cf4       0x60 modules/segger/libmodules__segger.a(SEGGER_RTT.c.obj)
 .text.SEGGER_RTT_WriteSkipNoLock
                0x0000000000003d54       0x90 modules/segger/libmodules__segger.a(SEGGER_RTT.c.obj)
                0x0000000000003d54                SEGGER_RTT_WriteSkipNoLock
 .text.SEGGER_RTT_WriteNoLock
                0x0000000000003de4       0x58 modules/segger/libmodules__segger.a(SEGGER_RTT.c.obj)
                0x0000000000003de4                SEGGER_RTT_WriteNoLock
 .text.SEGGER_RTT_HasDataUp
                0x0000000000003e3c       0x14 modules/segger/libmodules__segger.a(SEGGER_RTT.c.obj)
                0x0000000000003e3c                SEGGER_RTT_HasDataUp
 .text.zephyr_rtt_mutex_lock
                0x0000000000003e50       0x14 modules/segger/libmodules__segger.a(SEGGER_RTT_zephyr.c.obj)
                0x0000000000003e50                zephyr_rtt_mutex_lock
 .text.zephyr_rtt_mutex_unlock
                0x0000000000003e64        0xc modules/segger/libmodules__segger.a(SEGGER_RTT_zephyr.c.obj)
                0x0000000000003e64                zephyr_rtt_mutex_unlock
 .text.sen2_init
                0x0000000000003e70       0x28 modules/sen2/lib..__..__my_generic_bist__drivers__sensor__sen2__zephyr.a(sen2.c.obj)
 .text.sen2_sample_fetch
                0x0000000000003e98       0x28 modules/sen2/lib..__..__my_generic_bist__drivers__sensor__sen2__zephyr.a(sen2.c.obj)
                0x0000000000003e98                sen2_sample_fetch
 .text.sen2_bist
                0x0000000000003ec0       0x28 modules/sen2/lib..__..__my_generic_bist__drivers__sensor__sen2__zephyr.a(sen2.c.obj)
                0x0000000000003ec0                sen2_bist
 .text.sen2_attr_set
                0x0000000000003ee8       0x28 modules/sen2/lib..__..__my_generic_bist__drivers__sensor__sen2__zephyr.a(sen2.c.obj)
 .text.sen3_init
                0x0000000000003f10       0x28 modules/sen3/lib..__..__my_generic_bist__drivers__sensor__sen3__zephyr.a(sen3.c.obj)
 .text.sen3_sample_fetch
                0x0000000000003f38       0x28 modules/sen3/lib..__..__my_generic_bist__drivers__sensor__sen3__zephyr.a(sen3.c.obj)
                0x0000000000003f38                sen3_sample_fetch
 .text.sen3_bist
                0x0000000000003f60       0x28 modules/sen3/lib..__..__my_generic_bist__drivers__sensor__sen3__zephyr.a(sen3.c.obj)
                0x0000000000003f60                sen3_bist
 .text.sen3_attr_set
                0x0000000000003f88       0x28 modules/sen3/lib..__..__my_generic_bist__drivers__sensor__sen3__zephyr.a(sen3.c.obj)
 .text.z_fatal_error
                0x0000000000003fb0       0xfc zephyr/kernel/libkernel.a(fatal.c.obj)
                0x0000000000003fb0                z_fatal_error
 .text.z_sys_init_run_level
                0x00000000000040ac       0x44 zephyr/kernel/libkernel.a(init.c.obj)
 .text.bg_thread_main
                0x00000000000040f0       0x34 zephyr/kernel/libkernel.a(init.c.obj)
 .text.z_bss_zero
                0x0000000000004124       0x18 zephyr/kernel/libkernel.a(init.c.obj)
                0x0000000000004124                z_bss_zero
 .text.z_init_cpu
                0x000000000000413c       0x70 zephyr/kernel/libkernel.a(init.c.obj)
                0x000000000000413c                z_init_cpu
 .text.z_cstart
                0x00000000000041ac       0xe0 zephyr/kernel/libkernel.a(init.c.obj)
                0x00000000000041ac                z_cstart
 .text.z_setup_new_thread
                0x000000000000428c       0x64 zephyr/kernel/libkernel.a(thread.c.obj)
                0x000000000000428c                z_setup_new_thread
 .text.z_impl_k_thread_create
                0x00000000000042f0       0x58 zephyr/kernel/libkernel.a(thread.c.obj)
                0x00000000000042f0                z_impl_k_thread_create
 .text.z_init_static_threads
                0x0000000000004348       0xb8 zephyr/kernel/libkernel.a(thread.c.obj)
                0x0000000000004348                z_init_static_threads
 .text.idle     0x0000000000004400       0x38 zephyr/kernel/libkernel.a(idle.c.obj)
                0x0000000000004400                idle
 .text.z_impl_k_mutex_lock
                0x0000000000004438       0xf4 zephyr/kernel/libkernel.a(mutex.c.obj)
                0x0000000000004438                z_impl_k_mutex_lock
 .text.z_impl_k_mutex_unlock
                0x000000000000452c       0x78 zephyr/kernel/libkernel.a(mutex.c.obj)
                0x000000000000452c                z_impl_k_mutex_unlock
 .text.z_impl_k_sem_give
                0x00000000000045a4       0x40 zephyr/kernel/libkernel.a(sem.c.obj)
                0x00000000000045a4                z_impl_k_sem_give
 .text.z_impl_k_sem_take
                0x00000000000045e4       0x50 zephyr/kernel/libkernel.a(sem.c.obj)
                0x00000000000045e4                z_impl_k_sem_take
 .text.z_reset_time_slice
                0x0000000000004634       0x28 zephyr/kernel/libkernel.a(sched.c.obj)
                0x0000000000004634                z_reset_time_slice
 .text.update_cache
                0x000000000000465c       0x3c zephyr/kernel/libkernel.a(sched.c.obj)
 .text.move_thread_to_end_of_prio_q
                0x0000000000004698       0x74 zephyr/kernel/libkernel.a(sched.c.obj)
 .text.ready_thread
                0x000000000000470c       0x68 zephyr/kernel/libkernel.a(sched.c.obj)
 .text.unready_thread
                0x0000000000004774       0x30 zephyr/kernel/libkernel.a(sched.c.obj)
 .text.pend_locked
                0x00000000000047a4       0x30 zephyr/kernel/libkernel.a(sched.c.obj)
 .text.k_sched_time_slice_set
                0x00000000000047d4       0x64 zephyr/kernel/libkernel.a(sched.c.obj)
                0x00000000000047d4                k_sched_time_slice_set
 .text.z_time_slice
                0x0000000000004838       0x84 zephyr/kernel/libkernel.a(sched.c.obj)
                0x0000000000004838                z_time_slice
 .text.z_pend_curr
                0x00000000000048bc       0x3c zephyr/kernel/libkernel.a(sched.c.obj)
                0x00000000000048bc                z_pend_curr
 .text.z_set_prio
                0x00000000000048f8       0x8c zephyr/kernel/libkernel.a(sched.c.obj)
                0x00000000000048f8                z_set_prio
 .text.z_reschedule
                0x0000000000004984       0x24 zephyr/kernel/libkernel.a(sched.c.obj)
                0x0000000000004984                z_reschedule
 .text.z_sched_start
                0x00000000000049a8       0x3c zephyr/kernel/libkernel.a(sched.c.obj)
                0x00000000000049a8                z_sched_start
 .text.z_impl_k_thread_suspend
                0x00000000000049e4       0x64 zephyr/kernel/libkernel.a(sched.c.obj)
                0x00000000000049e4                z_impl_k_thread_suspend
 .text.k_sched_lock
                0x0000000000004a48       0x28 zephyr/kernel/libkernel.a(sched.c.obj)
                0x0000000000004a48                k_sched_lock
 .text.k_sched_unlock
                0x0000000000004a70       0x38 zephyr/kernel/libkernel.a(sched.c.obj)
                0x0000000000004a70                k_sched_unlock
 .text.z_sched_init
                0x0000000000004aa8       0x18 zephyr/kernel/libkernel.a(sched.c.obj)
                0x0000000000004aa8                z_sched_init
 .text.z_impl_k_yield
                0x0000000000004ac0       0x7c zephyr/kernel/libkernel.a(sched.c.obj)
                0x0000000000004ac0                z_impl_k_yield
 .text.z_tick_sleep
                0x0000000000004b3c       0x88 zephyr/kernel/libkernel.a(sched.c.obj)
 .text.z_impl_k_sleep
                0x0000000000004bc4       0x34 zephyr/kernel/libkernel.a(sched.c.obj)
                0x0000000000004bc4                z_impl_k_sleep
 .text.z_impl_z_current_get
                0x0000000000004bf8        0xc zephyr/kernel/libkernel.a(sched.c.obj)
                0x0000000000004bf8                z_impl_z_current_get
 .text.z_thread_abort
                0x0000000000004c04       0xc0 zephyr/kernel/libkernel.a(sched.c.obj)
                0x0000000000004c04                z_thread_abort
 .text.z_data_copy
                0x0000000000004cc4       0x34 zephyr/kernel/libkernel.a(xip.c.obj)
                0x0000000000004cc4                z_data_copy
 .text.elapsed  0x0000000000004cf8       0x14 zephyr/kernel/libkernel.a(timeout.c.obj)
 .text.next_timeout
                0x0000000000004d0c       0x50 zephyr/kernel/libkernel.a(timeout.c.obj)
 .text.remove_timeout
                0x0000000000004d5c       0x38 zephyr/kernel/libkernel.a(timeout.c.obj)
 .text.z_add_timeout
                0x0000000000004d94       0xfc zephyr/kernel/libkernel.a(timeout.c.obj)
                0x0000000000004d94                z_add_timeout
 .text.sys_clock_announce
                0x0000000000004e90       0xb4 zephyr/kernel/libkernel.a(timeout.c.obj)
                0x0000000000004e90                sys_clock_announce
 .text.sys_clock_tick_get
                0x0000000000004f44       0x34 zephyr/kernel/libkernel.a(timeout.c.obj)
                0x0000000000004f44                sys_clock_tick_get
 .text.z_timer_expiration_handler
                0x0000000000004f78       0xd4 zephyr/kernel/libkernel.a(timer.c.obj)
                0x0000000000004f78                z_timer_expiration_handler
 .text.z_impl_k_timer_start
                0x000000000000504c       0x98 zephyr/kernel/libkernel.a(timer.c.obj)
                0x000000000000504c                z_impl_k_timer_start
 .text.boot_banner
                0x00000000000050e4        0xc zephyr/kernel/libkernel.a(banner.c.obj)
                0x00000000000050e4                boot_banner
 .text.cbpprintf_external
                0x00000000000050f0       0x62 zephyr/libzephyr.a(cbprintf_packaged.c.obj)
                0x00000000000050f0                cbpprintf_external
 .text.is_ptr   0x0000000000005152       0x4a zephyr/libzephyr.a(cbprintf_packaged.c.obj)
                0x0000000000005152                is_ptr
 .text.arch_printk_char_out
                0x000000000000519c        0x4 zephyr/libzephyr.a(printk.c.obj)
                0x000000000000519c                arch_printk_char_out
 .text.str_out  0x00000000000051a0       0x26 zephyr/libzephyr.a(printk.c.obj)
 .text.printk   0x00000000000051c6       0x1a zephyr/libzephyr.a(printk.c.obj)
                0x00000000000051c6                printk
 .text.snprintk
                0x00000000000051e0       0x1a zephyr/libzephyr.a(printk.c.obj)
                0x00000000000051e0                snprintk
 .text.z_thread_entry
                0x00000000000051fa       0x14 zephyr/libzephyr.a(thread_entry.c.obj)
                0x00000000000051fa                z_thread_entry
 .text.process_recheck
                0x000000000000520e       0x38 zephyr/libzephyr.a(onoff.c.obj)
 .text.validate_args
                0x0000000000005246       0x20 zephyr/libzephyr.a(onoff.c.obj)
 .text.notify_one
                0x0000000000005266       0x2c zephyr/libzephyr.a(onoff.c.obj)
 .text.transition_complete
                0x0000000000005292       0x1c zephyr/libzephyr.a(onoff.c.obj)
 .text.onoff_manager_init
                0x00000000000052ae       0x26 zephyr/libzephyr.a(onoff.c.obj)
                0x00000000000052ae                onoff_manager_init
 .text.onoff_request
                0x00000000000052d4       0xb0 zephyr/libzephyr.a(onoff.c.obj)
                0x00000000000052d4                onoff_request
 .text.onoff_release
                0x0000000000005384       0x4a zephyr/libzephyr.a(onoff.c.obj)
                0x0000000000005384                onoff_release
 .text.sys_notify_validate
                0x00000000000053ce       0x22 zephyr/libzephyr.a(notify.c.obj)
                0x00000000000053ce                sys_notify_validate
 .text.sys_notify_finalize
                0x00000000000053f0       0x1a zephyr/libzephyr.a(notify.c.obj)
                0x00000000000053f0                sys_notify_finalize
 .text.encode_uint
                0x000000000000540a       0x8c zephyr/libzephyr.a(cbprintf_complete.c.obj)
 .text.outs     0x0000000000005496       0x2e zephyr/libzephyr.a(cbprintf_complete.c.obj)
 .text.free_space
                0x00000000000054c4       0x22 zephyr/libzephyr.a(mpsc_pbuf.c.obj)
 .text.get_usage
                0x00000000000054e6       0x22 zephyr/libzephyr.a(mpsc_pbuf.c.obj)
 .text.idx_inc  0x0000000000005508       0x1c zephyr/libzephyr.a(mpsc_pbuf.c.obj)
 .text.add_skip_item
                0x0000000000005524       0x2c zephyr/libzephyr.a(mpsc_pbuf.c.obj)
 .text.max_utilization_update
                0x0000000000005550       0x1a zephyr/libzephyr.a(mpsc_pbuf.c.obj)
 .text.drop_item_locked
                0x000000000000556a       0xb4 zephyr/libzephyr.a(mpsc_pbuf.c.obj)
 .text.mpsc_pbuf_init
                0x000000000000561e       0x42 zephyr/libzephyr.a(mpsc_pbuf.c.obj)
                0x000000000000561e                mpsc_pbuf_init
 .text.mpsc_pbuf_alloc
                0x0000000000005660       0xfc zephyr/libzephyr.a(mpsc_pbuf.c.obj)
                0x0000000000005660                mpsc_pbuf_alloc
 .text.mpsc_pbuf_commit
                0x000000000000575c       0x40 zephyr/libzephyr.a(mpsc_pbuf.c.obj)
                0x000000000000575c                mpsc_pbuf_commit
 .text.mpsc_pbuf_claim
                0x000000000000579c       0xa0 zephyr/libzephyr.a(mpsc_pbuf.c.obj)
                0x000000000000579c                mpsc_pbuf_claim
 .text.mpsc_pbuf_free
                0x000000000000583c       0x68 zephyr/libzephyr.a(mpsc_pbuf.c.obj)
                0x000000000000583c                mpsc_pbuf_free
 .text.mpsc_pbuf_is_pending
                0x00000000000058a4       0x14 zephyr/libzephyr.a(mpsc_pbuf.c.obj)
                0x00000000000058a4                mpsc_pbuf_is_pending
 .text._ConfigAbsSyms
                0x00000000000058b8        0x2 zephyr/libzephyr.a(configs.c.obj)
                0x00000000000058b8                _ConfigAbsSyms
 .text.log_msg_generic_get_wlen
                0x00000000000058ba       0x22 zephyr/libzephyr.a(log_core.c.obj)
 .text.dummy_timestamp
                0x00000000000058dc        0x4 zephyr/libzephyr.a(log_core.c.obj)
 .text.default_get_timestamp
                0x00000000000058e0        0x4 zephyr/libzephyr.a(log_core.c.obj)
 .text.atomic_inc
                0x00000000000058e4       0x1a zephyr/libzephyr.a(log_core.c.obj)
 .text.z_log_vprintk
                0x00000000000058fe       0x1c zephyr/libzephyr.a(log_core.c.obj)
                0x00000000000058fe                z_log_vprintk
 .text.z_log_notify_drop
                0x000000000000591a        0x6 zephyr/libzephyr.a(log_core.c.obj)
 .text.z_log_get_tag
                0x0000000000005920        0x4 zephyr/libzephyr.a(log_core.c.obj)
                0x0000000000005920                z_log_get_tag
 .text.z_cbprintf_cpy
                0x0000000000005924       0x2c zephyr/libzephyr.a(log_msg.c.obj)
 .text.z_log_msg_finalize
                0x0000000000005950       0x34 zephyr/libzephyr.a(log_msg.c.obj)
                0x0000000000005950                z_log_msg_finalize
 .text.buffer_write
                0x0000000000005984       0x1a zephyr/libzephyr.a(log_output.c.obj)
 .text.cbvprintf
                0x000000000000599e        0xe zephyr/libzephyr.a(log_output.c.obj)
 .text.log_output_flush
                0x00000000000059ac       0x1a zephyr/libzephyr.a(log_output.c.obj)
                0x00000000000059ac                log_output_flush
 .text.out_func
                0x00000000000059c6       0x36 zephyr/libzephyr.a(log_output.c.obj)
 .text.cr_out_func
                0x00000000000059fc       0x1c zephyr/libzephyr.a(log_output.c.obj)
 .text.z_do_kernel_oops
                0x0000000000005a18        0x8 zephyr/arch/arch/arm/core/aarch32/libarch__arm__core__aarch32.a(fatal.c.obj)
                0x0000000000005a18                z_do_kernel_oops
 .text.z_irq_spurious
                0x0000000000005a20        0x8 zephyr/arch/arch/arm/core/aarch32/libarch__arm__core__aarch32.a(irq_manage.c.obj)
                0x0000000000005a20                z_irq_spurious
 .text.z_arm_nmi
                0x0000000000005a28        0xe zephyr/arch/arch/arm/core/aarch32/libarch__arm__core__aarch32.a(nmi.c.obj)
                0x0000000000005a28                z_arm_nmi
 .text.z_log_msg_static_create.constprop.0
                0x0000000000005a36        0x6 zephyr/arch/arch/arm/core/aarch32/cortex_m/libarch__arm__core__aarch32__cortex_m.a(fault.c.obj)
 .text.strcpy   0x0000000000005a3c       0x14 zephyr/lib/libc/minimal/liblib__libc__minimal.a(string.c.obj)
                0x0000000000005a3c                strcpy
 .text.strlen   0x0000000000005a50        0xe zephyr/lib/libc/minimal/liblib__libc__minimal.a(string.c.obj)
                0x0000000000005a50                strlen
 .text.strnlen  0x0000000000005a5e       0x12 zephyr/lib/libc/minimal/liblib__libc__minimal.a(string.c.obj)
                0x0000000000005a5e                strnlen
 .text.memcpy   0x0000000000005a70       0x16 zephyr/lib/libc/minimal/liblib__libc__minimal.a(string.c.obj)
                0x0000000000005a70                memcpy
 .text.memset   0x0000000000005a86       0x12 zephyr/lib/libc/minimal/liblib__libc__minimal.a(string.c.obj)
                0x0000000000005a86                memset
 .text._stdout_hook_default
                0x0000000000005a98        0x6 zephyr/lib/libc/minimal/liblib__libc__minimal.a(stdout_console.c.obj)
 .text.pm_state_set
                0x0000000000005a9e       0x18 zephyr/soc/arm/nordic_nrf/nrf52/libsoc__arm__nordic_nrf__nrf52.a(power.c.obj)
                0x0000000000005a9e                pm_state_set
 .text.pm_state_exit_post_ops
                0x0000000000005ab6        0xc zephyr/soc/arm/nordic_nrf/nrf52/libsoc__arm__nordic_nrf__nrf52.a(power.c.obj)
                0x0000000000005ab6                pm_state_exit_post_ops
 .text.get_status
                0x0000000000005ac2       0x12 zephyr/drivers/clock_control/libdrivers__clock_control.a(clock_control_nrf.c.obj)
 .text.set_on_state
                0x0000000000005ad4       0x26 zephyr/drivers/clock_control/libdrivers__clock_control.a(clock_control_nrf.c.obj)
 .text.stop     0x0000000000005afa       0x52 zephyr/drivers/clock_control/libdrivers__clock_control.a(clock_control_nrf.c.obj)
 .text.api_stop
                0x0000000000005b4c        0x6 zephyr/drivers/clock_control/libdrivers__clock_control.a(clock_control_nrf.c.obj)
 .text.async_start
                0x0000000000005b52       0x5c zephyr/drivers/clock_control/libdrivers__clock_control.a(clock_control_nrf.c.obj)
 .text.api_start
                0x0000000000005bae        0xe zephyr/drivers/clock_control/libdrivers__clock_control.a(clock_control_nrf.c.obj)
 .text.onoff_started_callback
                0x0000000000005bbc       0x12 zephyr/drivers/clock_control/libdrivers__clock_control.a(clock_control_nrf.c.obj)
 .text.lfclk_stop
                0x0000000000005bce        0x6 zephyr/drivers/clock_control/libdrivers__clock_control.a(clock_control_nrf.c.obj)
 .text.blocking_start_callback
                0x0000000000005bd4        0x6 zephyr/drivers/clock_control/libdrivers__clock_control.a(clock_control_nrf.c.obj)
 .text.sys_clock_idle_exit
                0x0000000000005bda        0x2 zephyr/drivers/timer/libdrivers__timer.a(sys_clock_init.c.obj)
                0x0000000000005bda                sys_clock_idle_exit
 .text.sys_clock_cycle_get_32
                0x0000000000005bdc        0x8 zephyr/drivers/timer/libdrivers__timer.a(nrf_rtc_timer.c.obj)
                0x0000000000005bdc                sys_clock_cycle_get_32
 .text.nrf52_errata_12
                0x0000000000005be4       0x1c modules/hal_nordic/nrfx/libmodules__hal_nordic__nrfx.a(system_nrf52.c.obj)
 .text.nrfx_isr
                0x0000000000005c00        0x2 modules/hal_nordic/nrfx/libmodules__hal_nordic__nrfx.a(nrfx_glue.c.obj)
                0x0000000000005c00                nrfx_isr
 .text.nrfx_busy_wait
                0x0000000000005c02        0x4 modules/hal_nordic/nrfx/libmodules__hal_nordic__nrfx.a(nrfx_glue.c.obj)
                0x0000000000005c02                nrfx_busy_wait
 .text.nrfx_clock_enable
                0x0000000000005c06       0x14 modules/hal_nordic/nrfx/libmodules__hal_nordic__nrfx.a(nrfx_clock.c.obj)
                0x0000000000005c06                nrfx_clock_enable
 .text._GetAvailWriteSpace
                0x0000000000005c1a       0x12 modules/segger/libmodules__segger.a(SEGGER_RTT.c.obj)
 .text._WriteNoCheck
                0x0000000000005c2c       0x36 modules/segger/libmodules__segger.a(SEGGER_RTT.c.obj)
 .text._WriteBlocking
                0x0000000000005c62       0x54 modules/segger/libmodules__segger.a(SEGGER_RTT.c.obj)
 .text.SEGGER_RTT_Init
                0x0000000000005cb6        0x4 modules/segger/libmodules__segger.a(SEGGER_RTT.c.obj)
                0x0000000000005cb6                SEGGER_RTT_Init
 .text.rtt_init
                0x0000000000005cba        0xa modules/segger/libmodules__segger.a(SEGGER_RTT_zephyr.c.obj)
 .text.z_early_memset
                0x0000000000005cc4        0x4 zephyr/kernel/libkernel.a(init.c.obj)
                0x0000000000005cc4                z_early_memset
 .text.z_early_memcpy
                0x0000000000005cc8        0x4 zephyr/kernel/libkernel.a(init.c.obj)
                0x0000000000005cc8                z_early_memcpy
 .text.k_is_in_isr
                0x0000000000005ccc        0xc zephyr/kernel/libkernel.a(thread.c.obj)
                0x0000000000005ccc                k_is_in_isr
 .text.z_impl_k_thread_name_set
                0x0000000000005cd8        0x6 zephyr/kernel/libkernel.a(thread.c.obj)
                0x0000000000005cd8                z_impl_k_thread_name_set
 .text.k_thread_name_get
                0x0000000000005cde        0x4 zephyr/kernel/libkernel.a(thread.c.obj)
                0x0000000000005cde                k_thread_name_get
 .text.z_pm_save_idle_exit
                0x0000000000005ce2        0xe zephyr/kernel/libkernel.a(idle.c.obj)
                0x0000000000005ce2                z_pm_save_idle_exit
 .text.adjust_owner_prio.isra.0
                0x0000000000005cf0       0x10 zephyr/kernel/libkernel.a(mutex.c.obj)
 .text.z_impl_k_mutex_init
                0x0000000000005d00        0xe zephyr/kernel/libkernel.a(mutex.c.obj)
                0x0000000000005d00                z_impl_k_mutex_init
 .text.z_impl_k_sem_init
                0x0000000000005d0e       0x18 zephyr/kernel/libkernel.a(sem.c.obj)
                0x0000000000005d0e                z_impl_k_sem_init
 .text.sys_dlist_remove
                0x0000000000005d26       0x10 zephyr/kernel/libkernel.a(sched.c.obj)
 .text.unpend_thread_no_timeout
                0x0000000000005d36       0x14 zephyr/kernel/libkernel.a(sched.c.obj)
 .text.z_thread_timeout
                0x0000000000005d4a       0x44 zephyr/kernel/libkernel.a(sched.c.obj)
                0x0000000000005d4a                z_thread_timeout
 .text.add_to_waitq_locked
                0x0000000000005d8e       0x50 zephyr/kernel/libkernel.a(sched.c.obj)
 .text.z_ready_thread
                0x0000000000005dde       0x20 zephyr/kernel/libkernel.a(sched.c.obj)
                0x0000000000005dde                z_ready_thread
 .text.z_unpend_thread_no_timeout
                0x0000000000005dfe       0x20 zephyr/kernel/libkernel.a(sched.c.obj)
                0x0000000000005dfe                z_unpend_thread_no_timeout
 .text.z_unpend1_no_timeout
                0x0000000000005e1e       0x2e zephyr/kernel/libkernel.a(sched.c.obj)
                0x0000000000005e1e                z_unpend1_no_timeout
 .text.z_unpend_first_thread
                0x0000000000005e4c       0x38 zephyr/kernel/libkernel.a(sched.c.obj)
                0x0000000000005e4c                z_unpend_first_thread
 .text.z_reschedule_irqlock
                0x0000000000005e84       0x18 zephyr/kernel/libkernel.a(sched.c.obj)
                0x0000000000005e84                z_reschedule_irqlock
 .text.z_reschedule_unlocked
                0x0000000000005e9c       0x14 zephyr/kernel/libkernel.a(sched.c.obj)
 .text.z_abort_timeout
                0x0000000000005eb0       0x2c zephyr/kernel/libkernel.a(timeout.c.obj)
                0x0000000000005eb0                z_abort_timeout
 .text.z_get_next_timeout_expiry
                0x0000000000005edc       0x20 zephyr/kernel/libkernel.a(timeout.c.obj)
                0x0000000000005edc                z_get_next_timeout_expiry
 .text.z_set_timeout_expiry
                0x0000000000005efc       0x38 zephyr/kernel/libkernel.a(timeout.c.obj)
                0x0000000000005efc                z_set_timeout_expiry
 .text.sys_clock_tick_get_32
                0x0000000000005f34        0x8 zephyr/kernel/libkernel.a(timeout.c.obj)
                0x0000000000005f34                sys_clock_tick_get_32
 .text.z_impl_k_uptime_ticks
                0x0000000000005f3c        0x4 zephyr/kernel/libkernel.a(timeout.c.obj)
                0x0000000000005f3c                z_impl_k_uptime_ticks
 .text.z_impl_k_busy_wait
                0x0000000000005f40        0x8 zephyr/kernel/libkernel.a(timeout.c.obj)
                0x0000000000005f40                z_impl_k_busy_wait
 .text.k_timer_init
                0x0000000000005f48       0x18 zephyr/kernel/libkernel.a(timer.c.obj)
                0x0000000000005f48                k_timer_init
 .text.z_impl_k_timer_stop
                0x0000000000005f60       0x3a zephyr/kernel/libkernel.a(timer.c.obj)
                0x0000000000005f60                z_impl_k_timer_stop
 .text.z_device_state_init
                0x0000000000005f9a        0x2 zephyr/kernel/libkernel.a(device.c.obj)
                0x0000000000005f9a                z_device_state_init
 .text._OffsetAbsSyms
                0x0000000000005f9c        0x2 zephyr/CMakeFiles/offsets.dir/./arch/arm/core/offsets/offsets.c.obj
                0x0000000000005f9c                _OffsetAbsSyms
 *(SORT_BY_ALIGNMENT(.TEXT.*))
 *(SORT_BY_ALIGNMENT(.gnu.linkonce.t.*))
 *(SORT_BY_ALIGNMENT(.glue_7t))
 .glue_7t       0x0000000000005f9e        0x0 linker stubs
 *(SORT_BY_ALIGNMENT(.glue_7))
 .glue_7        0x0000000000005f9e        0x0 linker stubs
 *(SORT_BY_ALIGNMENT(.vfp11_veneer))
 .vfp11_veneer  0x0000000000005f9e        0x0 linker stubs
 *(SORT_BY_ALIGNMENT(.v4_bx))
 .v4_bx         0x0000000000005f9e        0x0 linker stubs
                0x0000000000005fa0                . = ALIGN (0x4)
 *fill*         0x0000000000005f9e        0x2 
                0x0000000000005fa0                __text_region_end = .

.ARM.exidx      0x0000000000005fa0        0x8
                0x0000000000005fa0                __exidx_start = .
 *(SORT_BY_ALIGNMENT(.ARM.exidx*) SORT_BY_ALIGNMENT(gnu.linkonce.armexidx.*))
 .ARM.exidx     0x0000000000005fa0        0x8 /home/ziv/ncs/toolchains/v2.2.0/opt/zephyr-sdk/arm-zephyr-eabi/bin/../lib/gcc/arm-zephyr-eabi/12.1.0/thumb/v7e-m/nofp/libgcc.a(_udivmoddi4.o)
                0x0000000000005fa8                __exidx_end = .
                0x0000000000005fa8                __rodata_region_start = .

initlevel       0x0000000000005fa8       0x48
                0x0000000000005fa8                __init_start = .
                0x0000000000005fa8                __init_EARLY_start = .
 *(SORT_BY_NAME(SORT_BY_ALIGNMENT(.z_init_EARLY[0-9]_*)))
 *(SORT_BY_NAME(SORT_BY_ALIGNMENT(.z_init_EARLY[1-9][0-9]_*)))
                0x0000000000005fa8                __init_PRE_KERNEL_1_start = .
 *(SORT_BY_NAME(SORT_BY_ALIGNMENT(.z_init_PRE_KERNEL_1[0-9]_*)))
 .z_init_PRE_KERNEL_10_
                0x0000000000005fa8        0x8 zephyr/soc/arm/nordic_nrf/nrf52/libsoc__arm__nordic_nrf__nrf52.a(soc.c.obj)
 *(SORT_BY_NAME(SORT_BY_ALIGNMENT(.z_init_PRE_KERNEL_1[1-9][0-9]_*)))
 .z_init_PRE_KERNEL_130_
                0x0000000000005fb0        0x8 zephyr/drivers/clock_control/libdrivers__clock_control.a(clock_control_nrf.c.obj)
 .z_init_PRE_KERNEL_130_
                0x0000000000005fb8        0x8 modules/segger/libmodules__segger.a(SEGGER_RTT_zephyr.c.obj)
 .z_init_PRE_KERNEL_140_
                0x0000000000005fc0        0x8 zephyr/drivers/console/libdrivers__console.a(rtt_console.c.obj)
                0x0000000000005fc8                __init_PRE_KERNEL_2_start = .
 *(SORT_BY_NAME(SORT_BY_ALIGNMENT(.z_init_PRE_KERNEL_2[0-9]_*)))
 .z_init_PRE_KERNEL_20_
                0x0000000000005fc8        0x8 zephyr/drivers/timer/libdrivers__timer.a(nrf_rtc_timer.c.obj)
 *(SORT_BY_NAME(SORT_BY_ALIGNMENT(.z_init_PRE_KERNEL_2[1-9][0-9]_*)))
                0x0000000000005fd0                __init_POST_KERNEL_start = .
 *(SORT_BY_NAME(SORT_BY_ALIGNMENT(.z_init_POST_KERNEL[0-9]_*)))
 .z_init_POST_KERNEL0_
                0x0000000000005fd0        0x8 zephyr/libzephyr.a(log_core.c.obj)
 *(SORT_BY_NAME(SORT_BY_ALIGNMENT(.z_init_POST_KERNEL[1-9][0-9]_*)))
 .z_init_POST_KERNEL90_
                0x0000000000005fd8        0x8 zephyr/drivers/sensor/nrf5/libdrivers__sensor__nrf5.a(temp_nrf5.c.obj)
                0x0000000000005fe0                __init_APPLICATION_start = .
 *(SORT_BY_NAME(SORT_BY_ALIGNMENT(.z_init_APPLICATION[0-9]_*)))
 *(SORT_BY_NAME(SORT_BY_ALIGNMENT(.z_init_APPLICATION[1-9][0-9]_*)))
 .z_init_APPLICATION90_
                0x0000000000005fe0        0x8 modules/sen2/lib..__..__my_generic_bist__drivers__sensor__sen2__zephyr.a(sen2.c.obj)
 .z_init_APPLICATION90_
                0x0000000000005fe8        0x8 modules/sen3/lib..__..__my_generic_bist__drivers__sensor__sen3__zephyr.a(sen3.c.obj)
                0x0000000000005ff0                __init_SMP_start = .
 *(SORT_BY_NAME(SORT_BY_ALIGNMENT(.z_init_SMP[0-9]_*)))
 *(SORT_BY_NAME(SORT_BY_ALIGNMENT(.z_init_SMP[1-9][0-9]_*)))
                0x0000000000005ff0                __init_end = .

devices         0x0000000000005ff0       0x60
                0x0000000000005ff0                __device_start = .
                0x0000000000005ff0                __device_EARLY_start = .
 *(SORT_BY_NAME(SORT_BY_ALIGNMENT(.z_device_EARLY[0-9]_*)))
 *(SORT_BY_NAME(SORT_BY_ALIGNMENT(.z_device_EARLY[1-9][0-9]_*)))
                0x0000000000005ff0                __device_PRE_KERNEL_1_start = .
 *(SORT_BY_NAME(SORT_BY_ALIGNMENT(.z_device_PRE_KERNEL_1[0-9]_*)))
 *(SORT_BY_NAME(SORT_BY_ALIGNMENT(.z_device_PRE_KERNEL_1[1-9][0-9]_*)))
 .z_device_PRE_KERNEL_130_
                0x0000000000005ff0       0x18 zephyr/drivers/clock_control/libdrivers__clock_control.a(clock_control_nrf.c.obj)
                0x0000000000005ff0                __device_dts_ord_15
                0x0000000000006008                __device_PRE_KERNEL_2_start = .
 *(SORT_BY_NAME(SORT_BY_ALIGNMENT(.z_device_PRE_KERNEL_2[0-9]_*)))
 *(SORT_BY_NAME(SORT_BY_ALIGNMENT(.z_device_PRE_KERNEL_2[1-9][0-9]_*)))
                0x0000000000006008                __device_POST_KERNEL_start = .
 *(SORT_BY_NAME(SORT_BY_ALIGNMENT(.z_device_POST_KERNEL[0-9]_*)))
 *(SORT_BY_NAME(SORT_BY_ALIGNMENT(.z_device_POST_KERNEL[1-9][0-9]_*)))
 .z_device_POST_KERNEL90_
                0x0000000000006008       0x18 zephyr/drivers/sensor/nrf5/libdrivers__sensor__nrf5.a(temp_nrf5.c.obj)
                0x0000000000006008                __device_dts_ord_46
                0x0000000000006020                __device_APPLICATION_start = .
 *(SORT_BY_NAME(SORT_BY_ALIGNMENT(.z_device_APPLICATION[0-9]_*)))
 *(SORT_BY_NAME(SORT_BY_ALIGNMENT(.z_device_APPLICATION[1-9][0-9]_*)))
 .z_device_APPLICATION90_
                0x0000000000006020       0x18 modules/sen2/lib..__..__my_generic_bist__drivers__sensor__sen2__zephyr.a(sen2.c.obj)
                0x0000000000006020                __device_dts_ord_64
 .z_device_APPLICATION90_
                0x0000000000006038       0x18 modules/sen3/lib..__..__my_generic_bist__drivers__sensor__sen3__zephyr.a(sen3.c.obj)
                0x0000000000006038                __device_dts_ord_66
                0x0000000000006050                __device_SMP_start = .
 *(SORT_BY_NAME(SORT_BY_ALIGNMENT(.z_device_SMP[0-9]_*)))
 *(SORT_BY_NAME(SORT_BY_ALIGNMENT(.z_device_SMP[1-9][0-9]_*)))
                0x0000000000006050                __device_end = .

sw_isr_table    0x0000000000006050      0x138
                0x0000000000006050                . = ALIGN (0x4)
 *(SORT_BY_ALIGNMENT(.gnu.linkonce.sw_isr_table*))
 .gnu.linkonce.sw_isr_table
                0x0000000000006050      0x138 zephyr/arch/common/libisr_tables.a(isr_tables.c.obj)
                0x0000000000006050                _sw_isr_table

initlevel_error
                0x0000000000005fa8        0x0
 *(SORT_BY_NAME(SORT_BY_ALIGNMENT(.z_init_[_A-Z0-9]*)))
                0x0000000000000001                ASSERT ((SIZEOF (initlevel_error) == 0x0), Undefined initialization levels used.)

app_shmem_regions
                0x0000000000006188        0x0
                0x0000000000006188                __app_shmem_regions_start = .
 *(SORT_BY_NAME(SORT_BY_ALIGNMENT(.app_regions.*)))
                0x0000000000006188                __app_shmem_regions_end = .

k_p4wq_initparam_area
                0x0000000000006188        0x0
                0x0000000000006188                _k_p4wq_initparam_list_start = .
 *(SORT_BY_NAME(SORT_BY_ALIGNMENT(._k_p4wq_initparam.static.*)))
                0x0000000000006188                _k_p4wq_initparam_list_end = .

_static_thread_data_area
                0x0000000000006188        0x0
                0x0000000000006188                __static_thread_data_list_start = .
 *(SORT_BY_NAME(SORT_BY_ALIGNMENT(.__static_thread_data.static.*)))
                0x0000000000006188                __static_thread_data_list_end = .

device_handles  0x0000000000006188       0x18
                0x0000000000006188                __device_handles_start = .
 *(SORT_BY_NAME(SORT_BY_ALIGNMENT(.__device_handles_pass2*)))
 .__device_handles_pass2
                0x0000000000006188       0x18 zephyr/CMakeFiles/zephyr_pre1.dir/dev_handles.c.obj
                0x0000000000006188                __devicehdl_dts_ord_66
                0x000000000000618e                __devicehdl_dts_ord_64
                0x0000000000006194                __devicehdl_dts_ord_46
                0x000000000000619a                __devicehdl_dts_ord_15
                0x00000000000061a0                __device_handles_end = .

ztest           0x00000000000061a0        0x0
                0x00000000000061a0                _ztest_expected_result_entry_list_start = .
 *(SORT_BY_NAME(SORT_BY_ALIGNMENT(._ztest_expected_result_entry.static.*)))
                0x00000000000061a0                _ztest_expected_result_entry_list_end = .
                0x00000000000061a0                _ztest_suite_node_list_start = .
 *(SORT_BY_NAME(SORT_BY_ALIGNMENT(._ztest_suite_node.static.*)))
                0x00000000000061a0                _ztest_suite_node_list_end = .
                0x00000000000061a0                _ztest_unit_test_list_start = .
 *(SORT_BY_NAME(SORT_BY_ALIGNMENT(._ztest_unit_test.static.*)))
                0x00000000000061a0                _ztest_unit_test_list_end = .
                0x00000000000061a0                _ztest_test_rule_list_start = .
 *(SORT_BY_NAME(SORT_BY_ALIGNMENT(._ztest_test_rule.static.*)))
                0x00000000000061a0                _ztest_test_rule_list_end = .

bt_l2cap_fixed_chan_area
                0x00000000000061a0        0x0
                0x00000000000061a0                _bt_l2cap_fixed_chan_list_start = .
 *(SORT_BY_NAME(SORT_BY_ALIGNMENT(._bt_l2cap_fixed_chan.static.*)))
                0x00000000000061a0                _bt_l2cap_fixed_chan_list_end = .

bt_gatt_service_static_area
                0x00000000000061a0        0x0
                0x00000000000061a0                _bt_gatt_service_static_list_start = .
 *(SORT_BY_NAME(SORT_BY_ALIGNMENT(._bt_gatt_service_static.static.*)))
                0x00000000000061a0                _bt_gatt_service_static_list_end = .

log_strings_sections
                0x00000000000061a0        0x0
                0x00000000000061a0                __log_strings_start = .
 *(SORT_BY_NAME(SORT_BY_ALIGNMENT(.log_strings*)))
                0x00000000000061a0                __log_strings_end = .

log_const_sections
                0x00000000000061a0       0x60
                0x00000000000061a0                __log_const_start = .
 *(SORT_BY_NAME(SORT_BY_ALIGNMENT(.log_const_*)))
 .log_const_SEN2
                0x00000000000061a0        0x8 modules/sen2/lib..__..__my_generic_bist__drivers__sensor__sen2__zephyr.a(sen2.c.obj)
                0x00000000000061a0                log_const_SEN2
 .log_const_SEN3
                0x00000000000061a8        0x8 modules/sen3/lib..__..__my_generic_bist__drivers__sensor__sen3__zephyr.a(sen3.c.obj)
                0x00000000000061a8                log_const_SEN3
 .log_const_cbprintf_package
                0x00000000000061b0        0x8 zephyr/libzephyr.a(cbprintf_packaged.c.obj)
                0x00000000000061b0                log_const_cbprintf_package
 .log_const_clock_control
                0x00000000000061b8        0x8 zephyr/drivers/clock_control/libdrivers__clock_control.a(clock_control_nrf.c.obj)
                0x00000000000061b8                log_const_clock_control
 .log_const_fatal_error
                0x00000000000061c0        0x8 modules/nrf/lib/fatal_error/lib..__nrf__lib__fatal_error.a(fatal_error.c.obj)
                0x00000000000061c0                log_const_fatal_error
 .log_const_log
                0x00000000000061c8        0x8 zephyr/libzephyr.a(log_core.c.obj)
                0x00000000000061c8                log_const_log
 .log_const_log_mgmt
                0x00000000000061d0        0x8 zephyr/libzephyr.a(log_mgmt.c.obj)
                0x00000000000061d0                log_const_log_mgmt
 .log_const_mpu
                0x00000000000061d8        0x8 zephyr/arch/arch/arm/core/aarch32/mpu/libarch__arm__core__aarch32__mpu.a(arm_core_mpu.c.obj)
                0x00000000000061d8                log_const_mpu
 .log_const_os  0x00000000000061e0        0x8 zephyr/kernel/libkernel.a(init.c.obj)
                0x00000000000061e0                log_const_os
 .log_const_pm  0x00000000000061e8        0x8 zephyr/libzephyr.a(pm.c.obj)
                0x00000000000061e8                log_const_pm
 .log_const_soc
                0x00000000000061f0        0x8 zephyr/soc/arm/nordic_nrf/nrf52/libsoc__arm__nordic_nrf__nrf52.a(soc.c.obj)
                0x00000000000061f0                log_const_soc
 .log_const_temp_nrf5
                0x00000000000061f8        0x8 zephyr/drivers/sensor/nrf5/libdrivers__sensor__nrf5.a(temp_nrf5.c.obj)
                0x00000000000061f8                log_const_temp_nrf5
                0x0000000000006200                __log_const_end = .

log_backend_area
                0x0000000000006200       0x10
                0x0000000000006200                _log_backend_list_start = .
 *(SORT_BY_NAME(SORT_BY_ALIGNMENT(._log_backend.static.*)))
 ._log_backend.static.log_backend_rtt
                0x0000000000006200       0x10 zephyr/libzephyr.a(log_backend_rtt.c.obj)
                0x0000000000006210                _log_backend_list_end = .

log_link_area   0x0000000000006210        0x0
                0x0000000000006210                _log_link_list_start = .
 *(SORT_BY_NAME(SORT_BY_ALIGNMENT(._log_link.static.*)))
                0x0000000000006210                _log_link_list_end = .

tracing_backend_area
                0x0000000000006210        0x0
                0x0000000000006210                _tracing_backend_list_start = .
 *(SORT_BY_NAME(SORT_BY_ALIGNMENT(._tracing_backend.static.*)))
                0x0000000000006210                _tracing_backend_list_end = .

zephyr_dbg_info
 *(SORT_BY_ALIGNMENT(.dbg_thread_info))

symbol_to_keep  0x0000000000006210        0x0
                0x0000000000006210                __symbol_to_keep_start = .
 *(SORT_BY_NAME(SORT_BY_ALIGNMENT(.symbol_to_keep*)))
                0x0000000000006210                __symbol_to_keep_end = .

shell_area      0x0000000000006210        0x0
                0x0000000000006210                _shell_list_start = .
 *(SORT_BY_NAME(SORT_BY_ALIGNMENT(._shell.static.*)))
                0x0000000000006210                _shell_list_end = .

shell_root_cmds_sections
                0x0000000000006210        0x0
                0x0000000000006210                __shell_root_cmds_start = .
 *(SORT_BY_NAME(SORT_BY_ALIGNMENT(.shell_root_cmd_*)))
                0x0000000000006210                __shell_root_cmds_end = .

shell_subcmds_sections
                0x0000000000006210        0x0
                0x0000000000006210                __shell_subcmds_start = .
 *(SORT_BY_NAME(SORT_BY_ALIGNMENT(.shell_subcmd_*)))
                0x0000000000006210                __shell_subcmds_end = .

shell_dynamic_subcmds_sections
                0x0000000000006210        0x0
                0x0000000000006210                __shell_dynamic_subcmds_start = .
 *(SORT_BY_NAME(SORT_BY_ALIGNMENT(.shell_dynamic_subcmd_*)))
                0x0000000000006210                __shell_dynamic_subcmds_end = .

font_entry_sections
                0x0000000000006210        0x0
                0x0000000000006210                __font_entry_start = .
 *(SORT_BY_NAME(SORT_BY_ALIGNMENT(._cfb_font.*)))
                0x0000000000006210                __font_entry_end = .

rodata          0x0000000000006210      0x9ac
 *(SORT_BY_ALIGNMENT(.rodata))
 *(SORT_BY_ALIGNMENT(.rodata.*))
 .rodata.delay_machine_code.0
                0x0000000000006210        0x6 zephyr/soc/arm/nordic_nrf/nrf52/libsoc__arm__nordic_nrf__nrf52.a(soc.c.obj)
 *fill*         0x0000000000006216        0x2 
 .rodata.mpsc_config
                0x0000000000006218       0x14 zephyr/libzephyr.a(log_core.c.obj)
 .rodata.format_table
                0x000000000000622c       0x10 zephyr/libzephyr.a(log_core.c.obj)
 .rodata.colors
                0x000000000000623c       0x14 zephyr/libzephyr.a(log_output.c.obj)
 .rodata.severity
                0x0000000000006250       0x14 zephyr/libzephyr.a(log_output.c.obj)
 .rodata.log_backend_rtt_api
                0x0000000000006264       0x1c zephyr/libzephyr.a(log_backend_rtt.c.obj)
                0x0000000000006264                log_backend_rtt_api
 .rodata.log_output_rtt
                0x0000000000006280       0x10 zephyr/libzephyr.a(log_backend_rtt.c.obj)
 .rodata.pmstates_DT_N_S_cpus_S_cpu_0
                0x0000000000006290        0x0 zephyr/libzephyr.a(state.c.obj)
 .rodata.static_regions
                0x0000000000006290        0xc zephyr/arch/arch/arm/core/aarch32/mpu/libarch__arm__core__aarch32__mpu.a(arm_core_mpu.c.obj)
 .rodata.mpu_config
                0x000000000000629c        0x8 zephyr/soc/arm/common/cortex_m/libsoc__arm__common__cortex_m.a(arm_mpu_regions.c.obj)
                0x000000000000629c                mpu_config
 .rodata.mpu_regions
                0x00000000000062a4       0x18 zephyr/soc/arm/common/cortex_m/libsoc__arm__common__cortex_m.a(arm_mpu_regions.c.obj)
 .rodata.transitions.0
                0x00000000000062bc        0xc zephyr/drivers/clock_control/libdrivers__clock_control.a(clock_control_nrf.c.obj)
 .rodata.config
                0x00000000000062c8       0x18 zephyr/drivers/clock_control/libdrivers__clock_control.a(clock_control_nrf.c.obj)
 .rodata.clock_control_api
                0x00000000000062e0       0x1c zephyr/drivers/clock_control/libdrivers__clock_control.a(clock_control_nrf.c.obj)
 .rodata.temp_nrf5_driver_api
                0x00000000000062fc       0x14 zephyr/drivers/sensor/nrf5/libdrivers__sensor__nrf5.a(temp_nrf5.c.obj)
 .rodata.sen2_driver_api
                0x0000000000006310       0x18 modules/sen2/lib..__..__my_generic_bist__drivers__sensor__sen2__zephyr.a(sen2.c.obj)
 .rodata.sen3_driver_api
                0x0000000000006328       0x18 modules/sen3/lib..__..__my_generic_bist__drivers__sensor__sen3__zephyr.a(sen3.c.obj)
 .rodata._k_neg_eagain
                0x0000000000006340        0x4 zephyr/kernel/libkernel.a(errno.c.obj)
                0x0000000000006340                _k_neg_eagain
 .rodata.CSWTCH.474
                0x0000000000006344       0x14 zephyr/kernel/libkernel.a(fatal.c.obj)
 .rodata.levels.0
                0x0000000000006358       0x18 zephyr/kernel/libkernel.a(init.c.obj)
 .rodata.main.str1.1
                0x0000000000006370       0x27 app/libapp.a(main.c.obj)
 .rodata.run_all_bists.str1.1
                0x0000000000006397       0x21 app/libapp.a(bist_manager.c.obj)
 .rodata.cbprintf_package_convert.str1.1
                0x00000000000063b8       0xa3 zephyr/libzephyr.a(cbprintf_packaged.c.obj)
 .rodata.str1.1
                0x000000000000645b       0x11 zephyr/libzephyr.a(cbprintf_packaged.c.obj)
 .rodata.z_cbvprintf_impl.str1.1
                0x000000000000646c        0x6 zephyr/libzephyr.a(cbprintf_complete.c.obj)
 .rodata.enable_logger.str1.1
                0x0000000000006472        0x8 zephyr/libzephyr.a(log_core.c.obj)
 .rodata.str1.1
                0x000000000000647a        0x4 zephyr/libzephyr.a(log_core.c.obj)
 .rodata.str1.1
                0x000000000000647e        0x9 zephyr/libzephyr.a(log_mgmt.c.obj)
 .rodata.newline_print.str1.1
                0x0000000000006487        0x3 zephyr/libzephyr.a(log_output.c.obj)
                                          0x5 (size before relaxing)
 .rodata.log_output_process.str1.1
                0x000000000000648a       0x4f zephyr/libzephyr.a(log_output.c.obj)
                                         0x51 (size before relaxing)
 .rodata.log_output_dropped_process.str1.1
                0x00000000000064d9       0x4f zephyr/libzephyr.a(log_output.c.obj)
                                          0x3 (size before relaxing)
 .rodata.postfix.0
                0x00000000000064d9       0x1c zephyr/libzephyr.a(log_output.c.obj)
 .rodata.prefix.1
                0x00000000000064f5        0xc zephyr/libzephyr.a(log_output.c.obj)
 .rodata.str1.1
                0x0000000000006501       0x20 zephyr/libzephyr.a(log_output.c.obj)
 .rodata.str1.1
                0x0000000000006521       0x10 zephyr/libzephyr.a(log_backend_rtt.c.obj)
 .rodata.str1.1
                0x0000000000006531        0x3 zephyr/libzephyr.a(pm.c.obj)
 .rodata.z_arm_fatal_error.str1.1
                0x0000000000006534       0x9b zephyr/arch/arch/arm/core/aarch32/libarch__arm__core__aarch32.a(fatal.c.obj)
 .rodata.bus_fault.constprop.0.str1.1
                0x00000000000065cf       0xca zephyr/arch/arch/arm/core/aarch32/cortex_m/libarch__arm__core__aarch32__cortex_m.a(fault.c.obj)
 .rodata.usage_fault.constprop.0.str1.1
                0x0000000000006699       0xcd zephyr/arch/arch/arm/core/aarch32/cortex_m/libarch__arm__core__aarch32__cortex_m.a(fault.c.obj)
 .rodata.mem_manage_fault.str1.1
                0x0000000000006766       0x96 zephyr/arch/arch/arm/core/aarch32/cortex_m/libarch__arm__core__aarch32__cortex_m.a(fault.c.obj)
 .rodata.z_arm_fault.str1.1
                0x00000000000067fc      0x111 zephyr/arch/arch/arm/core/aarch32/cortex_m/libarch__arm__core__aarch32__cortex_m.a(fault.c.obj)
 .rodata.str1.1
                0x000000000000690d        0x4 zephyr/arch/arch/arm/core/aarch32/mpu/libarch__arm__core__aarch32__mpu.a(arm_core_mpu.c.obj)
 .rodata.mpu_configure_regions.str1.1
                0x0000000000006911       0x49 zephyr/arch/arch/arm/core/aarch32/mpu/libarch__arm__core__aarch32__mpu.a(arm_mpu.c.obj)
 .rodata.str1.1
                0x000000000000695a        0xf zephyr/soc/arm/common/cortex_m/libsoc__arm__common__cortex_m.a(arm_mpu_regions.c.obj)
 .rodata.str1.1
                0x0000000000006969        0x4 zephyr/soc/arm/nordic_nrf/nrf52/libsoc__arm__nordic_nrf__nrf52.a(soc.c.obj)
 .rodata.str1.1
                0x000000000000696d       0x29 zephyr/drivers/clock_control/libdrivers__clock_control.a(clock_control_nrf.c.obj)
 .rodata.str1.1
                0x0000000000006996       0x18 zephyr/drivers/sensor/nrf5/libdrivers__sensor__nrf5.a(temp_nrf5.c.obj)
 .rodata.k_sys_fatal_error_handler.str1.1
                0x00000000000069ae       0x11 modules/nrf/lib/fatal_error/lib..__nrf__lib__fatal_error.a(fatal_error.c.obj)
 .rodata.str1.1
                0x00000000000069bf        0xc modules/nrf/lib/fatal_error/lib..__nrf__lib__fatal_error.a(fatal_error.c.obj)
 .rodata.CSWTCH.20
                0x00000000000069cb        0x5 modules/hal_nordic/nrfx/libmodules__hal_nordic__nrfx.a(system_nrf52.c.obj)
 .rodata.CSWTCH.18
                0x00000000000069d0        0x5 modules/hal_nordic/nrfx/libmodules__hal_nordic__nrfx.a(system_nrf52.c.obj)
 .rodata.CSWTCH.14
                0x00000000000069d5        0x5 modules/hal_nordic/nrfx/libmodules__hal_nordic__nrfx.a(system_nrf52.c.obj)
 .rodata.CSWTCH.4
                0x00000000000069da        0x5 modules/hal_nordic/nrfx/libmodules__hal_nordic__nrfx.a(system_nrf52.c.obj)
 .rodata._DoInit.str1.1
                0x00000000000069df       0x14 modules/segger/libmodules__segger.a(SEGGER_RTT.c.obj)
 .rodata.sen2_init.str1.1
                0x00000000000069f3       0x10 modules/sen2/lib..__..__my_generic_bist__drivers__sensor__sen2__zephyr.a(sen2.c.obj)
 .rodata.sen2_sample_fetch.str1.1
                0x0000000000006a03       0x1b modules/sen2/lib..__..__my_generic_bist__drivers__sensor__sen2__zephyr.a(sen2.c.obj)
 .rodata.sen2_bist.str1.1
                0x0000000000006a1e       0x25 modules/sen2/lib..__..__my_generic_bist__drivers__sensor__sen2__zephyr.a(sen2.c.obj)
 .rodata.sen2_attr_set.str1.1
                0x0000000000006a43       0x30 modules/sen2/lib..__..__my_generic_bist__drivers__sensor__sen2__zephyr.a(sen2.c.obj)
 .rodata.str1.1
                0x0000000000006a73        0xd modules/sen2/lib..__..__my_generic_bist__drivers__sensor__sen2__zephyr.a(sen2.c.obj)
 .rodata.sen3_init.str1.1
                0x0000000000006a80       0x10 modules/sen3/lib..__..__my_generic_bist__drivers__sensor__sen3__zephyr.a(sen3.c.obj)
 .rodata.sen3_sample_fetch.str1.1
                0x0000000000006a90       0x1b modules/sen3/lib..__..__my_generic_bist__drivers__sensor__sen3__zephyr.a(sen3.c.obj)
 .rodata.sen3_bist.str1.1
                0x0000000000006a90       0x26 modules/sen3/lib..__..__my_generic_bist__drivers__sensor__sen3__zephyr.a(sen3.c.obj)
 .rodata.sen3_attr_set.str1.1
                0x0000000000006ab6       0x30 modules/sen3/lib..__..__my_generic_bist__drivers__sensor__sen3__zephyr.a(sen3.c.obj)
 .rodata.str1.1
                0x0000000000006ab6        0xd modules/sen3/lib..__..__my_generic_bist__drivers__sensor__sen3__zephyr.a(sen3.c.obj)
 .rodata.z_fatal_error.str1.1
                0x0000000000006ac3       0x77 zephyr/kernel/libkernel.a(fatal.c.obj)
 .rodata.str1.1
                0x0000000000006b3a       0x4a zephyr/kernel/libkernel.a(fatal.c.obj)
 .rodata.z_cstart.str1.1
                0x0000000000006b84        0x5 zephyr/kernel/libkernel.a(init.c.obj)
 .rodata.str1.1
                0x0000000000006b89        0x3 zephyr/kernel/libkernel.a(init.c.obj)
 .rodata.boot_banner.str1.1
                0x0000000000006b8c       0x2e zephyr/kernel/libkernel.a(banner.c.obj)
 *(SORT_BY_ALIGNMENT(.gnu.linkonce.r.*))
                0x0000000000006bbc                . = ALIGN (0x4)
 *fill*         0x0000000000006bba        0x2 
                0x0000000000006bbc                __rodata_region_end = .
                0x0000000000006bc0                . = ALIGN (_region_min_align)
                0x0000000000008000                . = ALIGN ((0x1 << ((__rodata_region_end - ADDR (rom_start)) <= 0x4)?0x2:((__rodata_region_end - ADDR (rom_start)) <= 0x8)?0x3:((__rodata_region_end - ADDR (rom_start)) <= 0x10)?0x4:((__rodata_region_end - ADDR (rom_start)) <= 0x20)?0x5:((__rodata_region_end - ADDR (rom_start)) <= 0x40)?0x6:((__rodata_region_end - ADDR (rom_start)) <= 0x80)?0x7:((__rodata_region_end - ADDR (rom_start)) <= 0x100)?0x8:((__rodata_region_end - ADDR (rom_start)) <= 0x200)?0x9:((__rodata_region_end - ADDR (rom_start)) <= 0x400)?0xa:((__rodata_region_end - ADDR (rom_start)) <= 0x800)?0xb:((__rodata_region_end - ADDR (rom_start)) <= 0x1000)?0xc:((__rodata_region_end - ADDR (rom_start)) <= 0x2000)?0xd:((__rodata_region_end - ADDR (rom_start)) <= 0x4000)?0xe:((__rodata_region_end - ADDR (rom_start)) <= 0x8000)?0xf:((__rodata_region_end - ADDR (rom_start)) <= 0x10000)?0x10:((__rodata_region_end - ADDR (rom_start)) <= 0x20000)?0x11:((__rodata_region_end - ADDR (rom_start)) <= 0x40000)?0x12:((__rodata_region_end - ADDR (rom_start)) <= 0x80000)?0x13:((__rodata_region_end - ADDR (rom_start)) <= 0x100000)?0x14:((__rodata_region_end - ADDR (rom_start)) <= 0x200000)?0x15:((__rodata_region_end - ADDR (rom_start)) <= 0x400000)?0x16:((__rodata_region_end - ADDR (rom_start)) <= 0x800000)?0x17:((__rodata_region_end - ADDR (rom_start)) <= 0x1000000)?0x18:((__rodata_region_end - ADDR (rom_start)) <= 0x2000000)?0x19:((__rodata_region_end - ADDR (rom_start)) <= 0x4000000)?0x1a:((__rodata_region_end - ADDR (rom_start)) <= 0x8000000)?0x1b:((__rodata_region_end - ADDR (rom_start)) <= 0x10000000)?0x1c:((__rodata_region_end - ADDR (rom_start)) <= 0x20000000)?0x1d:((__rodata_region_end - ADDR (rom_start)) <= 0x40000000)?0x1e:((__rodata_region_end - ADDR (rom_start)) <= 0x80000000)?0x1f:0x20))
                0x0000000000008000                __rom_region_end = ((__rom_region_start + .) - ADDR (rom_start))

/DISCARD/
 *(SORT_BY_ALIGNMENT(.got.plt))
 *(SORT_BY_ALIGNMENT(.igot.plt))
 *(SORT_BY_ALIGNMENT(.got))
 *(SORT_BY_ALIGNMENT(.igot))
                0x0000000020000000                . = 0x20000000
                0x0000000020000000                . = ALIGN (_region_min_align)
                0x0000000020000000                _image_ram_start = .

.ramfunc        0x0000000020000000        0x0 load address 0x0000000000006bbc
                0x0000000020000000                . = ALIGN (_region_min_align)
                0x0000000020000000                . = ALIGN ((0x1 << (__ramfunc_size <= 0x4)?0x2:(__ramfunc_size <= 0x8)?0x3:(__ramfunc_size <= 0x10)?0x4:(__ramfunc_size <= 0x20)?0x5:(__ramfunc_size <= 0x40)?0x6:(__ramfunc_size <= 0x80)?0x7:(__ramfunc_size <= 0x100)?0x8:(__ramfunc_size <= 0x200)?0x9:(__ramfunc_size <= 0x400)?0xa:(__ramfunc_size <= 0x800)?0xb:(__ramfunc_size <= 0x1000)?0xc:(__ramfunc_size <= 0x2000)?0xd:(__ramfunc_size <= 0x4000)?0xe:(__ramfunc_size <= 0x8000)?0xf:(__ramfunc_size <= 0x10000)?0x10:(__ramfunc_size <= 0x20000)?0x11:(__ramfunc_size <= 0x40000)?0x12:(__ramfunc_size <= 0x80000)?0x13:(__ramfunc_size <= 0x100000)?0x14:(__ramfunc_size <= 0x200000)?0x15:(__ramfunc_size <= 0x400000)?0x16:(__ramfunc_size <= 0x800000)?0x17:(__ramfunc_size <= 0x1000000)?0x18:(__ramfunc_size <= 0x2000000)?0x19:(__ramfunc_size <= 0x4000000)?0x1a:(__ramfunc_size <= 0x8000000)?0x1b:(__ramfunc_size <= 0x10000000)?0x1c:(__ramfunc_size <= 0x20000000)?0x1d:(__ramfunc_size <= 0x40000000)?0x1e:(__ramfunc_size <= 0x80000000)?0x1f:0x20))
                0x0000000020000000                __ramfunc_start = .
 *(SORT_BY_ALIGNMENT(.ramfunc))
 *(SORT_BY_ALIGNMENT(.ramfunc.*))
                0x0000000020000000                . = ALIGN (_region_min_align)
                0x0000000020000000                . = ALIGN ((0x1 << (__ramfunc_size <= 0x4)?0x2:(__ramfunc_size <= 0x8)?0x3:(__ramfunc_size <= 0x10)?0x4:(__ramfunc_size <= 0x20)?0x5:(__ramfunc_size <= 0x40)?0x6:(__ramfunc_size <= 0x80)?0x7:(__ramfunc_size <= 0x100)?0x8:(__ramfunc_size <= 0x200)?0x9:(__ramfunc_size <= 0x400)?0xa:(__ramfunc_size <= 0x800)?0xb:(__ramfunc_size <= 0x1000)?0xc:(__ramfunc_size <= 0x2000)?0xd:(__ramfunc_size <= 0x4000)?0xe:(__ramfunc_size <= 0x8000)?0xf:(__ramfunc_size <= 0x10000)?0x10:(__ramfunc_size <= 0x20000)?0x11:(__ramfunc_size <= 0x40000)?0x12:(__ramfunc_size <= 0x80000)?0x13:(__ramfunc_size <= 0x100000)?0x14:(__ramfunc_size <= 0x200000)?0x15:(__ramfunc_size <= 0x400000)?0x16:(__ramfunc_size <= 0x800000)?0x17:(__ramfunc_size <= 0x1000000)?0x18:(__ramfunc_size <= 0x2000000)?0x19:(__ramfunc_size <= 0x4000000)?0x1a:(__ramfunc_size <= 0x8000000)?0x1b:(__ramfunc_size <= 0x10000000)?0x1c:(__ramfunc_size <= 0x20000000)?0x1d:(__ramfunc_size <= 0x40000000)?0x1e:(__ramfunc_size <= 0x80000000)?0x1f:0x20))
                0x0000000020000000                __ramfunc_end = .
                0x0000000000000000                __ramfunc_size = (__ramfunc_end - __ramfunc_start)
                0x0000000000006bbc                __ramfunc_load_start = LOADADDR (.ramfunc)

datas           0x0000000020000000       0x24 load address 0x0000000000006bbc
                0x0000000020000000                __data_region_start = .
                0x0000000020000000                __data_start = .
 *(SORT_BY_ALIGNMENT(.data))
 *(SORT_BY_ALIGNMENT(.data.*))
 .data.devs_with_bist_prop
                0x0000000020000000        0x8 app/libapp.a(bist_manager.c.obj)
                0x0000000020000000                devs_with_bist_prop
 .data._char_out
                0x0000000020000008        0x4 zephyr/libzephyr.a(printk.c.obj)
                0x0000000020000008                _char_out
 .data.timestamp_func
                0x000000002000000c        0x4 zephyr/libzephyr.a(log_core.c.obj)
 .data.max_latency_ticks
                0x0000000020000010        0x4 zephyr/libzephyr.a(policy.c.obj)
 .data._stdout_hook
                0x0000000020000014        0x4 zephyr/lib/libc/minimal/liblib__libc__minimal.a(stdout_console.c.obj)
 .data.SystemCoreClock
                0x0000000020000018        0x4 modules/hal_nordic/nrfx/libmodules__hal_nordic__nrfx.a(system_nrf52.c.obj)
                0x0000000020000018                SystemCoreClock
 .data.timeout_list
                0x000000002000001c        0x8 zephyr/kernel/libkernel.a(timeout.c.obj)
 *(SORT_BY_ALIGNMENT(.kernel.*))
                0x0000000020000024                __data_end = .
                0x0000000000000024                __data_size = (__data_end - __data_start)
                0x0000000000006bbc                __data_load_start = LOADADDR (datas)
                0x0000000000006bbc                __data_region_load_start = LOADADDR (datas)

device_states   0x0000000020000024        0x8 load address 0x0000000000006be0
                0x0000000020000024                __device_states_start = .
 *(SORT_BY_ALIGNMENT(.z_devstate))
 .z_devstate    0x0000000020000024        0x2 zephyr/drivers/clock_control/libdrivers__clock_control.a(clock_control_nrf.c.obj)
 .z_devstate    0x0000000020000026        0x2 zephyr/drivers/sensor/nrf5/libdrivers__sensor__nrf5.a(temp_nrf5.c.obj)
 .z_devstate    0x0000000020000028        0x2 modules/sen2/lib..__..__my_generic_bist__drivers__sensor__sen2__zephyr.a(sen2.c.obj)
 .z_devstate    0x000000002000002a        0x2 modules/sen3/lib..__..__my_generic_bist__drivers__sensor__sen3__zephyr.a(sen3.c.obj)
 *(SORT_BY_ALIGNMENT(.z_devstate.*))
                0x000000002000002c                __device_states_end = .

initshell       0x000000002000002c        0x0 load address 0x0000000000006be8
                0x000000002000002c                __shell_module_start = .
 *(SORT_BY_ALIGNMENT(.shell_module_*))
                0x000000002000002c                __shell_module_end = .
                0x000000002000002c                __shell_cmd_start = .
 *(SORT_BY_ALIGNMENT(.shell_cmd_*))
                0x000000002000002c                __shell_cmd_end = .

log_mpsc_pbuf_area
                0x000000002000002c       0x38 load address 0x0000000000006be8
                0x000000002000002c                _log_mpsc_pbuf_list_start = .
 *(SORT_BY_NAME(SORT_BY_ALIGNMENT(._log_mpsc_pbuf.static.*)))
 ._log_mpsc_pbuf.static.log_buffer
                0x000000002000002c       0x38 zephyr/libzephyr.a(log_core.c.obj)
                0x0000000020000064                _log_mpsc_pbuf_list_end = .

log_msg_ptr_area
                0x0000000020000064        0x4 load address 0x0000000000006c20
                0x0000000020000064                _log_msg_ptr_list_start = .
 *(SORT_BY_NAME(SORT_BY_ALIGNMENT(._log_msg_ptr.static.*)))
 ._log_msg_ptr.static.log_msg_ptr
                0x0000000020000064        0x4 zephyr/libzephyr.a(log_core.c.obj)
                0x0000000020000068                _log_msg_ptr_list_end = .

log_dynamic_sections
                0x0000000020000068        0x0 load address 0x0000000000006c24
                0x0000000020000068                __log_dynamic_start = .
 *(SORT_BY_NAME(SORT_BY_ALIGNMENT(.log_dynamic_*)))
                0x0000000020000068                __log_dynamic_end = .

k_timer_area    0x0000000020000068        0x0 load address 0x0000000000006c24
                0x0000000020000068                _k_timer_list_start = .
 *(SORT_BY_NAME(SORT_BY_ALIGNMENT(._k_timer.static.*)))
                0x0000000020000068                _k_timer_list_end = .

k_mem_slab_area
                0x0000000020000068        0x0 load address 0x0000000000006c24
                0x0000000020000068                _k_mem_slab_list_start = .
 *(SORT_BY_NAME(SORT_BY_ALIGNMENT(._k_mem_slab.static.*)))
                0x0000000020000068                _k_mem_slab_list_end = .

k_heap_area     0x0000000020000068        0x0 load address 0x0000000000006c24
                0x0000000020000068                _k_heap_list_start = .
 *(SORT_BY_NAME(SORT_BY_ALIGNMENT(._k_heap.static.*)))
                0x0000000020000068                _k_heap_list_end = .

k_mutex_area    0x0000000020000068       0x14 load address 0x0000000000006c24
                0x0000000020000068                _k_mutex_list_start = .
 *(SORT_BY_NAME(SORT_BY_ALIGNMENT(._k_mutex.static.*)))
 ._k_mutex.static.rtt_term_mutex
                0x0000000020000068       0x14 modules/segger/libmodules__segger.a(SEGGER_RTT_zephyr.c.obj)
                0x0000000020000068                rtt_term_mutex
                0x000000002000007c                _k_mutex_list_end = .

k_stack_area    0x000000002000007c        0x0 load address 0x0000000000006c38
                0x000000002000007c                _k_stack_list_start = .
 *(SORT_BY_NAME(SORT_BY_ALIGNMENT(._k_stack.static.*)))
                0x000000002000007c                _k_stack_list_end = .

k_msgq_area     0x000000002000007c        0x0 load address 0x0000000000006c38
                0x000000002000007c                _k_msgq_list_start = .
 *(SORT_BY_NAME(SORT_BY_ALIGNMENT(._k_msgq.static.*)))
                0x000000002000007c                _k_msgq_list_end = .

k_mbox_area     0x000000002000007c        0x0 load address 0x0000000000006c38
                0x000000002000007c                _k_mbox_list_start = .
 *(SORT_BY_NAME(SORT_BY_ALIGNMENT(._k_mbox.static.*)))
                0x000000002000007c                _k_mbox_list_end = .

k_pipe_area     0x000000002000007c        0x0 load address 0x0000000000006c38
                0x000000002000007c                _k_pipe_list_start = .
 *(SORT_BY_NAME(SORT_BY_ALIGNMENT(._k_pipe.static.*)))
                0x000000002000007c                _k_pipe_list_end = .

k_sem_area      0x000000002000007c       0x10 load address 0x0000000000006c38
                0x000000002000007c                _k_sem_list_start = .
 *(SORT_BY_NAME(SORT_BY_ALIGNMENT(._k_sem.static.*)))
 ._k_sem.static.log_process_thread_sem
                0x000000002000007c       0x10 zephyr/libzephyr.a(log_core.c.obj)
                0x000000002000007c                log_process_thread_sem
                0x000000002000008c                _k_sem_list_end = .

k_event_area    0x000000002000008c        0x0 load address 0x0000000000006c48
                0x000000002000008c                _k_event_list_start = .
 *(SORT_BY_NAME(SORT_BY_ALIGNMENT(._k_event.static.*)))
                0x000000002000008c                _k_event_list_end = .

k_queue_area    0x000000002000008c        0x0 load address 0x0000000000006c48
                0x000000002000008c                _k_queue_list_start = .
 *(SORT_BY_NAME(SORT_BY_ALIGNMENT(._k_queue.static.*)))
                0x000000002000008c                _k_queue_list_end = .

k_condvar_area  0x000000002000008c        0x0 load address 0x0000000000006c48
                0x000000002000008c                _k_condvar_list_start = .
 *(SORT_BY_NAME(SORT_BY_ALIGNMENT(._k_condvar.static.*)))
                0x000000002000008c                _k_condvar_list_end = .

_net_buf_pool_area
                0x000000002000008c        0x0 load address 0x0000000000006c48
                0x000000002000008c                _net_buf_pool_list = .
 *(SORT_BY_NAME(SORT_BY_ALIGNMENT(._net_buf_pool.static.*)))
                0x000000002000008c                __data_region_end = .

bss             0x0000000020000090      0xc0c
                0x0000000020000090                . = ALIGN (0x4)
                0x0000000020000090                __bss_start = .
                0x0000000020000090                __kernel_ram_start = .
 *(SORT_BY_ALIGNMENT(.bss))
 *(SORT_BY_ALIGNMENT(.bss.*))
 .bss.logging_thread
                0x0000000020000090       0x80 zephyr/libzephyr.a(log_core.c.obj)
                0x0000000020000090                logging_thread
 .bss.buf32     0x0000000020000110      0x400 zephyr/libzephyr.a(log_core.c.obj)
 .bss.last_failure_report
                0x0000000020000510        0x8 zephyr/libzephyr.a(log_core.c.obj)
 .bss.log_process_thread_timer
                0x0000000020000518       0x38 zephyr/libzephyr.a(log_core.c.obj)
 .bss.cc_data   0x0000000020000550       0x10 zephyr/drivers/timer/libdrivers__timer.a(nrf_rtc_timer.c.obj)
 .bss.last_count
                0x0000000020000560        0x8 zephyr/drivers/timer/libdrivers__timer.a(nrf_rtc_timer.c.obj)
 .bss.anchor    0x0000000020000568        0x8 zephyr/drivers/timer/libdrivers__timer.a(nrf_rtc_timer.c.obj)
 .bss.z_idle_threads
                0x0000000020000570       0x80 zephyr/kernel/libkernel.a(init.c.obj)
                0x0000000020000570                z_idle_threads
 .bss.z_main_thread
                0x00000000200005f0       0x80 zephyr/kernel/libkernel.a(init.c.obj)
                0x00000000200005f0                z_main_thread
 .bss.curr_tick
                0x0000000020000670        0x8 zephyr/kernel/libkernel.a(timeout.c.obj)
 .bss.curr_log_buffer
                0x0000000020000678        0x4 zephyr/libzephyr.a(log_core.c.obj)
 .bss.proc_tid  0x000000002000067c        0x4 zephyr/libzephyr.a(log_core.c.obj)
 .bss.dropped_cnt
                0x0000000020000680        0x4 zephyr/libzephyr.a(log_core.c.obj)
 .bss.buffered_cnt
                0x0000000020000684        0x4 zephyr/libzephyr.a(log_core.c.obj)
 .bss.initialized
                0x0000000020000688        0x4 zephyr/libzephyr.a(log_core.c.obj)
 .bss.timestamp_div
                0x000000002000068c        0x4 zephyr/libzephyr.a(log_output.c.obj)
 .bss.freq      0x0000000020000690        0x4 zephyr/libzephyr.a(log_output.c.obj)
 .bss.backend_cb_log_backend_rtt
                0x0000000020000694        0x8 zephyr/libzephyr.a(log_backend_rtt.c.obj)
 .bss.log_output_rtt_control_block
                0x000000002000069c        0xc zephyr/libzephyr.a(log_backend_rtt.c.obj)
 .bss.log_format_current
                0x00000000200006a8        0x4 zephyr/libzephyr.a(log_backend_rtt.c.obj)
 .bss.z_cpus_pm_forced_state
                0x00000000200006ac        0xc zephyr/libzephyr.a(pm.c.obj)
 .bss.z_cpus_pm_state
                0x00000000200006b8        0xc zephyr/libzephyr.a(pm.c.obj)
 .bss.pm_notifiers
                0x00000000200006c4        0x8 zephyr/libzephyr.a(pm.c.obj)
 .bss.z_post_ops_required
                0x00000000200006cc        0x4 zephyr/libzephyr.a(pm.c.obj)
 .bss.dynamic_regions.0
                0x00000000200006d0        0xc zephyr/arch/arch/arm/core/aarch32/mpu/libarch__arm__core__aarch32__mpu.a(arm_core_mpu.c.obj)
 .bss.cli.2     0x00000000200006dc       0x10 zephyr/drivers/clock_control/libdrivers__clock_control.a(clock_control_nrf.c.obj)
 .bss.on.3      0x00000000200006ec        0x4 zephyr/drivers/clock_control/libdrivers__clock_control.a(clock_control_nrf.c.obj)
 .bss.data      0x00000000200006f0       0x50 zephyr/drivers/clock_control/libdrivers__clock_control.a(clock_control_nrf.c.obj)