Archive member included to satisfy reference by file (symbol)

app/libapp.a(main.c.obj)      (--whole-archive)
app/libapp.a(bist_manager.c.obj)
                              (--whole-archive)
zephyr/libzephyr.a(cbprintf.c.obj)
                              (--whole-archive)
zephyr/libzephyr.a(cbprintf_packaged.c.obj)
                              (--whole-archive)
zephyr/libzephyr.a(crc32c_sw.c.obj)
                              (--whole-archive)
zephyr/libzephyr.a(crc32_sw.c.obj)
                              (--whole-archive)
zephyr/libzephyr.a(crc16_sw.c.obj)
                              (--whole-archive)
zephyr/libzephyr.a(crc8_sw.c.obj)
                              (--whole-archive)
zephyr/libzephyr.a(crc7_sw.c.obj)
                              (--whole-archive)
zephyr/libzephyr.a(dec.c.obj)
                              (--whole-archive)
zephyr/libzephyr.a(fdtable.c.obj)
                              (--whole-archive)
zephyr/libzephyr.a(hex.c.obj)
                              (--whole-archive)
zephyr/libzephyr.a(notify.c.obj)
                              (--whole-archive)
zephyr/libzephyr.a(printk.c.obj)
                              (--whole-archive)
zephyr/libzephyr.a(onoff.c.obj)
                              (--whole-archive)
zephyr/libzephyr.a(rb.c.obj)  (--whole-archive)
zephyr/libzephyr.a(sem.c.obj)
                              (--whole-archive)
zephyr/libzephyr.a(thread_entry.c.obj)
                              (--whole-archive)
zephyr/libzephyr.a(timeutil.c.obj)
                              (--whole-archive)
zephyr/libzephyr.a(heap.c.obj)
                              (--whole-archive)
zephyr/libzephyr.a(heap-validate.c.obj)
                              (--whole-archive)
zephyr/libzephyr.a(bitarray.c.obj)
                              (--whole-archive)
zephyr/libzephyr.a(multi_heap.c.obj)
                              (--whole-archive)
zephyr/libzephyr.a(cbprintf_complete.c.obj)
                              (--whole-archive)
zephyr/libzephyr.a(reboot.c.obj)
                              (--whole-archive)
zephyr/libzephyr.a(configs.c.obj)
                              (--whole-archive)
zephyr/libzephyr.a(soc_nrf_common.S.obj)
                              (--whole-archive)
zephyr/libzephyr.a(validate_base_addresses.c.obj)
                              (--whole-archive)
zephyr/libzephyr.a(validate_enabled_instances.c.obj)
                              (--whole-archive)
zephyr/libzephyr.a(thread_info.c.obj)
                              (--whole-archive)
zephyr/libzephyr.a(pm.c.obj)  (--whole-archive)
zephyr/libzephyr.a(constraint.c.obj)
                              (--whole-archive)
zephyr/libzephyr.a(residency.c.obj)
                              (--whole-archive)
zephyr/libzephyr.a(tracing_none.c.obj)
                              (--whole-archive)
zephyr/libzephyr.a(nrf_cc3xx_platform_abort_zephyr.c.obj)
                              (--whole-archive)
zephyr/libzephyr.a(nrf_cc3xx_platform_mutex_zephyr.c.obj)
                              (--whole-archive)
zephyr/arch/common/libarch__common.a(sw_isr_common.c.obj)
                              (--whole-archive)
zephyr/arch/arch/arm/core/aarch32/libarch__arm__core__aarch32.a(cpu_idle.S.obj)
                              (--whole-archive)
zephyr/arch/arch/arm/core/aarch32/libarch__arm__core__aarch32.a(fatal.c.obj)
                              (--whole-archive)
zephyr/arch/arch/arm/core/aarch32/libarch__arm__core__aarch32.a(irq_manage.c.obj)
                              (--whole-archive)
zephyr/arch/arch/arm/core/aarch32/libarch__arm__core__aarch32.a(nmi.c.obj)
                              (--whole-archive)
zephyr/arch/arch/arm/core/aarch32/libarch__arm__core__aarch32.a(nmi_on_reset.S.obj)
                              (--whole-archive)
zephyr/arch/arch/arm/core/aarch32/libarch__arm__core__aarch32.a(prep_c.c.obj)
                              (--whole-archive)
zephyr/arch/arch/arm/core/aarch32/libarch__arm__core__aarch32.a(swap.c.obj)
                              (--whole-archive)
zephyr/arch/arch/arm/core/aarch32/libarch__arm__core__aarch32.a(swap_helper.S.obj)
                              (--whole-archive)
zephyr/arch/arch/arm/core/aarch32/libarch__arm__core__aarch32.a(thread.c.obj)
                              (--whole-archive)
zephyr/arch/arch/arm/core/aarch32/libarch__arm__core__aarch32.a(isr_wrapper.S.obj)
                              (--whole-archive)
zephyr/arch/arch/arm/core/aarch32/cortex_m/libarch__arm__core__aarch32__cortex_m.a(exc_exit.S.obj)
                              (--whole-archive)
zephyr/arch/arch/arm/core/aarch32/cortex_m/libarch__arm__core__aarch32__cortex_m.a(fault.c.obj)
                              (--whole-archive)
zephyr/arch/arch/arm/core/aarch32/cortex_m/libarch__arm__core__aarch32__cortex_m.a(fault_s.S.obj)
                              (--whole-archive)
zephyr/arch/arch/arm/core/aarch32/cortex_m/libarch__arm__core__aarch32__cortex_m.a(fpu.c.obj)
                              (--whole-archive)
[...]
Memory Configuration

Name             Origin             Length             Attributes
FLASH            0x0000000000000000 0x0000000000100000 xr
SRAM             0x0000000020000000 0x0000000000040000 xw
IDT_LIST         0x00000000fffff7ff 0x0000000000000800 xw
*default*        0x0000000000000000 0xffffffffffffffff

Linker script and memory map

LOAD zephyr/CMakeFiles/zephyr_pre1.dir/misc/empty_file.c.obj
LOAD zephyr/CMakeFiles/zephyr_pre1.dir/dev_handles.c.obj
LOAD zephyr/CMakeFiles/offsets.dir/./arch/arm/core/offsets/offsets.c.obj
                0x0000000000000020                _region_min_align = 0x20

.rel.plt        0x0000000000000000        0x0
 *(SORT_BY_ALIGNMENT(.rel.plt))
                [!provide]                        PROVIDE (__rel_iplt_start = .)
 *(SORT_BY_ALIGNMENT(.rel.iplt))
 .rel.iplt      0x0000000000000000        0x0 app/libapp.a(main.c.obj)
                [!provide]                        PROVIDE (__rel_iplt_end = .)

.rela.plt       0x0000000000000000        0x0
 *(SORT_BY_ALIGNMENT(.rela.plt))
                [!provide]                        PROVIDE (__rela_iplt_start = .)
 *(SORT_BY_ALIGNMENT(.rela.iplt))
                [!provide]                        PROVIDE (__rela_iplt_end = .)

.rel.dyn
 *(SORT_BY_ALIGNMENT(.rel.*))

.rela.dyn
 *(SORT_BY_ALIGNMENT(.rela.*))

/DISCARD/
 *(SORT_BY_ALIGNMENT(.plt))

/DISCARD/
 *(SORT_BY_ALIGNMENT(.iplt))
                0x0000000000000000                __rom_region_start = 0x0

rom_start       0x0000000000000000      0x100
                0x0000000000000000                . = 0x0
                0x0000000000000000                . = ALIGN (0x4)
                0x0000000000000000                . = ALIGN (0x80)
                0x0000000000000000                . = ALIGN (0x100)
                0x0000000000000000                _vector_start = .
 *(SORT_BY_ALIGNMENT(.exc_vector_table))
 *(SORT_BY_ALIGNMENT(.exc_vector_table.*))
 .exc_vector_table._vector_table_section
                0x0000000000000000       0x40 zephyr/arch/arch/arm/core/aarch32/cortex_m/libarch__arm__core__aarch32__cortex_m.a(vector_table.S.obj)
                0x0000000000000000                _vector_table
 *(SORT_BY_ALIGNMENT(.gnu.linkonce.irq_vector_table*))
 .gnu.linkonce.irq_vector_table
                0x0000000000000040       0xc0 zephyr/arch/common/libisr_tables.a(isr_tables.c.obj)
                0x0000000000000040                _irq_vector_table
 *(SORT_BY_ALIGNMENT(.vectors))
                0x0000000000000100                _vector_end = .

text            0x0000000000000100     0x4a1c
                0x0000000000000100                __text_region_start = .
 *(SORT_BY_ALIGNMENT(.text))
 .text          0x0000000000000100       0x30 /opt/gcc-arm-none-eabi-10.3-2021.10/bin/../lib/gcc/arm-none-eabi/10.3.1/thumb/v7e-m/nofp/libgcc.a(_aeabi_uldivmod.o)
                0x0000000000000100                __aeabi_uldivmod
 .text          0x0000000000000130      0x2d0 /opt/gcc-arm-none-eabi-10.3-2021.10/bin/../lib/gcc/arm-none-eabi/10.3.1/thumb/v7e-m/nofp/libgcc.a(_udivmoddi4.o)
                0x0000000000000130                __udivmoddi4
 .text          0x0000000000000400        0x4 /opt/gcc-arm-none-eabi-10.3-2021.10/bin/../lib/gcc/arm-none-eabi/10.3.1/thumb/v7e-m/nofp/libgcc.a(_dvmd_tls.o)
                0x0000000000000400                __aeabi_ldiv0
                0x0000000000000400                __aeabi_idiv0
 *(SORT_BY_ALIGNMENT(.text.*))
 .text.main     0x0000000000000404       0x24 app/libapp.a(main.c.obj)
                0x0000000000000404                main
 .text.run_all_bists
                0x0000000000000428       0x10 app/libapp.a(bist_manager.c.obj)
                0x0000000000000428                run_all_bists
 .text.char_out
                0x0000000000000438       0x14 zephyr/libzephyr.a(printk.c.obj)
 .text.vprintk  0x000000000000044c       0x20 zephyr/libzephyr.a(printk.c.obj)
                0x000000000000044c                vprintk
 .text.vsnprintk
                0x000000000000046c       0x2c zephyr/libzephyr.a(printk.c.obj)
                0x000000000000046c                vsnprintk
 .text.process_event
                0x0000000000000498      0x158 zephyr/libzephyr.a(onoff.c.obj)
 .text.extract_conversion
                0x00000000000005f0      0x314 zephyr/libzephyr.a(cbprintf_complete.c.obj)
 .text.cbvprintf
                0x0000000000000904      0x5d0 zephyr/libzephyr.a(cbprintf_complete.c.obj)
                0x0000000000000904                cbvprintf
 .text.sys_reboot
                0x0000000000000ed4       0x28 zephyr/libzephyr.a(reboot.c.obj)
                0x0000000000000ed4                sys_reboot
 .text.pm_system_resume
                0x0000000000000efc       0xc8 zephyr/libzephyr.a(pm.c.obj)
                0x0000000000000efc                pm_system_resume
 .text.pm_system_suspend
                0x0000000000000fc4      0x174 zephyr/libzephyr.a(pm.c.obj)
                0x0000000000000fc4                pm_system_suspend
 .text.nrf_cc3xx_platform_abort_init
                0x0000000000001138       0x10 zephyr/libzephyr.a(nrf_cc3xx_platform_abort_zephyr.c.obj)
                0x0000000000001138                nrf_cc3xx_platform_abort_init
 .text.mutex_unlock_platform
                0x0000000000001148       0x50 zephyr/libzephyr.a(nrf_cc3xx_platform_mutex_zephyr.c.obj)
 .text.mutex_lock_platform
                0x0000000000001198       0x5c zephyr/libzephyr.a(nrf_cc3xx_platform_mutex_zephyr.c.obj)
 .text.mutex_free_platform
                0x00000000000011f4       0x4c zephyr/libzephyr.a(nrf_cc3xx_platform_mutex_zephyr.c.obj)
 .text.mutex_init_platform
                0x0000000000001240       0x74 zephyr/libzephyr.a(nrf_cc3xx_platform_mutex_zephyr.c.obj)
 .text.nrf_cc3xx_platform_mutex_init
                0x00000000000012b4       0x28 zephyr/libzephyr.a(nrf_cc3xx_platform_mutex_zephyr.c.obj)
                0x00000000000012b4                nrf_cc3xx_platform_mutex_init
 .text.z_arm_cpu_idle_init
                0x00000000000012dc        0xc zephyr/arch/arch/arm/core/aarch32/libarch__arm__core__aarch32.a(cpu_idle.S.obj)
                0x00000000000012dc                z_arm_cpu_idle_init
 .text.arch_cpu_idle
                0x00000000000012e8       0x1c zephyr/arch/arch/arm/core/aarch32/libarch__arm__core__aarch32.a(cpu_idle.S.obj)
                0x00000000000012e8                arch_cpu_idle
 .text.arch_cpu_atomic_idle
                0x0000000000001304       0x14 zephyr/arch/arch/arm/core/aarch32/libarch__arm__core__aarch32.a(cpu_idle.S.obj)
                0x0000000000001304                arch_cpu_atomic_idle
 .text.arch_irq_enable
                0x0000000000001318       0x1c zephyr/arch/arch/arm/core/aarch32/libarch__arm__core__aarch32.a(irq_manage.c.obj)
                0x0000000000001318                arch_irq_enable
 .text.arch_irq_is_enabled
                0x0000000000001334       0x1c zephyr/arch/arch/arm/core/aarch32/libarch__arm__core__aarch32.a(irq_manage.c.obj)
                0x0000000000001334                arch_irq_is_enabled
 .text.z_arm_irq_priority_set
                0x0000000000001350       0x2c zephyr/arch/arch/arm/core/aarch32/libarch__arm__core__aarch32.a(irq_manage.c.obj)
                0x0000000000001350                z_arm_irq_priority_set
 .text.z_SysNmiOnReset
                0x000000000000137c        0x8 zephyr/arch/arch/arm/core/aarch32/libarch__arm__core__aarch32.a(nmi_on_reset.S.obj)
                0x000000000000137c                z_SysNmiOnReset
 .text.z_arm_prep_c
                0x0000000000001384       0x38 zephyr/arch/arch/arm/core/aarch32/libarch__arm__core__aarch32.a(prep_c.c.obj)
                0x0000000000001384                z_arm_prep_c
 .text.arch_swap
                0x00000000000013bc       0x38 zephyr/arch/arch/arm/core/aarch32/libarch__arm__core__aarch32.a(swap.c.obj)
                0x00000000000013bc                arch_swap
 .text.z_arm_pendsv
                0x00000000000013f4       0x58 zephyr/arch/arch/arm/core/aarch32/libarch__arm__core__aarch32.a(swap_helper.S.obj)
                0x00000000000013f4                z_arm_pendsv
 .text.z_arm_svc
                0x000000000000144c       0x20 zephyr/arch/arch/arm/core/aarch32/libarch__arm__core__aarch32.a(swap_helper.S.obj)
                0x000000000000144c                z_arm_svc
 .text.arch_new_thread
                0x000000000000146c       0x44 zephyr/arch/arch/arm/core/aarch32/libarch__arm__core__aarch32.a(thread.c.obj)
                0x000000000000146c                arch_new_thread
 .text.z_check_thread_stack_fail
                0x00000000000014b0       0x50 zephyr/arch/arch/arm/core/aarch32/libarch__arm__core__aarch32.a(thread.c.obj)
                0x00000000000014b0                z_check_thread_stack_fail
 .text.arch_switch_to_main_thread
                0x0000000000001500       0x2c zephyr/arch/arch/arm/core/aarch32/libarch__arm__core__aarch32.a(thread.c.obj)
                0x0000000000001500                arch_switch_to_main_thread
 .text._isr_wrapper
                0x000000000000152c       0x40 zephyr/arch/arch/arm/core/aarch32/libarch__arm__core__aarch32.a(isr_wrapper.S.obj)
                0x000000000000152c                _isr_wrapper
 .text._HandlerModeExit
                0x000000000000156c       0x1c zephyr/arch/arch/arm/core/aarch32/cortex_m/libarch__arm__core__aarch32__cortex_m.a(exc_exit.S.obj)
                0x000000000000156c                z_arm_exc_exit
                0x000000000000156c                z_arm_int_exit
 .text.bus_fault
                0x0000000000001588       0x54 zephyr/arch/arch/arm/core/aarch32/cortex_m/libarch__arm__core__aarch32__cortex_m.a(fault.c.obj)
 .text.usage_fault
                0x00000000000015dc       0x24 zephyr/arch/arch/arm/core/aarch32/cortex_m/libarch__arm__core__aarch32__cortex_m.a(fault.c.obj)
 .text.mem_manage_fault
                0x0000000000001600       0x8c zephyr/arch/arch/arm/core/aarch32/cortex_m/libarch__arm__core__aarch32__cortex_m.a(fault.c.obj)
 .text.hard_fault
                0x000000000000168c       0x7c zephyr/arch/arch/arm/core/aarch32/cortex_m/libarch__arm__core__aarch32__cortex_m.a(fault.c.obj)
 .text.z_arm_fault
                0x0000000000001708       0x94 zephyr/arch/arch/arm/core/aarch32/cortex_m/libarch__arm__core__aarch32__cortex_m.a(fault.c.obj)
                0x0000000000001708                z_arm_fault
 .text.z_arm_fault_init
                0x000000000000179c       0x10 zephyr/arch/arch/arm/core/aarch32/cortex_m/libarch__arm__core__aarch32__cortex_m.a(fault.c.obj)
                0x000000000000179c                z_arm_fault_init
 .text.__fault  0x00000000000017ac       0x14 zephyr/arch/arch/arm/core/aarch32/cortex_m/libarch__arm__core__aarch32__cortex_m.a(fault_s.S.obj)
                0x00000000000017ac                z_arm_bus_fault
                0x00000000000017ac                z_arm_usage_fault
                0x00000000000017ac                z_arm_mpu_fault
                0x00000000000017ac                z_arm_exc_spurious
                0x00000000000017ac                z_arm_debug_monitor
                0x00000000000017ac                z_arm_hard_fault
 .text.z_arm_interrupt_init
                0x00000000000017c0       0x34 zephyr/arch/arch/arm/core/aarch32/cortex_m/libarch__arm__core__aarch32__cortex_m.a(irq_init.c.obj)
                0x00000000000017c0                z_arm_interrupt_init
 .text._reset_section
                0x00000000000017f4       0x54 zephyr/arch/arch/arm/core/aarch32/cortex_m/libarch__arm__core__aarch32__cortex_m.a(reset.S.obj)
                0x00000000000017f4                z_arm_reset
                0x00000000000017f4                __start
 .text.z_arm_clear_arm_mpu_config
                0x0000000000001848       0x28 zephyr/arch/arch/arm/core/aarch32/cortex_m/libarch__arm__core__aarch32__cortex_m.a(scb.c.obj)
                0x0000000000001848                z_arm_clear_arm_mpu_config
 .text.z_arm_init_arch_hw_at_boot
                0x0000000000001870       0x54 zephyr/arch/arch/arm/core/aarch32/cortex_m/libarch__arm__core__aarch32__cortex_m.a(scb.c.obj)
                0x0000000000001870                z_arm_init_arch_hw_at_boot
 .text.z_impl_k_thread_abort
                0x00000000000018c4       0x2c zephyr/arch/arch/arm/core/aarch32/cortex_m/libarch__arm__core__aarch32__cortex_m.a(thread_abort.c.obj)
                0x00000000000018c4                z_impl_k_thread_abort
 .text.z_arm_configure_static_mpu_regions
                0x00000000000018f0       0x1c zephyr/arch/arch/arm/core/aarch32/mpu/libarch__arm__core__aarch32__mpu.a(arm_core_mpu.c.obj)
                0x00000000000018f0                z_arm_configure_static_mpu_regions
 .text.z_arm_configure_dynamic_mpu_regions
                0x000000000000190c       0x24 zephyr/arch/arch/arm/core/aarch32/mpu/libarch__arm__core__aarch32__mpu.a(arm_core_mpu.c.obj)
                0x000000000000190c                z_arm_configure_dynamic_mpu_regions
 .text.region_init
                0x0000000000001930       0x28 zephyr/arch/arch/arm/core/aarch32/mpu/libarch__arm__core__aarch32__mpu.a(arm_mpu.c.obj)
 .text.mpu_configure_static_mpu_regions
                0x0000000000001958       0x14 zephyr/arch/arch/arm/core/aarch32/mpu/libarch__arm__core__aarch32__mpu.a(arm_mpu.c.obj)
 .text.mpu_configure_dynamic_mpu_regions
                0x000000000000196c       0x34 zephyr/arch/arch/arm/core/aarch32/mpu/libarch__arm__core__aarch32__mpu.a(arm_mpu.c.obj)
 .text.arm_core_mpu_enable
                0x00000000000019a0       0x18 zephyr/arch/arch/arm/core/aarch32/mpu/libarch__arm__core__aarch32__mpu.a(arm_mpu.c.obj)
                0x00000000000019a0                arm_core_mpu_enable
 .text.arm_core_mpu_disable
                0x00000000000019b8       0x14 zephyr/arch/arch/arm/core/aarch32/mpu/libarch__arm__core__aarch32__mpu.a(arm_mpu.c.obj)
                0x00000000000019b8                arm_core_mpu_disable
 .text.z_arm_mpu_init
                0x00000000000019cc       0x44 zephyr/arch/arch/arm/core/aarch32/mpu/libarch__arm__core__aarch32__mpu.a(arm_mpu.c.obj)
                0x00000000000019cc                z_arm_mpu_init
 .text.nordicsemi_nrf52_init
                0x0000000000001a10       0x28 zephyr/soc/arm/nordic_nrf/nrf52/libsoc__arm__nordic_nrf__nrf52.a(soc.c.obj)
 .text.sys_arch_reboot
                0x0000000000001a38       0x2c zephyr/soc/arm/nordic_nrf/nrf52/libsoc__arm__nordic_nrf__nrf52.a(soc.c.obj)
                0x0000000000001a38                sys_arch_reboot
 .text.arch_busy_wait
                0x0000000000001a64       0x18 zephyr/soc/arm/nordic_nrf/nrf52/libsoc__arm__nordic_nrf__nrf52.a(soc.c.obj)
                0x0000000000001a64                arch_busy_wait
 .text.get_hf_flags
                0x0000000000001a7c        0x8 zephyr/drivers/clock_control/libdrivers__clock_control.a(clock_control_nrf.c.obj)
 .text.get_subsys
                0x0000000000001a84       0x18 zephyr/drivers/clock_control/libdrivers__clock_control.a(clock_control_nrf.c.obj)
 .text.onoff_stop
                0x0000000000001a9c       0x20 zephyr/drivers/clock_control/libdrivers__clock_control.a(clock_control_nrf.c.obj)
 .text.onoff_start
                0x0000000000001abc       0x34 zephyr/drivers/clock_control/libdrivers__clock_control.a(clock_control_nrf.c.obj)
 .text.clock_event_handler
                0x0000000000001af0       0x34 zephyr/drivers/clock_control/libdrivers__clock_control.a(clock_control_nrf.c.obj)
 .text.generic_hfclk_start
                0x0000000000001b24       0x68 zephyr/drivers/clock_control/libdrivers__clock_control.a(clock_control_nrf.c.obj)
 .text.generic_hfclk_stop
                0x0000000000001b8c       0x30 zephyr/drivers/clock_control/libdrivers__clock_control.a(clock_control_nrf.c.obj)
 .text.api_blocking_start
                0x0000000000001bbc       0x38 zephyr/drivers/clock_control/libdrivers__clock_control.a(clock_control_nrf.c.obj)
 .text.clk_init
                0x0000000000001bf4       0x68 zephyr/drivers/clock_control/libdrivers__clock_control.a(clock_control_nrf.c.obj)
 .text.lfclk_spinwait
                0x0000000000001c5c       0xe4 zephyr/drivers/clock_control/libdrivers__clock_control.a(clock_control_nrf.c.obj)
 .text.z_nrf_clock_control_lf_on
                0x0000000000001d40       0x54 zephyr/drivers/clock_control/libdrivers__clock_control.a(clock_control_nrf.c.obj)
                0x0000000000001d40                z_nrf_clock_control_lf_on
 .text.set_comparator
                0x0000000000001d94       0x14 zephyr/drivers/timer/libdrivers__timer.a(nrf_rtc_timer.c.obj)
 .text.get_comparator
                0x0000000000001da8       0x10 zephyr/drivers/timer/libdrivers__timer.a(nrf_rtc_timer.c.obj)
 .text.event_enable
                0x0000000000001db8       0x14 zephyr/drivers/timer/libdrivers__timer.a(nrf_rtc_timer.c.obj)
 .text.event_disable
                0x0000000000001dcc       0x14 zephyr/drivers/timer/libdrivers__timer.a(nrf_rtc_timer.c.obj)
 .text.counter  0x0000000000001de0        0xc zephyr/drivers/timer/libdrivers__timer.a(nrf_rtc_timer.c.obj)
 .text.compare_int_lock
                0x0000000000001dec       0x50 zephyr/drivers/timer/libdrivers__timer.a(nrf_rtc_timer.c.obj)
 .text.channel_processing_check_and_clear
                0x0000000000001e3c       0x78 zephyr/drivers/timer/libdrivers__timer.a(nrf_rtc_timer.c.obj)
 .text.compare_int_unlock
                0x0000000000001eb4       0x60 zephyr/drivers/timer/libdrivers__timer.a(nrf_rtc_timer.c.obj)
 .text.sys_clock_timeout_handler
                0x0000000000001f14       0x78 zephyr/drivers/timer/libdrivers__timer.a(nrf_rtc_timer.c.obj)
 .text.z_nrf_rtc_timer_read
                0x0000000000001f8c       0x40 zephyr/drivers/timer/libdrivers__timer.a(nrf_rtc_timer.c.obj)
                0x0000000000001f8c                z_nrf_rtc_timer_read
 .text.compare_set_nolocks
                0x0000000000001fcc       0xa0 zephyr/drivers/timer/libdrivers__timer.a(nrf_rtc_timer.c.obj)
 .text.sys_clock_driver_init
                0x000000000000206c       0x94 zephyr/drivers/timer/libdrivers__timer.a(nrf_rtc_timer.c.obj)
 .text.process_channel
                0x0000000000002100       0x74 zephyr/drivers/timer/libdrivers__timer.a(nrf_rtc_timer.c.obj)
 .text.rtc_nrf_isr
                0x0000000000002174       0x44 zephyr/drivers/timer/libdrivers__timer.a(nrf_rtc_timer.c.obj)
                0x0000000000002174                rtc_nrf_isr
 .text.sys_clock_set_timeout
                0x00000000000021b8       0x68 zephyr/drivers/timer/libdrivers__timer.a(nrf_rtc_timer.c.obj)
                0x00000000000021b8                sys_clock_set_timeout
 .text.sys_clock_elapsed
                0x0000000000002220       0x14 zephyr/drivers/timer/libdrivers__timer.a(nrf_rtc_timer.c.obj)
                0x0000000000002220                sys_clock_elapsed
 .text.nvmc_wait
                0x0000000000002234       0x10 modules/hal_nordic/nrfx/libmodules__hal_nordic__nrfx.a(system_nrf52840.c.obj)
                0x0000000000002234                nvmc_wait
 .text.nvmc_config
                0x0000000000002244       0x14 modules/hal_nordic/nrfx/libmodules__hal_nordic__nrfx.a(system_nrf52840.c.obj)
                0x0000000000002244                nvmc_config
 .text.SystemCoreClockUpdate
                0x0000000000002258       0x10 modules/hal_nordic/nrfx/libmodules__hal_nordic__nrfx.a(system_nrf52840.c.obj)
                0x0000000000002258                SystemCoreClockUpdate
 .text.SystemInit
                0x0000000000002268      0x1ac modules/hal_nordic/nrfx/libmodules__hal_nordic__nrfx.a(system_nrf52840.c.obj)
                0x0000000000002268                SystemInit
 .text.nrfx_clock_init
                0x0000000000002414       0x28 modules/hal_nordic/nrfx/libmodules__hal_nordic__nrfx.a(nrfx_clock.c.obj)
                0x0000000000002414                nrfx_clock_init
 .text.nrfx_clock_stop
                0x000000000000243c      0x10c modules/hal_nordic/nrfx/libmodules__hal_nordic__nrfx.a(nrfx_clock.c.obj)
                0x000000000000243c                nrfx_clock_stop
 .text.nrfx_power_clock_irq_handler
                0x0000000000002548       0x7c modules/hal_nordic/nrfx/libmodules__hal_nordic__nrfx.a(nrfx_clock.c.obj)
                0x0000000000002548                nrfx_power_clock_irq_handler
 .text.init_idle_thread
                0x00000000000025c4       0x70 zephyr/kernel/libkernel.a(init.c.obj)
 .text.prepare_multithreading
                0x0000000000002634       0x94 zephyr/kernel/libkernel.a(init.c.obj)
 .text.bg_thread_main
                0x00000000000026c8       0x34 zephyr/kernel/libkernel.a(init.c.obj)
 .text.switch_to_main_thread
                0x00000000000026fc       0x14 zephyr/kernel/libkernel.a(init.c.obj)
 .text.z_bss_zero
                0x0000000000002710       0x18 zephyr/kernel/libkernel.a(init.c.obj)
                0x0000000000002710                z_bss_zero
 .text.z_cstart
                0x0000000000002728       0x84 zephyr/kernel/libkernel.a(init.c.obj)
                0x0000000000002728                z_cstart
 .text.init_mem_slab_module
                0x00000000000027ac       0x24 zephyr/kernel/libkernel.a(mem_slab.c.obj)
 .text.k_mem_slab_alloc
                0x00000000000027d0       0x68 zephyr/kernel/libkernel.a(mem_slab.c.obj)
                0x00000000000027d0                k_mem_slab_alloc
 .text.z_thread_monitor_exit
                0x0000000000002838       0x40 zephyr/kernel/libkernel.a(thread.c.obj)
                0x0000000000002838                z_thread_monitor_exit
 .text.schedule_new_thread
                0x0000000000002878       0x1c zephyr/kernel/libkernel.a(thread.c.obj)
 .text.z_setup_new_thread
                0x0000000000002894       0xc8 zephyr/kernel/libkernel.a(thread.c.obj)
                0x0000000000002894                z_setup_new_thread
 .text.z_init_static_threads
                0x000000000000295c       0x94 zephyr/kernel/libkernel.a(thread.c.obj)
                0x000000000000295c                z_init_static_threads
 .text.idle     0x00000000000029f0       0x2c zephyr/kernel/libkernel.a(idle.c.obj)
                0x00000000000029f0                idle
 .text.z_impl_k_mutex_lock
                0x0000000000002a1c      0x114 zephyr/kernel/libkernel.a(mutex.c.obj)
                0x0000000000002a1c                z_impl_k_mutex_lock
 .text.z_impl_k_mutex_unlock
                0x0000000000002b30       0x88 zephyr/kernel/libkernel.a(mutex.c.obj)
                0x0000000000002b30                z_impl_k_mutex_unlock
 .text.z_impl_k_sem_give
                0x0000000000002bb8       0x48 zephyr/kernel/libkernel.a(sem.c.obj)
                0x0000000000002bb8                z_impl_k_sem_give
 .text.z_impl_k_sem_take
                0x0000000000002c00       0x50 zephyr/kernel/libkernel.a(sem.c.obj)
                0x0000000000002c00                z_impl_k_sem_take
 .text.add_thread_timeout
                0x0000000000002c50       0x20 zephyr/kernel/libkernel.a(sched.c.obj)
 .text.z_reset_time_slice
                0x0000000000002c70       0x2c zephyr/kernel/libkernel.a(sched.c.obj)
                0x0000000000002c70                z_reset_time_slice
 .text.k_sched_time_slice_set
                0x0000000000002c9c       0x70 zephyr/kernel/libkernel.a(sched.c.obj)
                0x0000000000002c9c                k_sched_time_slice_set
 .text.z_reschedule
                0x0000000000002d0c       0x38 zephyr/kernel/libkernel.a(sched.c.obj)
                0x0000000000002d0c                z_reschedule
 .text.k_sched_lock
                0x0000000000002d44       0x34 zephyr/kernel/libkernel.a(sched.c.obj)
                0x0000000000002d44                k_sched_lock
 .text.update_cache
                0x0000000000002d78       0x4c zephyr/kernel/libkernel.a(sched.c.obj)
 .text.move_thread_to_end_of_prio_q
                0x0000000000002dc4       0x88 zephyr/kernel/libkernel.a(sched.c.obj)
 .text.z_time_slice
                0x0000000000002e4c       0xac zephyr/kernel/libkernel.a(sched.c.obj)
                0x0000000000002e4c                z_time_slice
 .text.ready_thread
                0x0000000000002ef8       0x80 zephyr/kernel/libkernel.a(sched.c.obj)
 .text.z_sched_start
                0x0000000000002f78       0x3c zephyr/kernel/libkernel.a(sched.c.obj)
                0x0000000000002f78                z_sched_start
 .text.unready_thread
                0x0000000000002fb4       0x38 zephyr/kernel/libkernel.a(sched.c.obj)
 .text.z_pend_curr
                0x0000000000002fec       0x28 zephyr/kernel/libkernel.a(sched.c.obj)
                0x0000000000002fec                z_pend_curr
 .text.z_set_prio
                0x0000000000003014       0xc0 zephyr/kernel/libkernel.a(sched.c.obj)
                0x0000000000003014                z_set_prio
 .text.z_impl_k_thread_suspend
                0x00000000000030d4       0x84 zephyr/kernel/libkernel.a(sched.c.obj)
                0x00000000000030d4                z_impl_k_thread_suspend
 .text.k_sched_unlock
                0x0000000000003158       0x50 zephyr/kernel/libkernel.a(sched.c.obj)
                0x0000000000003158                k_sched_unlock
 .text.end_thread
                0x00000000000031a8       0x9c zephyr/kernel/libkernel.a(sched.c.obj)
 .text.z_sched_init
                0x0000000000003244       0x18 zephyr/kernel/libkernel.a(sched.c.obj)
                0x0000000000003244                z_sched_init
 .text.z_impl_k_yield
                0x000000000000325c       0x88 zephyr/kernel/libkernel.a(sched.c.obj)
                0x000000000000325c                z_impl_k_yield
 .text.z_tick_sleep
                0x00000000000032e4       0x98 zephyr/kernel/libkernel.a(sched.c.obj)
 .text.z_impl_k_sleep
                0x000000000000337c       0x58 zephyr/kernel/libkernel.a(sched.c.obj)
                0x000000000000337c                z_impl_k_sleep
 .text.z_impl_z_current_get
                0x00000000000033d4        0xc zephyr/kernel/libkernel.a(sched.c.obj)
                0x00000000000033d4                z_impl_z_current_get
 .text.z_thread_abort
                0x00000000000033e0       0x50 zephyr/kernel/libkernel.a(sched.c.obj)
                0x00000000000033e0                z_thread_abort
 .text.z_data_copy
                0x0000000000003430       0x34 zephyr/kernel/libkernel.a(xip.c.obj)
                0x0000000000003430                z_data_copy
 .text.first    0x0000000000003464       0x14 zephyr/kernel/libkernel.a(timeout.c.obj)
 .text.next     0x0000000000003478       0x18 zephyr/kernel/libkernel.a(timeout.c.obj)
 .text.elapsed  0x0000000000003490       0x18 zephyr/kernel/libkernel.a(timeout.c.obj)
 .text.next_timeout
                0x00000000000034a8       0x4c zephyr/kernel/libkernel.a(timeout.c.obj)
 .text.z_add_timeout
                0x00000000000034f4      0x11c zephyr/kernel/libkernel.a(timeout.c.obj)
                0x00000000000034f4                z_add_timeout
 .text.sys_clock_announce
                0x0000000000003610       0xc4 zephyr/kernel/libkernel.a(timeout.c.obj)
                0x0000000000003610                sys_clock_announce
 .text.sys_clock_tick_get
                0x00000000000036d4       0x40 zephyr/kernel/libkernel.a(timeout.c.obj)
                0x00000000000036d4                sys_clock_tick_get
 .text.z_device_state_init
                0x0000000000003714       0x18 zephyr/kernel/libkernel.a(device.c.obj)
                0x0000000000003714                z_device_state_init
 .text.z_sys_init_run_level
                0x000000000000372c       0x50 zephyr/kernel/libkernel.a(device.c.obj)
                0x000000000000372c                z_sys_init_run_level
 .text.nrf_cc3xx_platform_init_no_rng
                0x000000000000377c       0x38 /home/zhershkovitch/workspace/ncs/nrfxlib/crypto/nrf_cc310_platform/lib/cortex-m4/soft-float/no-interrupts/libnrf_cc310_platform_0.9.13.a(nrf_cc3xx_platform.c.obj)
                0x000000000000377c                nrf_cc3xx_platform_init_no_rng
 .text.nrf_cc3xx_platform_abort
                0x00000000000037b4       0x24 /home/zhershkovitch/workspace/ncs/nrfxlib/crypto/nrf_cc310_platform/lib/cortex-m4/soft-float/no-interrupts/libnrf_cc310_platform_0.9.13.a(nrf_cc3xx_platform_abort.c.obj)
 .text.CC_PalAbort
                0x00000000000037d8       0x40 /home/zhershkovitch/workspace/ncs/nrfxlib/crypto/nrf_cc310_platform/lib/cortex-m4/soft-float/no-interrupts/libnrf_cc310_platform_0.9.13.a(nrf_cc3xx_platform_abort.c.obj)
                0x00000000000037d8                CC_PalAbort
 .text.nrf_cc3xx_platform_set_abort
                0x0000000000003818       0x10 /home/zhershkovitch/workspace/ncs/nrfxlib/crypto/nrf_cc310_platform/lib/cortex-m4/soft-float/no-interrupts/libnrf_cc310_platform_0.9.13.a(nrf_cc3xx_platform_abort.c.obj)
                0x0000000000003818                nrf_cc3xx_platform_set_abort
 .text.mutex_free
                0x0000000000003828       0x28 /home/zhershkovitch/workspace/ncs/nrfxlib/crypto/nrf_cc310_platform/lib/cortex-m4/soft-float/no-interrupts/libnrf_cc310_platform_0.9.13.a(nrf_cc3xx_platform_mutex.c.obj)
 .text.mutex_unlock
                0x0000000000003850       0x2c /home/zhershkovitch/workspace/ncs/nrfxlib/crypto/nrf_cc310_platform/lib/cortex-m4/soft-float/no-interrupts/libnrf_cc310_platform_0.9.13.a(nrf_cc3xx_platform_mutex.c.obj)
 .text.mutex_init
                0x000000000000387c       0x1c /home/zhershkovitch/workspace/ncs/nrfxlib/crypto/nrf_cc310_platform/lib/cortex-m4/soft-float/no-interrupts/libnrf_cc310_platform_0.9.13.a(nrf_cc3xx_platform_mutex.c.obj)
 .text.mutex_lock
                0x0000000000003898       0x44 /home/zhershkovitch/workspace/ncs/nrfxlib/crypto/nrf_cc310_platform/lib/cortex-m4/soft-float/no-interrupts/libnrf_cc310_platform_0.9.13.a(nrf_cc3xx_platform_mutex.c.obj)
 .text.nrf_cc3xx_platform_set_mutexes
                0x00000000000038dc       0x60 /home/zhershkovitch/workspace/ncs/nrfxlib/crypto/nrf_cc310_platform/lib/cortex-m4/soft-float/no-interrupts/libnrf_cc310_platform_0.9.13.a(nrf_cc3xx_platform_mutex.c.obj)
                0x00000000000038dc                nrf_cc3xx_platform_set_mutexes
 .text.CC_LibInitNoRng
                0x000000000000393c       0x6c /home/zhershkovitch/workspace/ncs/nrfxlib/crypto/nrf_cc310_platform/lib/cortex-m4/soft-float/no-interrupts/libnrf_cc310_platform_0.9.13.a(cc_lib.c.obj)
                0x000000000000393c                CC_LibInitNoRng
 .text.CC_HalInit
                0x00000000000039a8        0x4 /home/zhershkovitch/workspace/ncs/nrfxlib/crypto/nrf_cc310_platform/lib/cortex-m4/soft-float/no-interrupts/libnrf_cc310_platform_0.9.13.a(cc_hal.c.obj)
                0x00000000000039a8                CC_HalInit
 .text.CC_HalTerminate
                0x00000000000039ac        0x4 /home/zhershkovitch/workspace/ncs/nrfxlib/crypto/nrf_cc310_platform/lib/cortex-m4/soft-float/no-interrupts/libnrf_cc310_platform_0.9.13.a(cc_hal.c.obj)
                0x00000000000039ac                CC_HalTerminate
 .text.CC_HalMaskInterrupt
                0x00000000000039b0        0xc /home/zhershkovitch/workspace/ncs/nrfxlib/crypto/nrf_cc310_platform/lib/cortex-m4/soft-float/no-interrupts/libnrf_cc310_platform_0.9.13.a(cc_hal.c.obj)
                0x00000000000039b0                CC_HalMaskInterrupt
 .text.CC_PalInit
                0x00000000000039bc       0x5c /home/zhershkovitch/workspace/ncs/nrfxlib/crypto/nrf_cc310_platform/lib/cortex-m4/soft-float/no-interrupts/libnrf_cc310_platform_0.9.13.a(cc_pal.c.obj)
                0x00000000000039bc                CC_PalInit
 .text.CC_PalTerminate
                0x0000000000003a18       0x34 /home/zhershkovitch/workspace/ncs/nrfxlib/crypto/nrf_cc310_platform/lib/cortex-m4/soft-float/no-interrupts/libnrf_cc310_platform_0.9.13.a(cc_pal.c.obj)
                0x0000000000003a18                CC_PalTerminate
 .text.CC_PalDmaInit
                0x0000000000003a4c        0x4 /home/zhershkovitch/workspace/ncs/nrfxlib/crypto/nrf_cc310_platform/lib/cortex-m4/soft-float/no-interrupts/libnrf_cc310_platform_0.9.13.a(cc_pal_dma.c.obj)
                0x0000000000003a4c                CC_PalDmaInit
 .text.CC_PalDmaTerminate
                0x0000000000003a50        0x4 /home/zhershkovitch/workspace/ncs/nrfxlib/crypto/nrf_cc310_platform/lib/cortex-m4/soft-float/no-interrupts/libnrf_cc310_platform_0.9.13.a(cc_pal_dma.c.obj)
                0x0000000000003a50                CC_PalDmaTerminate
 .text.CC_PalMutexCreate
                0x0000000000003a54       0x14 /home/zhershkovitch/workspace/ncs/nrfxlib/crypto/nrf_cc310_platform/lib/cortex-m4/soft-float/no-interrupts/libnrf_cc310_platform_0.9.13.a(cc_pal_mutex.c.obj)
                0x0000000000003a54                CC_PalMutexCreate
 .text.CC_PalMutexDestroy
                0x0000000000003a68       0x14 /home/zhershkovitch/workspace/ncs/nrfxlib/crypto/nrf_cc310_platform/lib/cortex-m4/soft-float/no-interrupts/libnrf_cc310_platform_0.9.13.a(cc_pal_mutex.c.obj)
                0x0000000000003a68                CC_PalMutexDestroy
 .text.CC_PalPowerSaveModeInit
                0x0000000000003a7c       0x3c /home/zhershkovitch/workspace/ncs/nrfxlib/crypto/nrf_cc310_platform/lib/cortex-m4/soft-float/no-interrupts/libnrf_cc310_platform_0.9.13.a(cc_pal_pm.c.obj)
                0x0000000000003a7c                CC_PalPowerSaveModeInit
 .text.CC_PalPowerSaveModeSelect
                0x0000000000003ab8       0x84 /home/zhershkovitch/workspace/ncs/nrfxlib/crypto/nrf_cc310_platform/lib/cortex-m4/soft-float/no-interrupts/libnrf_cc310_platform_0.9.13.a(cc_pal_pm.c.obj)
                0x0000000000003ab8                CC_PalPowerSaveModeSelect
 .text._OffsetAbsSyms
                0x0000000000003b3c        0x2 zephyr/CMakeFiles/offsets.dir/./arch/arm/core/offsets/offsets.c.obj
                0x0000000000003b3c                _OffsetAbsSyms
 .text.sys_notify_validate
                0x0000000000003b3e       0x2e zephyr/libzephyr.a(notify.c.obj)
                0x0000000000003b3e                sys_notify_validate
 .text.sys_notify_finalize
                0x0000000000003b6c       0x1a zephyr/libzephyr.a(notify.c.obj)
                0x0000000000003b6c                sys_notify_finalize
 .text.arch_printk_char_out
                0x0000000000003b86        0x4 zephyr/libzephyr.a(printk.c.obj)
                0x0000000000003b86                arch_printk_char_out
 .text.str_out  0x0000000000003b8a       0x30 zephyr/libzephyr.a(printk.c.obj)
 .text.printk   0x0000000000003bba       0x1c zephyr/libzephyr.a(printk.c.obj)
                0x0000000000003bba                printk
 .text.snprintk
                0x0000000000003bd6       0x1c zephyr/libzephyr.a(printk.c.obj)
                0x0000000000003bd6                snprintk
 .text.set_state
                0x0000000000003bf2       0x10 zephyr/libzephyr.a(onoff.c.obj)
 .text.notify_monitors
                0x0000000000003c02       0x3e zephyr/libzephyr.a(onoff.c.obj)
 .text.process_recheck
                0x0000000000003c40       0x32 zephyr/libzephyr.a(onoff.c.obj)
 .text.process_complete
                0x0000000000003c72       0x9c zephyr/libzephyr.a(onoff.c.obj)
 .text.validate_args
                0x0000000000003d0e       0x2c zephyr/libzephyr.a(onoff.c.obj)
 .text.notify_one
                0x0000000000003d3a       0x26 zephyr/libzephyr.a(onoff.c.obj)
 .text.notify_all
                0x0000000000003d60       0x2e zephyr/libzephyr.a(onoff.c.obj)
 .text.transition_complete
                0x0000000000003d8e       0x1c zephyr/libzephyr.a(onoff.c.obj)
 .text.onoff_manager_init
                0x0000000000003daa       0x3a zephyr/libzephyr.a(onoff.c.obj)
                0x0000000000003daa                onoff_manager_init
 .text.onoff_request
                0x0000000000003de4       0xb8 zephyr/libzephyr.a(onoff.c.obj)
                0x0000000000003de4                onoff_request
 .text.z_thread_entry
                0x0000000000003e9c       0x14 zephyr/libzephyr.a(thread_entry.c.obj)
                0x0000000000003e9c                z_thread_entry
 .text.extract_decimal
                0x0000000000003eb0       0x24 zephyr/libzephyr.a(cbprintf_complete.c.obj)
 .text.encode_uint
                0x0000000000003ed4       0xd4 zephyr/libzephyr.a(cbprintf_complete.c.obj)
 .text.outs     0x0000000000003fa8       0x34 zephyr/libzephyr.a(cbprintf_complete.c.obj)
 .text._ConfigAbsSyms
                0x0000000000003fdc        0x2 zephyr/libzephyr.a(configs.c.obj)
                0x0000000000003fdc                _ConfigAbsSyms
 .text.pm_policy_next_state
                0x0000000000003fde        0xa zephyr/libzephyr.a(residency.c.obj)
                0x0000000000003fde                pm_policy_next_state
 .text.abort_function
                0x0000000000003fe8        0x8 zephyr/libzephyr.a(nrf_cc3xx_platform_abort_zephyr.c.obj)
 .text.z_arm_fatal_error
                0x0000000000003ff0        0x8 zephyr/arch/arch/arm/core/aarch32/libarch__arm__core__aarch32.a(fatal.c.obj)
                0x0000000000003ff0                z_arm_fatal_error
 .text.z_do_kernel_oops
                0x0000000000003ff8        0xc zephyr/arch/arch/arm/core/aarch32/libarch__arm__core__aarch32.a(fatal.c.obj)
                0x0000000000003ff8                z_do_kernel_oops
 .text.z_irq_spurious
                0x0000000000004004        0xc zephyr/arch/arch/arm/core/aarch32/libarch__arm__core__aarch32.a(irq_manage.c.obj)
                0x0000000000004004                z_irq_spurious
 .text.z_arm_nmi
                0x0000000000004010        0xc zephyr/arch/arch/arm/core/aarch32/libarch__arm__core__aarch32.a(nmi.c.obj)
                0x0000000000004010                z_arm_nmi
 .text.memory_fault_recoverable
                0x000000000000401c        0x4 zephyr/arch/arch/arm/core/aarch32/cortex_m/libarch__arm__core__aarch32__cortex_m.a(fault.c.obj)
 .text.debug_monitor
                0x0000000000004020        0x6 zephyr/arch/arch/arm/core/aarch32/cortex_m/libarch__arm__core__aarch32__cortex_m.a(fault.c.obj)
 .text.fault_handle
                0x0000000000004026       0x46 zephyr/arch/arch/arm/core/aarch32/cortex_m/libarch__arm__core__aarch32__cortex_m.a(fault.c.obj)
 .text.mpu_partition_is_valid
                0x000000000000406c       0x22 zephyr/arch/arch/arm/core/aarch32/mpu/libarch__arm__core__aarch32__mpu.a(arm_mpu.c.obj)
 .text.region_allocate_and_init
                0x000000000000408e       0x16 zephyr/arch/arch/arm/core/aarch32/mpu/libarch__arm__core__aarch32__mpu.a(arm_mpu.c.obj)
 .text.mpu_configure_region
                0x00000000000040a4       0x3e zephyr/arch/arch/arm/core/aarch32/mpu/libarch__arm__core__aarch32__mpu.a(arm_mpu.c.obj)
 .text.mpu_configure_regions
                0x00000000000040e2       0x50 zephyr/arch/arch/arm/core/aarch32/mpu/libarch__arm__core__aarch32__mpu.a(arm_mpu.c.obj)
 .text.arm_core_mpu_configure_static_mpu_regions
                0x0000000000004132        0x8 zephyr/arch/arch/arm/core/aarch32/mpu/libarch__arm__core__aarch32__mpu.a(arm_mpu.c.obj)
                0x0000000000004132                arm_core_mpu_configure_static_mpu_regions
 .text.arm_core_mpu_configure_dynamic_mpu_regions
                0x000000000000413a        0x8 zephyr/arch/arch/arm/core/aarch32/mpu/libarch__arm__core__aarch32__mpu.a(arm_mpu.c.obj)
                0x000000000000413a                arm_core_mpu_configure_dynamic_mpu_regions
 .text.strncpy  0x0000000000004142       0x34 zephyr/lib/libc/minimal/liblib__libc__minimal.a(string.c.obj)
                0x0000000000004142                strncpy
 .text.strlen   0x0000000000004176       0x12 zephyr/lib/libc/minimal/liblib__libc__minimal.a(string.c.obj)
                0x0000000000004176                strlen
 .text.strnlen  0x0000000000004188       0x14 zephyr/lib/libc/minimal/liblib__libc__minimal.a(string.c.obj)
                0x0000000000004188                strnlen
 .text.memcpy   0x000000000000419c       0x5e zephyr/lib/libc/minimal/liblib__libc__minimal.a(string.c.obj)
                0x000000000000419c                memcpy
 .text.memset   0x00000000000041fa       0x3c zephyr/lib/libc/minimal/liblib__libc__minimal.a(string.c.obj)
                0x00000000000041fa                memset
 .text.pm_power_state_set
                0x0000000000004236       0x26 zephyr/soc/arm/nordic_nrf/nrf52/libsoc__arm__nordic_nrf__nrf52.a(power.c.obj)
                0x0000000000004236                pm_power_state_set
 .text.pm_power_state_exit_post_ops
                0x000000000000425c       0x16 zephyr/soc/arm/nordic_nrf/nrf52/libsoc__arm__nordic_nrf__nrf52.a(power.c.obj)
                0x000000000000425c                pm_power_state_exit_post_ops
 .text.get_sub_data
                0x0000000000004272        0xe zephyr/drivers/clock_control/libdrivers__clock_control.a(clock_control_nrf.c.obj)
 .text.get_sub_config
                0x0000000000004280        0x8 zephyr/drivers/clock_control/libdrivers__clock_control.a(clock_control_nrf.c.obj)
 .text.get_onoff_manager
                0x0000000000004288        0xc zephyr/drivers/clock_control/libdrivers__clock_control.a(clock_control_nrf.c.obj)
 .text.get_status
                0x0000000000004294       0x10 zephyr/drivers/clock_control/libdrivers__clock_control.a(clock_control_nrf.c.obj)
 .text.set_off_state
                0x00000000000042a4       0x32 zephyr/drivers/clock_control/libdrivers__clock_control.a(clock_control_nrf.c.obj)
 .text.set_starting_state
                0x00000000000042d6       0x3c zephyr/drivers/clock_control/libdrivers__clock_control.a(clock_control_nrf.c.obj)
 .text.set_on_state
                0x0000000000004312       0x26 zephyr/drivers/clock_control/libdrivers__clock_control.a(clock_control_nrf.c.obj)
 .text.clkstarted_handle
                0x0000000000004338       0x24 zephyr/drivers/clock_control/libdrivers__clock_control.a(clock_control_nrf.c.obj)
 .text.stop     0x000000000000435c       0x2a zephyr/drivers/clock_control/libdrivers__clock_control.a(clock_control_nrf.c.obj)
 .text.api_stop
                0x0000000000004386        0xa zephyr/drivers/clock_control/libdrivers__clock_control.a(clock_control_nrf.c.obj)
 .text.async_start
                0x0000000000004390       0x38 zephyr/drivers/clock_control/libdrivers__clock_control.a(clock_control_nrf.c.obj)
 .text.api_start
                0x00000000000043c8       0x10 zephyr/drivers/clock_control/libdrivers__clock_control.a(clock_control_nrf.c.obj)
 .text.onoff_started_callback
                0x00000000000043d8       0x10 zephyr/drivers/clock_control/libdrivers__clock_control.a(clock_control_nrf.c.obj)
 .text.hfclk_start
                0x00000000000043e8        0xa zephyr/drivers/clock_control/libdrivers__clock_control.a(clock_control_nrf.c.obj)
 .text.lfclk_start
                0x00000000000043f2        0xa zephyr/drivers/clock_control/libdrivers__clock_control.a(clock_control_nrf.c.obj)
 .text.hfclk_stop
                0x00000000000043fc        0xa zephyr/drivers/clock_control/libdrivers__clock_control.a(clock_control_nrf.c.obj)
 .text.lfclk_stop
                0x0000000000004406        0xa zephyr/drivers/clock_control/libdrivers__clock_control.a(clock_control_nrf.c.obj)
 .text.blocking_start_callback
                0x0000000000004410        0xa zephyr/drivers/clock_control/libdrivers__clock_control.a(clock_control_nrf.c.obj)
 .text.sys_clock_idle_exit
                0x000000000000441a        0x2 zephyr/drivers/timer/libdrivers__timer.a(sys_clock_init.c.obj)
                0x000000000000441a                sys_clock_idle_exit
 .text.counter_sub
                0x000000000000441c        0x8 zephyr/drivers/timer/libdrivers__timer.a(nrf_rtc_timer.c.obj)
 .text.event_clear
                0x0000000000004424       0x18 zephyr/drivers/timer/libdrivers__timer.a(nrf_rtc_timer.c.obj)
 .text.absolute_time_to_cc
                0x000000000000443c        0x6 zephyr/drivers/timer/libdrivers__timer.a(nrf_rtc_timer.c.obj)
 .text.full_int_lock
                0x0000000000004442       0x12 zephyr/drivers/timer/libdrivers__timer.a(nrf_rtc_timer.c.obj)
 .text.full_int_unlock
                0x0000000000004454        0xa zephyr/drivers/timer/libdrivers__timer.a(nrf_rtc_timer.c.obj)
 .text.set_absolute_alarm
                0x000000000000445e       0x76 zephyr/drivers/timer/libdrivers__timer.a(nrf_rtc_timer.c.obj)
 .text.compare_set
                0x00000000000044d4       0x32 zephyr/drivers/timer/libdrivers__timer.a(nrf_rtc_timer.c.obj)
 .text.k_sys_fatal_error_handler
                0x0000000000004506        0x8 modules/nrf/lib/fatal_error/lib..__nrf__lib__fatal_error.a(fatal_error.c.obj)
                0x0000000000004506                k_sys_fatal_error_handler
 .text.hw_cc3xx_init_internal
                0x000000000000450e        0x8 modules/nrf/drivers/hw_cc310/lib..__nrf__drivers__hw_cc310.a(hw_cc310.c.obj)
 .text.hw_cc3xx_init
                0x0000000000004516       0x14 modules/nrf/drivers/hw_cc310/lib..__nrf__drivers__hw_cc310.a(hw_cc310.c.obj)
 .text.nrf52_errata_36
                0x000000000000452a       0x14 modules/hal_nordic/nrfx/libmodules__hal_nordic__nrfx.a(system_nrf52840.c.obj)
 .text.nrf52_errata_66
                0x000000000000453e       0x14 modules/hal_nordic/nrfx/libmodules__hal_nordic__nrfx.a(system_nrf52840.c.obj)
 .text.nrf52_errata_98
                0x0000000000004552       0x26 modules/hal_nordic/nrfx/libmodules__hal_nordic__nrfx.a(system_nrf52840.c.obj)
 .text.nrf52_errata_103
                0x0000000000004578       0x26 modules/hal_nordic/nrfx/libmodules__hal_nordic__nrfx.a(system_nrf52840.c.obj)
 .text.nrf52_errata_115
                0x000000000000459e       0x26 modules/hal_nordic/nrfx/libmodules__hal_nordic__nrfx.a(system_nrf52840.c.obj)
 .text.nrf52_errata_120
                0x00000000000045c4       0x26 modules/hal_nordic/nrfx/libmodules__hal_nordic__nrfx.a(system_nrf52840.c.obj)
 .text.nrf52_errata_136
                0x00000000000045ea       0x14 modules/hal_nordic/nrfx/libmodules__hal_nordic__nrfx.a(system_nrf52840.c.obj)
 .text.nrf52_configuration_249
                0x00000000000045fe       0x20 modules/hal_nordic/nrfx/libmodules__hal_nordic__nrfx.a(system_nrf52840.c.obj)
 .text.nrfx_isr
                0x000000000000461e        0x6 modules/hal_nordic/nrfx/libmodules__hal_nordic__nrfx.a(nrfx_glue.c.obj)
                0x000000000000461e                nrfx_isr
 .text.nrfx_busy_wait
                0x0000000000004624        0x8 modules/hal_nordic/nrfx/libmodules__hal_nordic__nrfx.a(nrfx_glue.c.obj)
                0x0000000000004624                nrfx_busy_wait
 .text.nrfx_clock_enable
                0x000000000000462c       0x12 modules/hal_nordic/nrfx/libmodules__hal_nordic__nrfx.a(nrfx_clock.c.obj)
                0x000000000000462c                nrfx_clock_enable
 .text.nrfx_clock_start
                0x000000000000463e       0x6a modules/hal_nordic/nrfx/libmodules__hal_nordic__nrfx.a(nrfx_clock.c.obj)
                0x000000000000463e                nrfx_clock_start
 .text.z_fatal_error
                0x00000000000046a8       0x34 zephyr/kernel/libkernel.a(fatal.c.obj)
                0x00000000000046a8                z_fatal_error
 .text.create_free_list
                0x00000000000046dc       0x2e zephyr/kernel/libkernel.a(mem_slab.c.obj)
 .text.k_mem_slab_init
                0x000000000000470a       0x1c zephyr/kernel/libkernel.a(mem_slab.c.obj)
                0x000000000000470a                k_mem_slab_init
 .text.k_mem_slab_free
                0x0000000000004726       0x58 zephyr/kernel/libkernel.a(mem_slab.c.obj)
                0x0000000000004726                k_mem_slab_free
 .text.setup_thread_stack
                0x000000000000477e       0x24 zephyr/kernel/libkernel.a(thread.c.obj)
 .text.k_is_in_isr
                0x00000000000047a2        0xc zephyr/kernel/libkernel.a(thread.c.obj)
                0x00000000000047a2                k_is_in_isr
 .text.z_impl_k_thread_start
                0x00000000000047ae        0x8 zephyr/kernel/libkernel.a(thread.c.obj)
                0x00000000000047ae                z_impl_k_thread_start
 .text.z_init_thread_base
                0x00000000000047b6       0x16 zephyr/kernel/libkernel.a(thread.c.obj)
                0x00000000000047b6                z_init_thread_base
 .text.z_pm_save_idle_exit
                0x00000000000047cc        0xc zephyr/kernel/libkernel.a(idle.c.obj)
                0x00000000000047cc                z_pm_save_idle_exit
 .text.new_prio_for_inheritance
                0x00000000000047d8       0x16 zephyr/kernel/libkernel.a(mutex.c.obj)
 .text.adjust_owner_prio
                0x00000000000047ee       0x16 zephyr/kernel/libkernel.a(mutex.c.obj)
 .text.z_impl_k_mutex_init
                0x0000000000004804        0xe zephyr/kernel/libkernel.a(mutex.c.obj)
                0x0000000000004804                z_impl_k_mutex_init
 .text.thread_active_elsewhere
                0x0000000000004812        0x4 zephyr/kernel/libkernel.a(sched.c.obj)
 .text.pended_on_thread
                0x0000000000004816        0x4 zephyr/kernel/libkernel.a(sched.c.obj)
 .text.z_sched_prio_cmp
                0x000000000000481a       0x14 zephyr/kernel/libkernel.a(sched.c.obj)
                0x000000000000481a                z_sched_prio_cmp
 .text.z_reschedule_irqlock
                0x000000000000482e       0x2a zephyr/kernel/libkernel.a(sched.c.obj)
                0x000000000000482e                z_reschedule_irqlock
 .text.z_priq_dumb_remove
                0x0000000000004858       0x10 zephyr/kernel/libkernel.a(sched.c.obj)
                0x0000000000004858                z_priq_dumb_remove
 .text.z_priq_dumb_best
                0x0000000000004868        0xe zephyr/kernel/libkernel.a(sched.c.obj)
                0x0000000000004868                z_priq_dumb_best
 .text.z_ready_thread
                0x0000000000004876       0x38 zephyr/kernel/libkernel.a(sched.c.obj)
                0x0000000000004876                z_ready_thread
 .text.z_thread_timeout
                0x00000000000048ae       0x70 zephyr/kernel/libkernel.a(sched.c.obj)
                0x00000000000048ae                z_thread_timeout
 .text.add_to_waitq_locked
                0x000000000000491e       0x54 zephyr/kernel/libkernel.a(sched.c.obj)
 .text.pend     0x0000000000004972       0x44 zephyr/kernel/libkernel.a(sched.c.obj)
 .text.z_unpend_first_thread
                0x00000000000049b6       0x56 zephyr/kernel/libkernel.a(sched.c.obj)
                0x00000000000049b6                z_unpend_first_thread
 .text.init_ready_q
                0x0000000000004a0c        0x8 zephyr/kernel/libkernel.a(sched.c.obj)
                0x0000000000004a0c                init_ready_q
 .text.remove_timeout
                0x0000000000004a14       0x2e zephyr/kernel/libkernel.a(timeout.c.obj)
 .text.z_abort_timeout
                0x0000000000004a42       0x3c zephyr/kernel/libkernel.a(timeout.c.obj)
                0x0000000000004a42                z_abort_timeout
 .text.z_get_next_timeout_expiry
                0x0000000000004a7e       0x2e zephyr/kernel/libkernel.a(timeout.c.obj)
                0x0000000000004a7e                z_get_next_timeout_expiry
 .text.z_set_timeout_expiry
                0x0000000000004aac       0x56 zephyr/kernel/libkernel.a(timeout.c.obj)
                0x0000000000004aac                z_set_timeout_expiry
 .text.sys_clock_tick_get_32
                0x0000000000004b02        0x8 zephyr/kernel/libkernel.a(timeout.c.obj)
                0x0000000000004b02                sys_clock_tick_get_32
 .text.z_impl_k_busy_wait
                0x0000000000004b0a        0xc zephyr/kernel/libkernel.a(timeout.c.obj)
                0x0000000000004b0a                z_impl_k_busy_wait
 .text.boot_banner
                0x0000000000004b16        0x2 zephyr/kernel/libkernel.a(banner.c.obj)
                0x0000000000004b16                boot_banner
 *(SORT_BY_ALIGNMENT(.TEXT.*))
 .TEXT.z_arm_platform_init
                0x0000000000004b18        0x4 zephyr/libzephyr.a(soc_nrf_common.S.obj)
                0x0000000000004b18                z_arm_platform_init
 *(SORT_BY_ALIGNMENT(.gnu.linkonce.t.*))
 *(SORT_BY_ALIGNMENT(.glue_7t))
 .glue_7t       0x0000000000004b1c        0x0 linker stubs
 *(SORT_BY_ALIGNMENT(.glue_7))
 .glue_7        0x0000000000004b1c        0x0 linker stubs
 *(SORT_BY_ALIGNMENT(.vfp11_veneer))
 .vfp11_veneer  0x0000000000004b1c        0x0 linker stubs
 *(SORT_BY_ALIGNMENT(.v4_bx))
 .v4_bx         0x0000000000004b1c        0x0 linker stubs
                0x0000000000004b1c                __text_region_end = .

.ARM.exidx      0x0000000000004b1c        0x8
                0x0000000000004b1c                __exidx_start = .
 *(SORT_BY_ALIGNMENT(.ARM.exidx*) SORT_BY_ALIGNMENT(gnu.linkonce.armexidx.*))
 .ARM.exidx     0x0000000000004b1c        0x8 /opt/gcc-arm-none-eabi-10.3-2021.10/bin/../lib/gcc/arm-none-eabi/10.3.1/thumb/v7e-m/nofp/libgcc.a(_udivmoddi4.o)
                0x0000000000004b24                __exidx_end = .
                0x0000000000004b24                __rodata_region_start = .

initlevel       0x0000000000004b24       0x30
                0x0000000000004b24                __init_start = .
                0x0000000000004b24                __init_PRE_KERNEL_1_start = .
 *(SORT_BY_NAME(SORT_BY_ALIGNMENT(.z_init_PRE_KERNEL_1[0-9]_*)))
 .z_init_PRE_KERNEL_10_
                0x0000000000004b24        0x8 zephyr/soc/arm/nordic_nrf/nrf52/libsoc__arm__nordic_nrf__nrf52.a(soc.c.obj)
 *(SORT_BY_NAME(SORT_BY_ALIGNMENT(.z_init_PRE_KERNEL_1[1-9][0-9]_*)))
 .z_init_PRE_KERNEL_130_
                0x0000000000004b2c        0x8 zephyr/drivers/clock_control/libdrivers__clock_control.a(clock_control_nrf.c.obj)
 .z_init_PRE_KERNEL_130_
                0x0000000000004b34        0x8 zephyr/kernel/libkernel.a(mem_slab.c.obj)
 .z_init_PRE_KERNEL_140_
                0x0000000000004b3c        0x8 modules/nrf/drivers/hw_cc310/lib..__nrf__drivers__hw_cc310.a(hw_cc310.c.obj)
                0x0000000000004b44                __init_PRE_KERNEL_2_start = .
 *(SORT_BY_NAME(SORT_BY_ALIGNMENT(.z_init_PRE_KERNEL_2[0-9]_*)))
 .z_init_PRE_KERNEL_20_
                0x0000000000004b44        0x8 zephyr/drivers/timer/libdrivers__timer.a(nrf_rtc_timer.c.obj)
 *(SORT_BY_NAME(SORT_BY_ALIGNMENT(.z_init_PRE_KERNEL_2[1-9][0-9]_*)))
                0x0000000000004b4c                __init_POST_KERNEL_start = .
 *(SORT_BY_NAME(SORT_BY_ALIGNMENT(.z_init_POST_KERNEL[0-9]_*)))
 *(SORT_BY_NAME(SORT_BY_ALIGNMENT(.z_init_POST_KERNEL[1-9][0-9]_*)))
 .z_init_POST_KERNEL40_
                0x0000000000004b4c        0x8 modules/nrf/drivers/hw_cc310/lib..__nrf__drivers__hw_cc310.a(hw_cc310.c.obj)
                0x0000000000004b54                __init_APPLICATION_start = .
 *(SORT_BY_NAME(SORT_BY_ALIGNMENT(.z_init_APPLICATION[0-9]_*)))
 *(SORT_BY_NAME(SORT_BY_ALIGNMENT(.z_init_APPLICATION[1-9][0-9]_*)))
                0x0000000000004b54                __init_SMP_start = .
 *(SORT_BY_NAME(SORT_BY_ALIGNMENT(.z_init_SMP[0-9]_*)))
 *(SORT_BY_NAME(SORT_BY_ALIGNMENT(.z_init_SMP[1-9][0-9]_*)))
                0x0000000000004b54                __init_end = .

devices         0x0000000000004b54       0x18
                0x0000000000004b54                __device_start = .
                0x0000000000004b54                __device_PRE_KERNEL_1_start = .
 *(SORT_BY_NAME(SORT_BY_ALIGNMENT(.z_device_PRE_KERNEL_1[0-9]_*)))
 *(SORT_BY_NAME(SORT_BY_ALIGNMENT(.z_device_PRE_KERNEL_1[1-9][0-9]_*)))
 .z_device_PRE_KERNEL_130_
                0x0000000000004b54       0x18 zephyr/drivers/clock_control/libdrivers__clock_control.a(clock_control_nrf.c.obj)
                0x0000000000004b54                __device_dts_ord_11
                0x0000000000004b6c                __device_PRE_KERNEL_2_start = .
 *(SORT_BY_NAME(SORT_BY_ALIGNMENT(.z_device_PRE_KERNEL_2[0-9]_*)))
 *(SORT_BY_NAME(SORT_BY_ALIGNMENT(.z_device_PRE_KERNEL_2[1-9][0-9]_*)))
                0x0000000000004b6c                __device_POST_KERNEL_start = .
 *(SORT_BY_NAME(SORT_BY_ALIGNMENT(.z_device_POST_KERNEL[0-9]_*)))
 *(SORT_BY_NAME(SORT_BY_ALIGNMENT(.z_device_POST_KERNEL[1-9][0-9]_*)))
                0x0000000000004b6c                __device_APPLICATION_start = .
 *(SORT_BY_NAME(SORT_BY_ALIGNMENT(.z_device_APPLICATION[0-9]_*)))
 *(SORT_BY_NAME(SORT_BY_ALIGNMENT(.z_device_APPLICATION[1-9][0-9]_*)))
                0x0000000000004b6c                __device_SMP_start = .
 *(SORT_BY_NAME(SORT_BY_ALIGNMENT(.z_device_SMP[0-9]_*)))
 *(SORT_BY_NAME(SORT_BY_ALIGNMENT(.z_device_SMP[1-9][0-9]_*)))
                0x0000000000004b6c                __device_end = .

sw_isr_table    0x0000000000004b6c      0x180
                0x0000000000004b6c                . = ALIGN (0x0)
 *(SORT_BY_ALIGNMENT(.gnu.linkonce.sw_isr_table*))
 .gnu.linkonce.sw_isr_table
                0x0000000000004b6c      0x180 zephyr/arch/common/libisr_tables.a(isr_tables.c.obj)
                0x0000000000004b6c                _sw_isr_table

initlevel_error
                0x0000000000004b24        0x0
 *(SORT_BY_NAME(SORT_BY_ALIGNMENT(.z_init_[_A-Z0-9]*)))
                0x0000000000000001                ASSERT ((SIZEOF (initlevel_error) == 0x0), Undefined initialization levels used.)

app_shmem_regions
                0x0000000000004cec        0x0
                0x0000000000004cec                __app_shmem_regions_start = .
 *(SORT_BY_NAME(SORT_BY_ALIGNMENT(.app_regions.*)))
                0x0000000000004cec                __app_shmem_regions_end = .

bt_l2cap_fixed_chan_area
                0x0000000000004cec        0x0
                0x0000000000004cec                _bt_l2cap_fixed_chan_list_start = .
 *(SORT_BY_NAME(SORT_BY_ALIGNMENT(._bt_l2cap_fixed_chan.static.*)))
                0x0000000000004cec                _bt_l2cap_fixed_chan_list_end = .

bt_gatt_service_static_area
                0x0000000000004cec        0x0
                0x0000000000004cec                _bt_gatt_service_static_list_start = .
 *(SORT_BY_NAME(SORT_BY_ALIGNMENT(._bt_gatt_service_static.static.*)))
                0x0000000000004cec                _bt_gatt_service_static_list_end = .

k_p4wq_initparam_area
                0x0000000000004cec        0x0
                0x0000000000004cec                _k_p4wq_initparam_list_start = .
 *(SORT_BY_NAME(SORT_BY_ALIGNMENT(._k_p4wq_initparam.static.*)))
                0x0000000000004cec                _k_p4wq_initparam_list_end = .

log_strings_sections
                0x0000000000004cec        0x0
                0x0000000000004cec                __log_strings_start = .
 *(SORT_BY_NAME(SORT_BY_ALIGNMENT(.log_strings*)))
                0x0000000000004cec                __log_strings_end = .

log_const_sections
                0x0000000000004cec        0x0
                0x0000000000004cec                __log_const_start = .
 *(SORT_BY_NAME(SORT_BY_ALIGNMENT(.log_const_*)))
                0x0000000000004cec                __log_const_end = .

log_backends_sections
                0x0000000000004cec        0x0
                0x0000000000004cec                __log_backends_start = .
 *(SORT_BY_ALIGNMENT(._log_backend.*))
                0x0000000000004cec                __log_backends_end = .

shell_area      0x0000000000004cec        0x0
                0x0000000000004cec                _shell_list_start = .
 *(SORT_BY_NAME(SORT_BY_ALIGNMENT(._shell.static.*)))
                0x0000000000004cec                _shell_list_end = .

shell_root_cmds_sections
                0x0000000000004cec        0x0
                0x0000000000004cec                __shell_root_cmds_start = .
 *(SORT_BY_NAME(SORT_BY_ALIGNMENT(.shell_root_cmd_*)))
                0x0000000000004cec                __shell_root_cmds_end = .

font_entry_sections
                0x0000000000004cec        0x0
                0x0000000000004cec                __font_entry_start = .
 *(SORT_BY_NAME(SORT_BY_ALIGNMENT(._cfb_font.*)))
                0x0000000000004cec                __font_entry_end = .

tracing_backend_area
                0x0000000000004cec        0x0
                0x0000000000004cec                _tracing_backend_list_start = .
 *(SORT_BY_NAME(SORT_BY_ALIGNMENT(._tracing_backend.static.*)))
                0x0000000000004cec                _tracing_backend_list_end = .

zephyr_dbg_info
                0x0000000000004cec       0x3c
 *(SORT_BY_ALIGNMENT(.dbg_thread_info))
 .dbg_thread_info
                0x0000000000004cec       0x3c zephyr/libzephyr.a(thread_info.c.obj)
                0x0000000000004cec                _kernel_openocd_size_t_size
                0x0000000000004cec                _kernel_thread_info_size_t_size
                0x0000000000004cf0                _kernel_thread_info_num_offsets
                0x0000000000004cf0                _kernel_openocd_num_offsets
                0x0000000000004cf4                _kernel_thread_info_offsets
                0x0000000000004cf4                _kernel_openocd_offsets

device_handles  0x0000000000004d28        0x6
                0x0000000000004d28                __device_handles_start = .
 *(SORT_BY_NAME(SORT_BY_ALIGNMENT(.__device_handles_pass2*)))
 .__device_handles_pass2
                0x0000000000004d28        0x6 zephyr/CMakeFiles/zephyr_pre1.dir/dev_handles.c.obj
                0x0000000000004d28                __devicehdl_DT_N_S_soc_S_clock_40000000
                0x0000000000004d2e                __device_handles_end = .

rodata          0x0000000000004d30      0x220
 *(SORT_BY_ALIGNMENT(.rodata))
 *(SORT_BY_ALIGNMENT(.rodata.*))
 .rodata.delay_machine_code.0
                0x0000000000004d30        0x6 zephyr/soc/arm/nordic_nrf/nrf52/libsoc__arm__nordic_nrf__nrf52.a(soc.c.obj)
 *fill*         0x0000000000004d36        0x2 
 .rodata.main.str1.4
                0x0000000000004d38       0x1d app/libapp.a(main.c.obj)
 *fill*         0x0000000000004d55        0x3 
 .rodata.run_all_bists.str1.4
                0x0000000000004d58       0x11 app/libapp.a(bist_manager.c.obj)
 *fill*         0x0000000000004d69        0x3 
 .rodata.cbvprintf.str1.4
                0x0000000000004d6c        0x6 zephyr/libzephyr.a(cbprintf_complete.c.obj)
 *fill*         0x0000000000004d72        0x2 
 .rodata.sys_reboot.str1.4
                0x0000000000004d74       0x29 zephyr/libzephyr.a(reboot.c.obj)
 *fill*         0x0000000000004d9d        0x3 
 .rodata.apis   0x0000000000004da0        0x8 zephyr/libzephyr.a(nrf_cc3xx_platform_abort_zephyr.c.obj)
 .rodata.mutex_free_platform.str1.4
                0x0000000000004da8       0x26 zephyr/libzephyr.a(nrf_cc3xx_platform_mutex_zephyr.c.obj)
 *fill*         0x0000000000004dce        0x2 
 .rodata.mutex_init_platform.str1.4
                0x0000000000004dd0       0x2d zephyr/libzephyr.a(nrf_cc3xx_platform_mutex_zephyr.c.obj)
 *fill*         0x0000000000004dfd        0x3 
 .rodata.mutex_apis
                0x0000000000004e00       0x10 zephyr/libzephyr.a(nrf_cc3xx_platform_mutex_zephyr.c.obj)
 .rodata.mutexes
                0x0000000000004e10       0x14 zephyr/libzephyr.a(nrf_cc3xx_platform_mutex_zephyr.c.obj)
 .rodata.static_regions
                0x0000000000004e24        0xc zephyr/arch/arch/arm/core/aarch32/mpu/libarch__arm__core__aarch32__mpu.a(arm_core_mpu.c.obj)
 .rodata.str1.4
                0x0000000000004e30        0xf zephyr/soc/arm/common/cortex_m/libsoc__arm__common__cortex_m.a(arm_mpu_regions.c.obj)
 *fill*         0x0000000000004e3f        0x1 
 .rodata.mpu_config
                0x0000000000004e40        0x8 zephyr/soc/arm/common/cortex_m/libsoc__arm__common__cortex_m.a(arm_mpu_regions.c.obj)
                0x0000000000004e40                mpu_config
 .rodata.mpu_regions
                0x0000000000004e48       0x18 zephyr/soc/arm/common/cortex_m/libsoc__arm__common__cortex_m.a(arm_mpu_regions.c.obj)
 .rodata.str1.4
                0x0000000000004e60        0x6 zephyr/drivers/clock_control/libdrivers__clock_control.a(clock_control_nrf.c.obj)
 *fill*         0x0000000000004e66        0x2 
 .rodata.clock_control_api
                0x0000000000004e68       0x18 zephyr/drivers/clock_control/libdrivers__clock_control.a(clock_control_nrf.c.obj)
 .rodata.config
                0x0000000000004e80       0x10 zephyr/drivers/clock_control/libdrivers__clock_control.a(clock_control_nrf.c.obj)
 .rodata.transitions.0
                0x0000000000004e90        0xc zephyr/drivers/clock_control/libdrivers__clock_control.a(clock_control_nrf.c.obj)
 .rodata._k_neg_eagain
                0x0000000000004e9c        0x4 zephyr/kernel/libkernel.a(errno.c.obj)
                0x0000000000004e9c                _k_neg_eagain
 .rodata.init_idle_thread.str1.4
                0x0000000000004ea0        0xa zephyr/kernel/libkernel.a(init.c.obj)
 *fill*         0x0000000000004eaa        0x2 
 .rodata.prepare_multithreading.str1.4
                0x0000000000004eac        0x5 zephyr/kernel/libkernel.a(init.c.obj)
 *fill*         0x0000000000004eb1        0x3 
 .rodata.levels.0
                0x0000000000004eb4       0x14 zephyr/kernel/libkernel.a(device.c.obj)
 .rodata.CSWTCH.8
                0x0000000000004ec8       0x1c /home/zhershkovitch/workspace/ncs/nrfxlib/crypto/nrf_cc310_platform/lib/cortex-m4/soft-float/no-interrupts/libnrf_cc310_platform_0.9.13.a(nrf_cc3xx_platform.c.obj)
 .rodata.mutex_free.str1.4
                0x0000000000004ee4       0x26 /home/zhershkovitch/workspace/ncs/nrfxlib/crypto/nrf_cc310_platform/lib/cortex-m4/soft-float/no-interrupts/libnrf_cc310_platform_0.9.13.a(nrf_cc3xx_platform_mutex.c.obj)
 *fill*         0x0000000000004f0a        0x2 
 .rodata.mutex_init.str1.4
                0x0000000000004f0c       0x23 /home/zhershkovitch/workspace/ncs/nrfxlib/crypto/nrf_cc310_platform/lib/cortex-m4/soft-float/no-interrupts/libnrf_cc310_platform_0.9.13.a(nrf_cc3xx_platform_mutex.c.obj)
 *fill*         0x0000000000004f2f        0x1 
 .rodata.CC_PalPowerSaveModeInit.str1.4
                0x0000000000004f30       0x20 /home/zhershkovitch/workspace/ncs/nrfxlib/crypto/nrf_cc310_platform/lib/cortex-m4/soft-float/no-interrupts/libnrf_cc310_platform_0.9.13.a(cc_pal_pm.c.obj)
 *(SORT_BY_ALIGNMENT(.gnu.linkonce.r.*))
                0x0000000000004f50                . = ALIGN (0x4)
                0x0000000000004f50                __rodata_region_end = .
                0x0000000000004f60                . = ALIGN (_region_min_align)
                0x0000000000008000                . = ALIGN ((0x1 << ((__rodata_region_end - __rom_region_start) <= 0x4)?0x2:((__rodata_region_end - __rom_region_start) <= 0x8)?0x3:((__rodata_region_end - __rom_region_start) <= 0x10)?0x4:((__rodata_region_end - __rom_region_start) <= 0x20)?0x5:((__rodata_region_end - __rom_region_start) <= 0x40)?0x6:((__rodata_region_end - __rom_region_start) <= 0x80)?0x7:((__rodata_region_end - __rom_region_start) <= 0x100)?0x8:((__rodata_region_end - __rom_region_start) <= 0x200)?0x9:((__rodata_region_end - __rom_region_start) <= 0x400)?0xa:((__rodata_region_end - __rom_region_start) <= 0x800)?0xb:((__rodata_region_end - __rom_region_start) <= 0x1000)?0xc:((__rodata_region_end - __rom_region_start) <= 0x2000)?0xd:((__rodata_region_end - __rom_region_start) <= 0x4000)?0xe:((__rodata_region_end - __rom_region_start) <= 0x8000)?0xf:((__rodata_region_end - __rom_region_start) <= 0x10000)?0x10:((__rodata_region_end - __rom_region_start) <= 0x20000)?0x11:((__rodata_region_end - __rom_region_start) <= 0x40000)?0x12:((__rodata_region_end - __rom_region_start) <= 0x80000)?0x13:((__rodata_region_end - __rom_region_start) <= 0x100000)?0x14:((__rodata_region_end - __rom_region_start) <= 0x200000)?0x15:((__rodata_region_end - __rom_region_start) <= 0x400000)?0x16:((__rodata_region_end - __rom_region_start) <= 0x800000)?0x17:((__rodata_region_end - __rom_region_start) <= 0x1000000)?0x18:((__rodata_region_end - __rom_region_start) <= 0x2000000)?0x19:((__rodata_region_end - __rom_region_start) <= 0x4000000)?0x1a:((__rodata_region_end - __rom_region_start) <= 0x8000000)?0x1b:((__rodata_region_end - __rom_region_start) <= 0x10000000)?0x1c:((__rodata_region_end - __rom_region_start) <= 0x20000000)?0x1d:((__rodata_region_end - __rom_region_start) <= 0x40000000)?0x1e:((__rodata_region_end - __rom_region_start) <= 0x80000000)?0x1f:0x20))
                0x0000000000008000                __rom_region_end = .

/DISCARD/
 *(SORT_BY_ALIGNMENT(.got.plt))
 *(SORT_BY_ALIGNMENT(.igot.plt))
 *(SORT_BY_ALIGNMENT(.got))
 *(SORT_BY_ALIGNMENT(.igot))
                0x0000000020000000                . = 0x20000000
                0x0000000020000000                . = ALIGN (_region_min_align)
                0x0000000020000000                _image_ram_start = .

.ramfunc        0x0000000020000000        0x0 load address 0x0000000000004f50
                0x0000000020000000                . = ALIGN (_region_min_align)
                0x0000000020000000                . = ALIGN ((0x1 << (__ramfunc_size <= 0x4)?0x2:(__ramfunc_size <= 0x8)?0x3:(__ramfunc_size <= 0x10)?0x4:(__ramfunc_size <= 0x20)?0x5:(__ramfunc_size <= 0x40)?0x6:(__ramfunc_size <= 0x80)?0x7:(__ramfunc_size <= 0x100)?0x8:(__ramfunc_size <= 0x200)?0x9:(__ramfunc_size <= 0x400)?0xa:(__ramfunc_size <= 0x800)?0xb:(__ramfunc_size <= 0x1000)?0xc:(__ramfunc_size <= 0x2000)?0xd:(__ramfunc_size <= 0x4000)?0xe:(__ramfunc_size <= 0x8000)?0xf:(__ramfunc_size <= 0x10000)?0x10:(__ramfunc_size <= 0x20000)?0x11:(__ramfunc_size <= 0x40000)?0x12:(__ramfunc_size <= 0x80000)?0x13:(__ramfunc_size <= 0x100000)?0x14:(__ramfunc_size <= 0x200000)?0x15:(__ramfunc_size <= 0x400000)?0x16:(__ramfunc_size <= 0x800000)?0x17:(__ramfunc_size <= 0x1000000)?0x18:(__ramfunc_size <= 0x2000000)?0x19:(__ramfunc_size <= 0x4000000)?0x1a:(__ramfunc_size <= 0x8000000)?0x1b:(__ramfunc_size <= 0x10000000)?0x1c:(__ramfunc_size <= 0x20000000)?0x1d:(__ramfunc_size <= 0x40000000)?0x1e:(__ramfunc_size <= 0x80000000)?0x1f:0x20))
                0x0000000020000000                __ramfunc_start = .
 *(SORT_BY_ALIGNMENT(.ramfunc))
 *(SORT_BY_ALIGNMENT(.ramfunc.*))
                0x0000000020000000                . = ALIGN (_region_min_align)
                0x0000000020000000                . = ALIGN ((0x1 << (__ramfunc_size <= 0x4)?0x2:(__ramfunc_size <= 0x8)?0x3:(__ramfunc_size <= 0x10)?0x4:(__ramfunc_size <= 0x20)?0x5:(__ramfunc_size <= 0x40)?0x6:(__ramfunc_size <= 0x80)?0x7:(__ramfunc_size <= 0x100)?0x8:(__ramfunc_size <= 0x200)?0x9:(__ramfunc_size <= 0x400)?0xa:(__ramfunc_size <= 0x800)?0xb:(__ramfunc_size <= 0x1000)?0xc:(__ramfunc_size <= 0x2000)?0xd:(__ramfunc_size <= 0x4000)?0xe:(__ramfunc_size <= 0x8000)?0xf:(__ramfunc_size <= 0x10000)?0x10:(__ramfunc_size <= 0x20000)?0x11:(__ramfunc_size <= 0x40000)?0x12:(__ramfunc_size <= 0x80000)?0x13:(__ramfunc_size <= 0x100000)?0x14:(__ramfunc_size <= 0x200000)?0x15:(__ramfunc_size <= 0x400000)?0x16:(__ramfunc_size <= 0x800000)?0x17:(__ramfunc_size <= 0x1000000)?0x18:(__ramfunc_size <= 0x2000000)?0x19:(__ramfunc_size <= 0x4000000)?0x1a:(__ramfunc_size <= 0x8000000)?0x1b:(__ramfunc_size <= 0x10000000)?0x1c:(__ramfunc_size <= 0x20000000)?0x1d:(__ramfunc_size <= 0x40000000)?0x1e:(__ramfunc_size <= 0x80000000)?0x1f:0x20))
                0x0000000020000000                __ramfunc_end = .
                0x0000000000000000                __ramfunc_size = (__ramfunc_end - __ramfunc_start)
                0x0000000000004f50                __ramfunc_load_start = LOADADDR (.ramfunc)

datas           0x0000000020000000       0x90 load address 0x0000000000004f50
                0x0000000020000000                __data_region_start = .
                0x0000000020000000                __data_start = .
 *(SORT_BY_ALIGNMENT(.data))
 *(SORT_BY_ALIGNMENT(.data.*))
 .data._char_out
                0x0000000020000000        0x4 zephyr/libzephyr.a(printk.c.obj)
                0x0000000020000000                _char_out
 .data.asym_mutex
                0x0000000020000004        0x8 zephyr/libzephyr.a(nrf_cc3xx_platform_mutex_zephyr.c.obj)
 .data.power_mutex
                0x000000002000000c        0x8 zephyr/libzephyr.a(nrf_cc3xx_platform_mutex_zephyr.c.obj)
 .data.rng_mutex
                0x0000000020000014        0x8 zephyr/libzephyr.a(nrf_cc3xx_platform_mutex_zephyr.c.obj)
 .data.sym_mutex
                0x000000002000001c        0x8 zephyr/libzephyr.a(nrf_cc3xx_platform_mutex_zephyr.c.obj)
 .data.SystemCoreClock
                0x0000000020000024        0x4 modules/hal_nordic/nrfx/libmodules__hal_nordic__nrfx.a(system_nrf52840.c.obj)
                0x0000000020000024                SystemCoreClock
 .data.timeout_list
                0x0000000020000028        0x8 zephyr/kernel/libkernel.a(timeout.c.obj)
 .data.platform_abort_apis
                0x0000000020000030        0x8 /home/zhershkovitch/workspace/ncs/nrfxlib/crypto/nrf_cc310_platform/lib/cortex-m4/soft-float/no-interrupts/libnrf_cc310_platform_0.9.13.a(nrf_cc3xx_platform_abort.c.obj)
                0x0000000020000030                platform_abort_apis
 .data.asym_mutex
                0x0000000020000038        0x8 /home/zhershkovitch/workspace/ncs/nrfxlib/crypto/nrf_cc310_platform/lib/cortex-m4/soft-float/no-interrupts/libnrf_cc310_platform_0.9.13.a(nrf_cc3xx_platform_mutex.c.obj)
 .data.platform_mutex_apis
                0x0000000020000040       0x10 /home/zhershkovitch/workspace/ncs/nrfxlib/crypto/nrf_cc310_platform/lib/cortex-m4/soft-float/no-interrupts/libnrf_cc310_platform_0.9.13.a(nrf_cc3xx_platform_mutex.c.obj)
                0x0000000020000040                platform_mutex_apis
 .data.platform_mutexes
                0x0000000020000050       0x14 /home/zhershkovitch/workspace/ncs/nrfxlib/crypto/nrf_cc310_platform/lib/cortex-m4/soft-float/no-interrupts/libnrf_cc310_platform_0.9.13.a(nrf_cc3xx_platform_mutex.c.obj)
                0x0000000020000050                platform_mutexes
 .data.power_mutex
                0x0000000020000064        0x8 /home/zhershkovitch/workspace/ncs/nrfxlib/crypto/nrf_cc310_platform/lib/cortex-m4/soft-float/no-interrupts/libnrf_cc310_platform_0.9.13.a(nrf_cc3xx_platform_mutex.c.obj)
 .data.rng_mutex
                0x000000002000006c        0x8 /home/zhershkovitch/workspace/ncs/nrfxlib/crypto/nrf_cc310_platform/lib/cortex-m4/soft-float/no-interrupts/libnrf_cc310_platform_0.9.13.a(nrf_cc3xx_platform_mutex.c.obj)
 .data.sym_mutex
                0x0000000020000074        0x8 /home/zhershkovitch/workspace/ncs/nrfxlib/crypto/nrf_cc310_platform/lib/cortex-m4/soft-float/no-interrupts/libnrf_cc310_platform_0.9.13.a(nrf_cc3xx_platform_mutex.c.obj)
 .data.CCAsymCryptoMutex
                0x000000002000007c        0x4 /home/zhershkovitch/workspace/ncs/nrfxlib/crypto/nrf_cc310_platform/lib/cortex-m4/soft-float/no-interrupts/libnrf_cc310_platform_0.9.13.a(cc_pal.c.obj)
                0x000000002000007c                CCAsymCryptoMutex
 .data.CCPowerMutex
                0x0000000020000080        0x4 /home/zhershkovitch/workspace/ncs/nrfxlib/crypto/nrf_cc310_platform/lib/cortex-m4/soft-float/no-interrupts/libnrf_cc310_platform_0.9.13.a(cc_pal.c.obj)
                0x0000000020000080                CCPowerMutex
 .data.CCRndCryptoMutex
                0x0000000020000084        0x4 /home/zhershkovitch/workspace/ncs/nrfxlib/crypto/nrf_cc310_platform/lib/cortex-m4/soft-float/no-interrupts/libnrf_cc310_platform_0.9.13.a(cc_pal.c.obj)
                0x0000000020000084                CCRndCryptoMutex
 .data.CCSymCryptoMutex
                0x0000000020000088        0x4 /home/zhershkovitch/workspace/ncs/nrfxlib/crypto/nrf_cc310_platform/lib/cortex-m4/soft-float/no-interrupts/libnrf_cc310_platform_0.9.13.a(cc_pal.c.obj)
                0x0000000020000088                CCSymCryptoMutex
 .data.pCCRndCryptoMutex
                0x000000002000008c        0x4 /home/zhershkovitch/workspace/ncs/nrfxlib/crypto/nrf_cc310_platform/lib/cortex-m4/soft-float/no-interrupts/libnrf_cc310_platform_0.9.13.a(cc_pal.c.obj)
                0x000000002000008c                pCCRndCryptoMutex
 *(SORT_BY_ALIGNMENT(.kernel.*))
                0x0000000020000090                __data_end = .
                0x0000000000000090                __data_size = (__data_end - __data_start)
                0x0000000000004f50                __data_load_start = LOADADDR (datas)
                0x0000000000004f50                __data_region_load_start = LOADADDR (datas)

device_states   0x0000000020000090        0x4 load address 0x0000000000004fe0
                0x0000000020000090                __device_states_start = .
 *(SORT_BY_ALIGNMENT(.z_devstate))
 .z_devstate    0x0000000020000090        0x4 zephyr/drivers/clock_control/libdrivers__clock_control.a(clock_control_nrf.c.obj)
 *(SORT_BY_ALIGNMENT(.z_devstate.*))
                0x0000000020000094                __device_states_end = .

initshell       0x0000000020000094        0x0 load address 0x0000000000004fe4
                0x0000000020000094                __shell_module_start = .
 *(SORT_BY_ALIGNMENT(.shell_module_*))
                0x0000000020000094                __shell_module_end = .
                0x0000000020000094                __shell_cmd_start = .
 *(SORT_BY_ALIGNMENT(.shell_cmd_*))
                0x0000000020000094                __shell_cmd_end = .

log_dynamic_sections
                0x0000000020000094        0x0 load address 0x0000000000004fe4
                0x0000000020000094                __log_dynamic_start = .
 *(SORT_BY_NAME(SORT_BY_ALIGNMENT(.log_dynamic_*)))
                0x0000000020000094                __log_dynamic_end = .

_static_thread_data_area
                0x0000000020000094        0x0 load address 0x0000000000004fe4
                0x0000000020000094                __static_thread_data_list_start = .
 *(SORT_BY_NAME(SORT_BY_ALIGNMENT(.__static_thread_data.static.*)))
                0x0000000020000094                __static_thread_data_list_end = .

k_timer_area    0x0000000020000094        0x0 load address 0x0000000000004fe4
                0x0000000020000094                _k_timer_list_start = .
 *(SORT_BY_NAME(SORT_BY_ALIGNMENT(._k_timer.static.*)))
                0x0000000020000094                _k_timer_list_end = .

k_mem_slab_area
                0x0000000020000094        0x0 load address 0x0000000000004fe4
                0x0000000020000094                _k_mem_slab_list_start = .
 *(SORT_BY_NAME(SORT_BY_ALIGNMENT(._k_mem_slab.static.*)))
                0x0000000020000094                _k_mem_slab_list_end = .

k_mem_pool_area
                0x0000000020000094        0x0 load address 0x0000000000004fe4
                0x0000000020000094                _k_mem_pool_list_start = .
 *(SORT_BY_NAME(SORT_BY_ALIGNMENT(._k_mem_pool.static.*)))
                0x0000000020000094                _k_mem_pool_list_end = .

k_heap_area     0x0000000020000094        0x0 load address 0x0000000000004fe4
                0x0000000020000094                _k_heap_list_start = .
 *(SORT_BY_NAME(SORT_BY_ALIGNMENT(._k_heap.static.*)))
                0x0000000020000094                _k_heap_list_end = .

k_mutex_area    0x0000000020000094       0x50 load address 0x0000000000004fe4
                0x0000000020000094                _k_mutex_list_start = .
 *(SORT_BY_NAME(SORT_BY_ALIGNMENT(._k_mutex.static.*)))
 ._k_mutex.static.asym_mutex_int
                0x0000000020000094       0x14 zephyr/libzephyr.a(nrf_cc3xx_platform_mutex_zephyr.c.obj)
                0x0000000020000094                asym_mutex_int
 ._k_mutex.static.power_mutex_int
                0x00000000200000a8       0x14 zephyr/libzephyr.a(nrf_cc3xx_platform_mutex_zephyr.c.obj)
                0x00000000200000a8                power_mutex_int
 ._k_mutex.static.rng_mutex_int
                0x00000000200000bc       0x14 zephyr/libzephyr.a(nrf_cc3xx_platform_mutex_zephyr.c.obj)
                0x00000000200000bc                rng_mutex_int
 ._k_mutex.static.sym_mutex_int
                0x00000000200000d0       0x14 zephyr/libzephyr.a(nrf_cc3xx_platform_mutex_zephyr.c.obj)
                0x00000000200000d0                sym_mutex_int
                0x00000000200000e4                _k_mutex_list_end = .

k_stack_area    0x00000000200000e4        0x0 load address 0x0000000000005034
                0x00000000200000e4                _k_stack_list_start = .
 *(SORT_BY_NAME(SORT_BY_ALIGNMENT(._k_stack.static.*)))
                0x00000000200000e4                _k_stack_list_end = .

k_msgq_area     0x00000000200000e4        0x0 load address 0x0000000000005034
                0x00000000200000e4                _k_msgq_list_start = .
 *(SORT_BY_NAME(SORT_BY_ALIGNMENT(._k_msgq.static.*)))
                0x00000000200000e4                _k_msgq_list_end = .

k_mbox_area     0x00000000200000e4        0x0 load address 0x0000000000005034
                0x00000000200000e4                _k_mbox_list_start = .
 *(SORT_BY_NAME(SORT_BY_ALIGNMENT(._k_mbox.static.*)))
                0x00000000200000e4                _k_mbox_list_end = .

k_pipe_area     0x00000000200000e4        0x0 load address 0x0000000000005034
                0x00000000200000e4                _k_pipe_list_start = .
 *(SORT_BY_NAME(SORT_BY_ALIGNMENT(._k_pipe.static.*)))
                0x00000000200000e4                _k_pipe_list_end = .

k_sem_area      0x00000000200000e4        0x0 load address 0x0000000000005034
                0x00000000200000e4                _k_sem_list_start = .
 *(SORT_BY_NAME(SORT_BY_ALIGNMENT(._k_sem.static.*)))
                0x00000000200000e4                _k_sem_list_end = .

k_event_area    0x00000000200000e4        0x0 load address 0x0000000000005034
                0x00000000200000e4                _k_event_list_start = .
 *(SORT_BY_NAME(SORT_BY_ALIGNMENT(._k_event.static.*)))
                0x00000000200000e4                _k_event_list_end = .

k_queue_area    0x00000000200000e4        0x0 load address 0x0000000000005034
                0x00000000200000e4                _k_queue_list_start = .
 *(SORT_BY_NAME(SORT_BY_ALIGNMENT(._k_queue.static.*)))
                0x00000000200000e4                _k_queue_list_end = .

k_condvar_area  0x00000000200000e4        0x0 load address 0x0000000000005034
                0x00000000200000e4                _k_condvar_list_start = .
 *(SORT_BY_NAME(SORT_BY_ALIGNMENT(._k_condvar.static.*)))
                0x00000000200000e4                _k_condvar_list_end = .

_net_buf_pool_area
                0x00000000200000e4        0x0 load address 0x0000000000005034
                0x00000000200000e4                _net_buf_pool_list = .
 *(SORT_BY_NAME(SORT_BY_ALIGNMENT(._net_buf_pool.static.*)))
                0x00000000200000e4                __data_region_end = .

bss             0x00000000200000e8      0x95c
                0x00000000200000e8                . = ALIGN (0x4)
                0x00000000200000e8                __bss_start = .
                0x00000000200000e8                __kernel_ram_start = .
 *(SORT_BY_ALIGNMENT(.bss))
 *(SORT_BY_ALIGNMENT(.bss.*))
 .bss.anchor    0x00000000200000e8        0x8 zephyr/drivers/timer/libdrivers__timer.a(nrf_rtc_timer.c.obj)
 .bss.cc_data   0x00000000200000f0       0x10 zephyr/drivers/timer/libdrivers__timer.a(nrf_rtc_timer.c.obj)
 .bss.last_count
                0x0000000020000100        0x8 zephyr/drivers/timer/libdrivers__timer.a(nrf_rtc_timer.c.obj)
 .bss.z_idle_threads
                0x0000000020000108       0xb0 zephyr/kernel/libkernel.a(init.c.obj)
                0x0000000020000108                z_idle_threads
 .bss.z_main_thread
                0x00000000200001b8       0xb0 zephyr/kernel/libkernel.a(init.c.obj)
                0x00000000200001b8                z_main_thread
 .bss.curr_tick
                0x0000000020000268        0x8 zephyr/kernel/libkernel.a(timeout.c.obj)
 .bss.pm_notifiers
                0x0000000020000270        0x8 zephyr/libzephyr.a(pm.c.obj)
 .bss.z_post_ops_required
                0x0000000020000278        0x4 zephyr/libzephyr.a(pm.c.obj)
 .bss.z_power_states
                0x000000002000027c        0xc zephyr/libzephyr.a(pm.c.obj)
 .bss.z_power_states_forced
                0x0000000020000288        0x4 zephyr/libzephyr.a(pm.c.obj)
 .bss.mutex_slab
                0x000000002000028c       0x1c zephyr/libzephyr.a(nrf_cc3xx_platform_mutex_zephyr.c.obj)
                0x000000002000028c                mutex_slab
 .bss.mutex_slab_buffer
                0x00000000200002a8      0x500 zephyr/libzephyr.a(nrf_cc3xx_platform_mutex_zephyr.c.obj)
                0x00000000200002a8                mutex_slab_buffer
 .bss.dynamic_regions.0
                0x00000000200007a8        0xc zephyr/arch/arch/arm/core/aarch32/mpu/libarch__arm__core__aarch32__mpu.a(arm_core_mpu.c.obj)
 .bss.cli.1     0x00000000200007b4       0x10 zephyr/drivers/clock_control/libdrivers__clock_control.a(clock_control_nrf.c.obj)
 .bss.data      0x00000000200007c4       0x50 zephyr/drivers/clock_control/libdrivers__clock_control.a(clock_control_nrf.c.obj)
 .bss.hfclk_users
                0x0000000020000814        0x4 zephyr/drivers/clock_control/libdrivers__clock_control.a(clock_control_nrf.c.obj)
 .bss.on.2      0x0000000020000818        0x4 zephyr/drivers/clock_control/libdrivers__clock_control.a(clock_control_nrf.c.obj)
 .bss.force_isr_mask
                0x000000002000081c        0x4 zephyr/drivers/timer/libdrivers__timer.a(nrf_rtc_timer.c.obj)
 .bss.int_mask  0x0000000020000820        0x4 zephyr/drivers/timer/libdrivers__timer.a(nrf_rtc_timer.c.obj)
 .bss.overflow_cnt
                0x0000000020000824        0x4 zephyr/drivers/timer/libdrivers__timer.a(nrf_rtc_timer.c.obj)
 .bss.m_clock_cb
                0x0000000020000828        0x8 modules/hal_nordic/nrfx/libmodules__hal_nordic__nrfx.a(nrfx_clock.c.obj)
 .bss._kernel   0x0000000020000830       0x2c zephyr/kernel/libkernel.a(init.c.obj)
                0x0000000020000830                _kernel
 .bss.lock      0x000000002000085c        0x0 zephyr/kernel/libkernel.a(mutex.c.obj)
 .bss.lock      0x000000002000085c        0x0 zephyr/kernel/libkernel.a(sem.c.obj)
 .bss.pending_current
                0x000000002000085c        0x4 zephyr/kernel/libkernel.a(sched.c.obj)
 .bss.sched_spinlock
                0x0000000020000860        0x0 zephyr/kernel/libkernel.a(sched.c.obj)
                0x0000000020000860                sched_spinlock
 .bss.slice_max_prio
                0x0000000020000860        0x4 zephyr/kernel/libkernel.a(sched.c.obj)
 .bss.slice_time
                0x0000000020000864        0x4 zephyr/kernel/libkernel.a(sched.c.obj)
 .bss.announce_remaining
                0x0000000020000868        0x4 zephyr/kernel/libkernel.a(timeout.c.obj)
 .bss.nrf_cc3xx_platform_initialized
                0x000000002000086c        0x4 /home/zhershkovitch/workspace/ncs/nrfxlib/crypto/nrf_cc310_platform/lib/cortex-m4/soft-float/no-interrupts/libnrf_cc310_platform_0.9.13.a(nrf_cc3xx_platform.c.obj)
 .bss.asym_mutex_int
                0x0000000020000870        0x4 /home/zhershkovitch/workspace/ncs/nrfxlib/crypto/nrf_cc310_platform/lib/cortex-m4/soft-float/no-interrupts/libnrf_cc310_platform_0.9.13.a(nrf_cc3xx_platform_mutex.c.obj)
 .bss.power_mutex_int
                0x0000000020000874        0x4 /home/zhershkovitch/workspace/ncs/nrfxlib/crypto/nrf_cc310_platform/lib/cortex-m4/soft-float/no-interrupts/libnrf_cc310_platform_0.9.13.a(nrf_cc3xx_platform_mutex.c.obj)
 .bss.rng_mutex_int
                0x0000000020000878        0x4 /home/zhershkovitch/workspace/ncs/nrfxlib/crypto/nrf_cc310_platform/lib/cortex-m4/soft-float/no-interrupts/libnrf_cc310_platform_0.9.13.a(nrf_cc3xx_platform_mutex.c.obj)
 .bss.sym_mutex_int
                0x000000002000087c        0x4 /home/zhershkovitch/workspace/ncs/nrfxlib/crypto/nrf_cc310_platform/lib/cortex-m4/soft-float/no-interrupts/libnrf_cc310_platform_0.9.13.a(nrf_cc3xx_platform_mutex.c.obj)
 .bss.use_count
                0x0000000020000880        0x4 /home/zhershkovitch/workspace/ncs/nrfxlib/crypto/nrf_cc310_platform/lib/cortex-m4/soft-float/no-interrupts/libnrf_cc310_platform_0.9.13.a(cc_pal_pm.c.obj)
 .bss.static_regions_num
                0x0000000020000884        0x1 zephyr/arch/arch/arm/core/aarch32/mpu/libarch__arm__core__aarch32__mpu.a(arm_mpu.c.obj)
 .bss.z_sys_post_kernel
                0x0000000020000885        0x1 zephyr/kernel/libkernel.a(init.c.obj)
                0x0000000020000885                z_sys_post_kernel
 *(SORT_BY_ALIGNMENT(COMMON))
 *fill*         0x0000000020000886        0x2 
 COMMON         0x0000000020000888      0x1bc /home/zhershkovitch/workspace/ncs/nrfxlib/crypto/nrf_cc310_platform/lib/cortex-m4/soft-float/no-interrupts/libnrf_cc310_platform_0.9.13.a(nrf_cc3xx_platform_ctr_drbg.c.obj)
                0x0000000020000888                nrf_cc3xx_platform_ctr_drbg_global_ctx
 *(SORT_BY_ALIGNMENT(.kernel_bss.*))
                0x0000000020000a44                __bss_end = ALIGN (0x4)

noinit          0x0000000020000a60      0xda0
 *(SORT_BY_ALIGNMENT(.noinit))
 *(SORT_BY_ALIGNMENT(.noinit.*))
 .noinit."WEST_TOPDIR/zephyr/kernel/init.c".0
                0x0000000020000a60      0x420 zephyr/kernel/libkernel.a(init.c.obj)
                0x0000000020000a60                z_main_stack
 .noinit."WEST_TOPDIR/zephyr/kernel/init.c".1
                0x0000000020000e80      0x160 zephyr/kernel/libkernel.a(init.c.obj)
 .noinit."WEST_TOPDIR/zephyr/kernel/init.c".2
                0x0000000020000fe0      0x820 zephyr/kernel/libkernel.a(init.c.obj)
                0x0000000020000fe0                z_interrupt_stacks
 *(SORT_BY_ALIGNMENT(.kernel_noinit.*))
                0x0000000020001800                _image_ram_end = .
                0x0000000020001800                _end = .
                0x0000000020040000                __kernel_ram_end = 0x20040000
                0x000000000003ff18                __kernel_ram_size = (__kernel_ram_end - __kernel_ram_start)

.intList        0x00000000fffff800       0x28
 *(SORT_BY_ALIGNMENT(.irq_info*))
 .irq_info      0x00000000fffff800        0x8 zephyr/arch/common/libisr_tables.a(isr_tables.c.obj)
                0x00000000fffff800                _iheader
 *(SORT_BY_ALIGNMENT(.intList*))
 .intList       0x00000000fffff808       0x10 zephyr/drivers/clock_control/libdrivers__clock_control.a(clock_control_nrf.c.obj)
 .intList       0x00000000fffff818       0x10 zephyr/drivers/timer/libdrivers__timer.a(nrf_rtc_timer.c.obj)

.stab
 *(SORT_BY_ALIGNMENT(.stab))

.stabstr
 *(SORT_BY_ALIGNMENT(.stabstr))

.stab.excl
 *(SORT_BY_ALIGNMENT(.stab.excl))

.stab.exclstr
 *(SORT_BY_ALIGNMENT(.stab.exclstr))

.stab.index
 *(SORT_BY_ALIGNMENT(.stab.index))

.stab.indexstr
 *(SORT_BY_ALIGNMENT(.stab.indexstr))

.gnu.build.attributes
 *(SORT_BY_ALIGNMENT(.gnu.build.attributes) SORT_BY_ALIGNMENT(.gnu.build.attributes.*))

.comment        0x0000000000000000       0xc2
 *(SORT_BY_ALIGNMENT(.comment))
 .comment       0x0000000000000000       0x49 zephyr/CMakeFiles/zephyr_pre1.dir/dev_handles.c.obj
                                         0x4a (size before relaxing)
 .comment       0x0000000000000049       0x4a zephyr/CMakeFiles/offsets.dir/./arch/arm/core/offsets/offsets.c.obj
 .comment       0x0000000000000049       0x4a app/libapp.a(main.c.obj)
 .comment       0x0000000000000049       0x4a app/libapp.a(bist_manager.c.obj)
 .comment       0x0000000000000049       0x4a zephyr/libzephyr.a(notify.c.obj)
 .comment       0x0000000000000049       0x4a zephyr/libzephyr.a(printk.c.obj)
 .comment       0x0000000000000049       0x4a zephyr/libzephyr.a(onoff.c.obj)
 .comment       0x0000000000000049       0x4a zephyr/libzephyr.a(thread_entry.c.obj)
 .comment       0x0000000000000049       0x4a zephyr/libzephyr.a(cbprintf_complete.c.obj)
 .comment       0x0000000000000049       0x4a zephyr/libzephyr.a(reboot.c.obj)
 .comment       0x0000000000000049       0x4a zephyr/libzephyr.a(configs.c.obj)
 .comment       0x0000000000000049       0x4a zephyr/libzephyr.a(thread_info.c.obj)
 .comment       0x0000000000000049       0x4a zephyr/libzephyr.a(pm.c.obj)
 .comment       0x0000000000000049       0x4a zephyr/libzephyr.a(residency.c.obj)
 .comment       0x0000000000000049       0x4a zephyr/libzephyr.a(nrf_cc3xx_platform_abort_zephyr.c.obj)
 .comment       0x0000000000000049       0x4a zephyr/libzephyr.a(nrf_cc3xx_platform_mutex_zephyr.c.obj)
 .comment       0x0000000000000049       0x4a zephyr/arch/arch/arm/core/aarch32/libarch__arm__core__aarch32.a(fatal.c.obj)
 .comment       0x0000000000000049       0x4a zephyr/arch/arch/arm/core/aarch32/libarch__arm__core__aarch32.a(irq_manage.c.obj)
 .comment       0x0000000000000049       0x4a zephyr/arch/arch/arm/core/aarch32/libarch__arm__core__aarch32.a(nmi.c.obj)
 .comment       0x0000000000000049       0x4a zephyr/arch/arch/arm/core/aarch32/libarch__arm__core__aarch32.a(prep_c.c.obj)
 .comment       0x0000000000000049       0x4a zephyr/arch/arch/arm/core/aarch32/libarch__arm__core__aarch32.a(swap.c.obj)
 .comment       0x0000000000000049       0x4a zephyr/arch/arch/arm/core/aarch32/libarch__arm__core__aarch32.a(thread.c.obj)
 .comment       0x0000000000000049       0x4a zephyr/arch/arch/arm/core/aarch32/cortex_m/libarch__arm__core__aarch32__cortex_m.a(fault.c.obj)
 .comment       0x0000000000000049       0x4a zephyr/arch/arch/arm/core/aarch32/cortex_m/libarch__arm__core__aarch32__cortex_m.a(irq_init.c.obj)
 .comment       0x0000000000000049       0x4a zephyr/arch/arch/arm/core/aarch32/cortex_m/libarch__arm__core__aarch32__cortex_m.a(scb.c.obj)
 .comment       0x0000000000000049       0x4a zephyr/arch/arch/arm/core/aarch32/cortex_m/libarch__arm__core__aarch32__cortex_m.a(thread_abort.c.obj)
 .comment       0x0000000000000049       0x4a zephyr/arch/arch/arm/core/aarch32/mpu/libarch__arm__core__aarch32__mpu.a(arm_core_mpu.c.obj)
 .comment       0x0000000000000049       0x4a zephyr/arch/arch/arm/core/aarch32/mpu/libarch__arm__core__aarch32__mpu.a(arm_mpu.c.obj)
 .comment       0x0000000000000049       0x4a zephyr/lib/libc/minimal/liblib__libc__minimal.a(string.c.obj)
 .comment       0x0000000000000049       0x4a zephyr/soc/arm/common/cortex_m/libsoc__arm__common__cortex_m.a(arm_mpu_regions.c.obj)
 .comment       0x0000000000000049       0x4a zephyr/soc/arm/nordic_nrf/nrf52/libsoc__arm__nordic_nrf__nrf52.a(soc.c.obj)
 .comment       0x0000000000000049       0x4a zephyr/soc/arm/nordic_nrf/nrf52/libsoc__arm__nordic_nrf__nrf52.a(power.c.obj)
 .comment       0x0000000000000049       0x4a zephyr/drivers/clock_control/libdrivers__clock_control.a(clock_control_nrf.c.obj)
 .comment       0x0000000000000049       0x4a zephyr/drivers/timer/libdrivers__timer.a(sys_clock_init.c.obj)
 .comment       0x0000000000000049       0x4a zephyr/drivers/timer/libdrivers__timer.a(nrf_rtc_timer.c.obj)
 .comment       0x0000000000000049       0x4a modules/nrf/lib/fatal_error/lib..__nrf__lib__fatal_error.a(fatal_error.c.obj)