Archive member included to satisfy reference by file (symbol)

app/libapp.a(main.c.obj)      (--whole-archive)
app/libapp.a(bist_manager.c.obj)
                              (--whole-archive)
zephyr/libzephyr.a(cbprintf_packaged.c.obj)
                              (--whole-archive)
zephyr/libzephyr.a(crc32c_sw.c.obj)
                              (--whole-archive)
zephyr/libzephyr.a(crc32_sw.c.obj)
                              (--whole-archive)
zephyr/libzephyr.a(crc16_sw.c.obj)
                              (--whole-archive)
zephyr/libzephyr.a(crc8_sw.c.obj)
                              (--whole-archive)
zephyr/libzephyr.a(crc7_sw.c.obj)
                              (--whole-archive)
zephyr/libzephyr.a(dec.c.obj)
                              (--whole-archive)
zephyr/libzephyr.a(fdtable.c.obj)
                              (--whole-archive)
zephyr/libzephyr.a(hex.c.obj)
                              (--whole-archive)
zephyr/libzephyr.a(printk.c.obj)
                              (--whole-archive)
zephyr/libzephyr.a(rb.c.obj)  (--whole-archive)
zephyr/libzephyr.a(sem.c.obj)
                              (--whole-archive)
zephyr/libzephyr.a(thread_entry.c.obj)
                              (--whole-archive)
zephyr/libzephyr.a(timeutil.c.obj)
                              (--whole-archive)
zephyr/libzephyr.a(heap.c.obj)
                              (--whole-archive)
zephyr/libzephyr.a(heap-validate.c.obj)
                              (--whole-archive)
zephyr/libzephyr.a(bitarray.c.obj)
                              (--whole-archive)
zephyr/libzephyr.a(multi_heap.c.obj)
                              (--whole-archive)
zephyr/libzephyr.a(onoff.c.obj)
                              (--whole-archive)
zephyr/libzephyr.a(notify.c.obj)
                              (--whole-archive)
zephyr/libzephyr.a(cbprintf_complete.c.obj)
                              (--whole-archive)
zephyr/libzephyr.a(cbprintf.c.obj)
                              (--whole-archive)
zephyr/libzephyr.a(assert.c.obj)
                              (--whole-archive)
zephyr/libzephyr.a(mpsc_pbuf.c.obj)
                              (--whole-archive)
zephyr/libzephyr.a(reboot.c.obj)
                              (--whole-archive)
zephyr/libzephyr.a(configs.c.obj)
                              (--whole-archive)
zephyr/libzephyr.a(soc_nrf_common.S.obj)
                              (--whole-archive)
zephyr/libzephyr.a(validate_base_addresses.c.obj)
                              (--whole-archive)
zephyr/libzephyr.a(validate_enabled_instances.c.obj)
                              (--whole-archive)
zephyr/libzephyr.a(log_core.c.obj)
                              (--whole-archive)
zephyr/libzephyr.a(log_mgmt.c.obj)
                              (--whole-archive)
zephyr/libzephyr.a(log_cache.c.obj)
                              (--whole-archive)
zephyr/libzephyr.a(log_msg.c.obj)
                              (--whole-archive)
zephyr/libzephyr.a(log_output.c.obj)
                              (--whole-archive)
zephyr/libzephyr.a(log_backend_rtt.c.obj)
                              (--whole-archive)
zephyr/libzephyr.a(pm.c.obj)  (--whole-archive)
zephyr/libzephyr.a(policy.c.obj)
                              (--whole-archive)
zephyr/libzephyr.a(state.c.obj)
                              (--whole-archive)
zephyr/libzephyr.a(tracing_none.c.obj)
                              (--whole-archive)
zephyr/libzephyr.a(nrf_cc3xx_platform_abort_zephyr.c.obj)
                              (--whole-archive)
zephyr/libzephyr.a(nrf_cc3xx_platform_mutex_zephyr.c.obj)
                              (--whole-archive)
zephyr/arch/common/libarch__common.a(sw_isr_common.c.obj)
                              (--whole-archive)
zephyr/arch/arch/arm/core/aarch32/libarch__arm__core__aarch32.a(cpu_idle.S.obj)
                              (--whole-archive)
zephyr/arch/arch/arm/core/aarch32/libarch__arm__core__aarch32.a(fatal.c.obj)
                              (--whole-archive)
zephyr/arch/arch/arm/core/aarch32/libarch__arm__core__aarch32.a(irq_manage.c.obj)
                              (--whole-archive)
zephyr/arch/arch/arm/core/aarch32/libarch__arm__core__aarch32.a(nmi.c.obj)
                              (--whole-archive)
zephyr/arch/arch/arm/core/aarch32/libarch__arm__core__aarch32.a(nmi_on_reset.S.obj)
                              (--whole-archive)
zephyr/arch/arch/arm/core/aarch32/libarch__arm__core__aarch32.a(prep_c.c.obj)
                              (--whole-archive)
zephyr/arch/arch/arm/core/aarch32/libarch__arm__core__aarch32.a(swap.c.obj)
                              (--whole-archive)
zephyr/arch/arch/arm/core/aarch32/libarch__arm__core__aarch32.a(swap_helper.S.obj)
                              (--whole-archive)
zephyr/arch/arch/arm/core/aarch32/libarch__arm__core__aarch32.a(thread.c.obj)
                              (--whole-archive)
zephyr/arch/arch/arm/core/aarch32/libarch__arm__core__aarch32.a(isr_wrapper.S.obj)
                              (--whole-archive)
[...]
Memory Configuration

Name             Origin             Length             Attributes
FLASH            0x0000000000000000 0x0000000000100000 xr
RAM              0x0000000020000000 0x0000000000040000 xw
IDT_LIST         0x00000000fffff7ff 0x0000000000000800 xw
*default*        0x0000000000000000 0xffffffffffffffff

Linker script and memory map

LOAD zephyr/CMakeFiles/zephyr_pre0.dir/misc/empty_file.c.obj
                0x0000000000000020                _region_min_align = 0x20

.rel.plt        0x0000000000000000        0x0
 *(SORT_BY_ALIGNMENT(.rel.plt))
                [!provide]                        PROVIDE (__rel_iplt_start = .)
 *(SORT_BY_ALIGNMENT(.rel.iplt))
 .rel.iplt      0x0000000000000000        0x0 app/libapp.a(main.c.obj)
                [!provide]                        PROVIDE (__rel_iplt_end = .)

.rela.plt       0x0000000000000000        0x0
 *(SORT_BY_ALIGNMENT(.rela.plt))
                [!provide]                        PROVIDE (__rela_iplt_start = .)
 *(SORT_BY_ALIGNMENT(.rela.iplt))
                [!provide]                        PROVIDE (__rela_iplt_end = .)

.rel.dyn
 *(SORT_BY_ALIGNMENT(.rel.*))

.rela.dyn
 *(SORT_BY_ALIGNMENT(.rela.*))

/DISCARD/
 *(SORT_BY_ALIGNMENT(.plt))

/DISCARD/
 *(SORT_BY_ALIGNMENT(.iplt))
                0x0000000000000000                __rom_region_start = 0x0

rom_start       0x0000000000000000      0x100
                0x0000000000000000                . = 0x0
                0x0000000000000000                . = ALIGN (0x4)
                0x0000000000000000                . = ALIGN (0x80)
                0x0000000000000000                . = ALIGN (0x100)
                0x0000000000000000                _vector_start = .
 *(SORT_BY_ALIGNMENT(.exc_vector_table))
 *(SORT_BY_ALIGNMENT(.exc_vector_table.*))
 .exc_vector_table._vector_table_section
                0x0000000000000000       0x40 zephyr/arch/arch/arm/core/aarch32/cortex_m/libarch__arm__core__aarch32__cortex_m.a(vector_table.S.obj)
                0x0000000000000000                _vector_table
 *(SORT_BY_ALIGNMENT(.vectors))
                0x0000000000000100                _vector_end = .
                0x0000000000000040                . = ALIGN (0x4)
 *(SORT_BY_ALIGNMENT(.gnu.linkonce.irq_vector_table*))
 .gnu.linkonce.irq_vector_table
                0x0000000000000040       0xc0 zephyr/arch/common/libisr_tables.a(isr_tables.c.obj)
                0x0000000000000040                _irq_vector_table
                0x0000000000000100                _vector_end = .

text            0x0000000000000100     0x6f88
                0x0000000000000100                __text_region_start = .
 *(SORT_BY_ALIGNMENT(.text))
 .text          0x0000000000000100       0x30 /home/ziv/ncs/toolchains/v2.2.0/opt/zephyr-sdk/arm-zephyr-eabi/bin/../lib/gcc/arm-zephyr-eabi/12.1.0/thumb/v7e-m/nofp/libgcc.a(_aeabi_uldivmod.o)
                0x0000000000000100                __aeabi_uldivmod
 .text          0x0000000000000130        0x4 /home/ziv/ncs/toolchains/v2.2.0/opt/zephyr-sdk/arm-zephyr-eabi/bin/../lib/gcc/arm-zephyr-eabi/12.1.0/thumb/v7e-m/nofp/libgcc.a(_dvmd_tls.o)
                0x0000000000000130                __aeabi_ldiv0
                0x0000000000000130                __aeabi_idiv0
 .text          0x0000000000000134      0x2a0 /home/ziv/ncs/toolchains/v2.2.0/opt/zephyr-sdk/arm-zephyr-eabi/bin/../lib/gcc/arm-zephyr-eabi/12.1.0/thumb/v7e-m/nofp/libgcc.a(_udivmoddi4.o)
                0x0000000000000134                __udivmoddi4
 *(SORT_BY_ALIGNMENT(.text.*))
 .text.main     0x00000000000003d4       0x30 app/libapp.a(main.c.obj)
                0x00000000000003d4                main
 .text.run_all_bists
                0x0000000000000404       0x38 app/libapp.a(bist_manager.c.obj)
                0x0000000000000404                run_all_bists
 .text.cbvprintf_package
                0x000000000000043c      0x3ac zephyr/libzephyr.a(cbprintf_packaged.c.obj)
                0x000000000000043c                cbvprintf_package
 .text.cbprintf_package_convert
                0x00000000000007e8      0x3bc zephyr/libzephyr.a(cbprintf_packaged.c.obj)
                0x00000000000007e8                cbprintf_package_convert
 .text.__printk_hook_install
                0x0000000000000ba4        0xc zephyr/libzephyr.a(printk.c.obj)
                0x0000000000000ba4                __printk_hook_install
 .text.vsnprintk
                0x0000000000000bb0       0x2c zephyr/libzephyr.a(printk.c.obj)
                0x0000000000000bb0                vsnprintk
 .text.process_event
                0x0000000000000bdc      0x21c zephyr/libzephyr.a(onoff.c.obj)
 .text.z_cbvprintf_impl
                0x0000000000000df8      0x764 zephyr/libzephyr.a(cbprintf_complete.c.obj)
                0x0000000000000df8                z_cbvprintf_impl
 .text.sys_reboot
                0x000000000000155c       0x28 zephyr/libzephyr.a(reboot.c.obj)
                0x000000000000155c                sys_reboot
 .text.z_arm_platform_init
                0x0000000000001584        0x4 zephyr/libzephyr.a(soc_nrf_common.S.obj)
                0x0000000000001584                z_arm_platform_init
 .text.activate_foreach_backend
                0x0000000000001588       0x64 zephyr/libzephyr.a(log_core.c.obj)
 .text.enable_logger
                0x00000000000015ec       0x5c zephyr/libzephyr.a(log_core.c.obj)
 .text.log_process_thread_timer_expiry_fn
                0x0000000000001648        0xc zephyr/libzephyr.a(log_core.c.obj)
 .text.z_log_init
                0x0000000000001654       0x90 zephyr/libzephyr.a(log_core.c.obj)
 .text.log_format_func_t_get
                0x00000000000016e4        0xc zephyr/libzephyr.a(log_core.c.obj)
                0x00000000000016e4                log_format_func_t_get
 .text.log_set_timestamp_func
                0x00000000000016f0       0x20 zephyr/libzephyr.a(log_core.c.obj)
                0x00000000000016f0                log_set_timestamp_func
 .text.z_log_notify_backend_enabled
                0x0000000000001710       0x1c zephyr/libzephyr.a(log_core.c.obj)
                0x0000000000001710                z_log_notify_backend_enabled
 .text.z_log_dropped
                0x000000000000172c       0x30 zephyr/libzephyr.a(log_core.c.obj)
                0x000000000000172c                z_log_dropped
 .text.z_log_dropped_read_and_clear
                0x000000000000175c       0x20 zephyr/libzephyr.a(log_core.c.obj)
                0x000000000000175c                z_log_dropped_read_and_clear
 .text.dropped_notify
                0x000000000000177c       0x30 zephyr/libzephyr.a(log_core.c.obj)
                0x000000000000177c                dropped_notify
 .text.z_log_msg_init
                0x00000000000017ac       0x20 zephyr/libzephyr.a(log_core.c.obj)
                0x00000000000017ac                z_log_msg_init
 .text.log_core_init
                0x00000000000017cc       0x2c zephyr/libzephyr.a(log_core.c.obj)
                0x00000000000017cc                log_core_init
 .text.z_log_msg_alloc
                0x00000000000017f8       0x10 zephyr/libzephyr.a(log_core.c.obj)
                0x00000000000017f8                z_log_msg_alloc
 .text.z_log_msg_local_claim
                0x0000000000001808        0xc zephyr/libzephyr.a(log_core.c.obj)
                0x0000000000001808                z_log_msg_local_claim
 .text.z_log_msg_free
                0x0000000000001814       0x10 zephyr/libzephyr.a(log_core.c.obj)
                0x0000000000001814                z_log_msg_free
 .text.z_log_msg_pending
                0x0000000000001824        0xc zephyr/libzephyr.a(log_core.c.obj)
                0x0000000000001824                z_log_msg_pending
 .text.z_impl_log_process
                0x0000000000001830       0xbc zephyr/libzephyr.a(log_core.c.obj)
                0x0000000000001830                z_impl_log_process
 .text.z_impl_log_panic
                0x00000000000018ec       0x44 zephyr/libzephyr.a(log_core.c.obj)
                0x00000000000018ec                z_impl_log_panic
 .text.log_process_thread_func
                0x0000000000001930       0x9c zephyr/libzephyr.a(log_core.c.obj)
 .text.z_log_msg_post_finalize
                0x00000000000019cc       0x78 zephyr/libzephyr.a(log_core.c.obj)
 .text.z_log_msg_commit
                0x0000000000001a44       0x24 zephyr/libzephyr.a(log_core.c.obj)
                0x0000000000001a44                z_log_msg_commit
 .text.log_source_name_get
                0x0000000000001a68       0x1c zephyr/libzephyr.a(log_mgmt.c.obj)
                0x0000000000001a68                log_source_name_get
 .text.log_backend_enable
                0x0000000000001a84       0x28 zephyr/libzephyr.a(log_mgmt.c.obj)
                0x0000000000001a84                log_backend_enable
 .text.z_impl_z_log_msg_static_create
                0x0000000000001aac       0xa8 zephyr/libzephyr.a(log_msg.c.obj)
                0x0000000000001aac                z_impl_z_log_msg_static_create
 .text.z_impl_z_log_msg_runtime_vcreate
                0x0000000000001b54       0x94 zephyr/libzephyr.a(log_msg.c.obj)
                0x0000000000001b54                z_impl_z_log_msg_runtime_vcreate
 .text.print_formatted
                0x0000000000001be8       0x24 zephyr/libzephyr.a(log_output.c.obj)
 .text.newline_print
                0x0000000000001c0c       0x1c zephyr/libzephyr.a(log_output.c.obj)
 .text.log_output_process
                0x0000000000001c28      0x2a4 zephyr/libzephyr.a(log_output.c.obj)
                0x0000000000001c28                log_output_process
 .text.log_output_msg_process
                0x0000000000001ecc       0x6c zephyr/libzephyr.a(log_output.c.obj)
                0x0000000000001ecc                log_output_msg_process
 .text.log_output_dropped_process
                0x0000000000001f38       0x58 zephyr/libzephyr.a(log_output.c.obj)
                0x0000000000001f38                log_output_dropped_process
 .text.log_output_timestamp_freq_set
                0x0000000000001f90       0x2c zephyr/libzephyr.a(log_output.c.obj)
                0x0000000000001f90                log_output_timestamp_freq_set
 .text.log_backend_rtt_init
                0x0000000000001fbc        0xc zephyr/libzephyr.a(log_backend_rtt.c.obj)
 .text.format_set
                0x0000000000001fc8        0xc zephyr/libzephyr.a(log_backend_rtt.c.obj)
 .text.panic    0x0000000000001fd4       0x14 zephyr/libzephyr.a(log_backend_rtt.c.obj)
 .text.dropped  0x0000000000001fe8        0xc zephyr/libzephyr.a(log_backend_rtt.c.obj)
 .text.process  0x0000000000001ff4       0x24 zephyr/libzephyr.a(log_backend_rtt.c.obj)
 .text.on_failed_write
                0x0000000000002018       0x28 zephyr/libzephyr.a(log_backend_rtt.c.obj)
 .text.data_out_block_mode
                0x0000000000002040       0x84 zephyr/libzephyr.a(log_backend_rtt.c.obj)
 .text.pm_state_notify
                0x00000000000020c4       0x5c zephyr/libzephyr.a(pm.c.obj)
 .text.pm_system_resume
                0x0000000000002120       0x78 zephyr/libzephyr.a(pm.c.obj)
                0x0000000000002120                pm_system_resume
 .text.pm_system_suspend
                0x0000000000002198       0xf8 zephyr/libzephyr.a(pm.c.obj)
                0x0000000000002198                pm_system_suspend
 .text.pm_policy_next_state
                0x0000000000002290       0x94 zephyr/libzephyr.a(policy.c.obj)
                0x0000000000002290                pm_policy_next_state
 .text.pm_state_cpu_get_all
                0x0000000000002324       0x10 zephyr/libzephyr.a(state.c.obj)
                0x0000000000002324                pm_state_cpu_get_all
 .text.nrf_cc3xx_platform_abort_init
                0x0000000000002334        0xc zephyr/libzephyr.a(nrf_cc3xx_platform_abort_zephyr.c.obj)
                0x0000000000002334                nrf_cc3xx_platform_abort_init
 .text.mutex_free_platform
                0x0000000000002340       0x54 zephyr/libzephyr.a(nrf_cc3xx_platform_mutex_zephyr.c.obj)
 .text.mutex_lock_platform
                0x0000000000002394       0x60 zephyr/libzephyr.a(nrf_cc3xx_platform_mutex_zephyr.c.obj)
 .text.mutex_unlock_platform
                0x00000000000023f4       0x58 zephyr/libzephyr.a(nrf_cc3xx_platform_mutex_zephyr.c.obj)
 .text.mutex_init_platform
                0x000000000000244c       0x94 zephyr/libzephyr.a(nrf_cc3xx_platform_mutex_zephyr.c.obj)
 .text.nrf_cc3xx_platform_mutex_init
                0x00000000000024e0       0x2c zephyr/libzephyr.a(nrf_cc3xx_platform_mutex_zephyr.c.obj)
                0x00000000000024e0                nrf_cc3xx_platform_mutex_init
 .text.z_arm_cpu_idle_init
                0x000000000000250c        0xc zephyr/arch/arch/arm/core/aarch32/libarch__arm__core__aarch32.a(cpu_idle.S.obj)
                0x000000000000250c                z_arm_cpu_idle_init
 .text.arch_cpu_idle
                0x0000000000002518       0x1c zephyr/arch/arch/arm/core/aarch32/libarch__arm__core__aarch32.a(cpu_idle.S.obj)
                0x0000000000002518                arch_cpu_idle
 .text.arch_cpu_atomic_idle
                0x0000000000002534       0x14 zephyr/arch/arch/arm/core/aarch32/libarch__arm__core__aarch32.a(cpu_idle.S.obj)
                0x0000000000002534                arch_cpu_atomic_idle
 .text.z_arm_fatal_error
                0x0000000000002548       0xcc zephyr/arch/arch/arm/core/aarch32/libarch__arm__core__aarch32.a(fatal.c.obj)
                0x0000000000002548                z_arm_fatal_error
 .text.arch_irq_enable
                0x0000000000002614       0x1c zephyr/arch/arch/arm/core/aarch32/libarch__arm__core__aarch32.a(irq_manage.c.obj)
                0x0000000000002614                arch_irq_enable
 .text.arch_irq_disable
                0x0000000000002630       0x28 zephyr/arch/arch/arm/core/aarch32/libarch__arm__core__aarch32.a(irq_manage.c.obj)
                0x0000000000002630                arch_irq_disable
 .text.arch_irq_is_enabled
                0x0000000000002658       0x1c zephyr/arch/arch/arm/core/aarch32/libarch__arm__core__aarch32.a(irq_manage.c.obj)
                0x0000000000002658                arch_irq_is_enabled
 .text.z_arm_irq_priority_set
                0x0000000000002674       0x30 zephyr/arch/arch/arm/core/aarch32/libarch__arm__core__aarch32.a(irq_manage.c.obj)
                0x0000000000002674                z_arm_irq_priority_set
 .text.z_SysNmiOnReset
                0x00000000000026a4        0x8 zephyr/arch/arch/arm/core/aarch32/libarch__arm__core__aarch32.a(nmi_on_reset.S.obj)
                0x00000000000026a4                z_SysNmiOnReset
 .text.z_arm_prep_c
                0x00000000000026ac       0x38 zephyr/arch/arch/arm/core/aarch32/libarch__arm__core__aarch32.a(prep_c.c.obj)
                0x00000000000026ac                z_arm_prep_c
 .text.arch_swap
                0x00000000000026e4       0x34 zephyr/arch/arch/arm/core/aarch32/libarch__arm__core__aarch32.a(swap.c.obj)
                0x00000000000026e4                arch_swap
 .text.z_arm_pendsv
                0x0000000000002718       0x54 zephyr/arch/arch/arm/core/aarch32/libarch__arm__core__aarch32.a(swap_helper.S.obj)
                0x0000000000002718                z_arm_pendsv
 .text.z_arm_svc
                0x000000000000276c       0x20 zephyr/arch/arch/arm/core/aarch32/libarch__arm__core__aarch32.a(swap_helper.S.obj)
                0x000000000000276c                z_arm_svc
 .text.arch_new_thread
                0x000000000000278c       0x38 zephyr/arch/arch/arm/core/aarch32/libarch__arm__core__aarch32.a(thread.c.obj)
                0x000000000000278c                arch_new_thread
 .text.z_check_thread_stack_fail
                0x00000000000027c4       0x2c zephyr/arch/arch/arm/core/aarch32/libarch__arm__core__aarch32.a(thread.c.obj)
                0x00000000000027c4                z_check_thread_stack_fail
 .text.arch_switch_to_main_thread
                0x00000000000027f0       0x2c zephyr/arch/arch/arm/core/aarch32/libarch__arm__core__aarch32.a(thread.c.obj)
                0x00000000000027f0                arch_switch_to_main_thread
 .text._isr_wrapper
                0x000000000000281c       0x40 zephyr/arch/arch/arm/core/aarch32/libarch__arm__core__aarch32.a(isr_wrapper.S.obj)
                0x000000000000281c                _isr_wrapper
 .text._HandlerModeExit
                0x000000000000285c       0x1c zephyr/arch/arch/arm/core/aarch32/cortex_m/libarch__arm__core__aarch32__cortex_m.a(exc_exit.S.obj)
                0x000000000000285c                z_arm_exc_exit
                0x000000000000285c                z_arm_int_exit
 .text.bus_fault.constprop.0
                0x0000000000002878      0x130 zephyr/arch/arch/arm/core/aarch32/cortex_m/libarch__arm__core__aarch32__cortex_m.a(fault.c.obj)
 .text.usage_fault.constprop.0
                0x00000000000029a8       0xf8 zephyr/arch/arch/arm/core/aarch32/cortex_m/libarch__arm__core__aarch32__cortex_m.a(fault.c.obj)
 .text.mem_manage_fault
                0x0000000000002aa0      0x170 zephyr/arch/arch/arm/core/aarch32/cortex_m/libarch__arm__core__aarch32__cortex_m.a(fault.c.obj)
 .text.z_arm_fault
                0x0000000000002c10      0x218 zephyr/arch/arch/arm/core/aarch32/cortex_m/libarch__arm__core__aarch32__cortex_m.a(fault.c.obj)
                0x0000000000002c10                z_arm_fault
 .text.z_arm_fault_init
                0x0000000000002e28       0x10 zephyr/arch/arch/arm/core/aarch32/cortex_m/libarch__arm__core__aarch32__cortex_m.a(fault.c.obj)
                0x0000000000002e28                z_arm_fault_init
 .text.__fault  0x0000000000002e38       0x14 zephyr/arch/arch/arm/core/aarch32/cortex_m/libarch__arm__core__aarch32__cortex_m.a(fault_s.S.obj)
                0x0000000000002e38                z_arm_bus_fault
                0x0000000000002e38                z_arm_usage_fault
                0x0000000000002e38                z_arm_mpu_fault
                0x0000000000002e38                z_arm_exc_spurious
                0x0000000000002e38                z_arm_debug_monitor
                0x0000000000002e38                z_arm_hard_fault
 .text.z_arm_interrupt_init
                0x0000000000002e4c       0x18 zephyr/arch/arch/arm/core/aarch32/cortex_m/libarch__arm__core__aarch32__cortex_m.a(irq_init.c.obj)
                0x0000000000002e4c                z_arm_interrupt_init
 .text._reset_section
                0x0000000000002e64       0x54 zephyr/arch/arch/arm/core/aarch32/cortex_m/libarch__arm__core__aarch32__cortex_m.a(reset.S.obj)
                0x0000000000002e64                z_arm_reset
                0x0000000000002e64                __start
 .text.z_arm_clear_arm_mpu_config
                0x0000000000002eb8       0x24 zephyr/arch/arch/arm/core/aarch32/cortex_m/libarch__arm__core__aarch32__cortex_m.a(scb.c.obj)
                0x0000000000002eb8                z_arm_clear_arm_mpu_config
 .text.z_arm_init_arch_hw_at_boot
                0x0000000000002edc       0x64 zephyr/arch/arch/arm/core/aarch32/cortex_m/libarch__arm__core__aarch32__cortex_m.a(scb.c.obj)
                0x0000000000002edc                z_arm_init_arch_hw_at_boot
 .text.z_impl_k_thread_abort
                0x0000000000002f40       0x2c zephyr/arch/arch/arm/core/aarch32/cortex_m/libarch__arm__core__aarch32__cortex_m.a(thread_abort.c.obj)
                0x0000000000002f40                z_impl_k_thread_abort
 .text.z_arm_configure_static_mpu_regions
                0x0000000000002f6c       0x18 zephyr/arch/arch/arm/core/aarch32/mpu/libarch__arm__core__aarch32__mpu.a(arm_core_mpu.c.obj)
                0x0000000000002f6c                z_arm_configure_static_mpu_regions
 .text.z_arm_configure_dynamic_mpu_regions
                0x0000000000002f84       0x20 zephyr/arch/arch/arm/core/aarch32/mpu/libarch__arm__core__aarch32__mpu.a(arm_core_mpu.c.obj)
                0x0000000000002f84                z_arm_configure_dynamic_mpu_regions
 .text.mpu_configure_regions
                0x0000000000002fa4       0xcc zephyr/arch/arch/arm/core/aarch32/mpu/libarch__arm__core__aarch32__mpu.a(arm_mpu.c.obj)
 .text.arm_core_mpu_enable
                0x0000000000003070       0x18 zephyr/arch/arch/arm/core/aarch32/mpu/libarch__arm__core__aarch32__mpu.a(arm_mpu.c.obj)
                0x0000000000003070                arm_core_mpu_enable
 .text.arm_core_mpu_disable
                0x0000000000003088       0x14 zephyr/arch/arch/arm/core/aarch32/mpu/libarch__arm__core__aarch32__mpu.a(arm_mpu.c.obj)
                0x0000000000003088                arm_core_mpu_disable
 .text.arm_core_mpu_configure_static_mpu_regions
                0x000000000000309c       0x14 zephyr/arch/arch/arm/core/aarch32/mpu/libarch__arm__core__aarch32__mpu.a(arm_mpu.c.obj)
                0x000000000000309c                arm_core_mpu_configure_static_mpu_regions
 .text.arm_core_mpu_configure_dynamic_mpu_regions
                0x00000000000030b0       0x30 zephyr/arch/arch/arm/core/aarch32/mpu/libarch__arm__core__aarch32__mpu.a(arm_mpu.c.obj)
                0x00000000000030b0                arm_core_mpu_configure_dynamic_mpu_regions
 .text.z_arm_mpu_init
                0x00000000000030e0       0x60 zephyr/arch/arch/arm/core/aarch32/mpu/libarch__arm__core__aarch32__mpu.a(arm_mpu.c.obj)
                0x00000000000030e0                z_arm_mpu_init
 .text.__stdout_hook_install
                0x0000000000003140        0xc zephyr/lib/libc/minimal/liblib__libc__minimal.a(stdout_console.c.obj)
                0x0000000000003140                __stdout_hook_install
 .text.nordicsemi_nrf52_init
                0x000000000000314c       0x28 zephyr/soc/arm/nordic_nrf/nrf52/libsoc__arm__nordic_nrf__nrf52.a(soc.c.obj)
 .text.sys_arch_reboot
                0x0000000000003174       0x2c zephyr/soc/arm/nordic_nrf/nrf52/libsoc__arm__nordic_nrf__nrf52.a(soc.c.obj)
                0x0000000000003174                sys_arch_reboot
 .text.arch_busy_wait
                0x00000000000031a0       0x14 zephyr/soc/arm/nordic_nrf/nrf52/libsoc__arm__nordic_nrf__nrf52.a(soc.c.obj)
                0x00000000000031a0                arch_busy_wait
 .text.onoff_stop
                0x00000000000031b4       0x30 zephyr/drivers/clock_control/libdrivers__clock_control.a(clock_control_nrf.c.obj)
 .text.onoff_start
                0x00000000000031e4       0x44 zephyr/drivers/clock_control/libdrivers__clock_control.a(clock_control_nrf.c.obj)
 .text.clk_init
                0x0000000000003228       0x58 zephyr/drivers/clock_control/libdrivers__clock_control.a(clock_control_nrf.c.obj)
 .text.clkstarted_handle.constprop.0
                0x0000000000003280       0x34 zephyr/drivers/clock_control/libdrivers__clock_control.a(clock_control_nrf.c.obj)
 .text.clock_event_handler
                0x00000000000032b4       0x1c zephyr/drivers/clock_control/libdrivers__clock_control.a(clock_control_nrf.c.obj)
 .text.generic_hfclk_start
                0x00000000000032d0       0x64 zephyr/drivers/clock_control/libdrivers__clock_control.a(clock_control_nrf.c.obj)
 .text.api_blocking_start
                0x0000000000003334       0x34 zephyr/drivers/clock_control/libdrivers__clock_control.a(clock_control_nrf.c.obj)
 .text.generic_hfclk_stop
                0x0000000000003368       0x2c zephyr/drivers/clock_control/libdrivers__clock_control.a(clock_control_nrf.c.obj)
 .text.z_nrf_clock_control_get_onoff
                0x0000000000003394       0x10 zephyr/drivers/clock_control/libdrivers__clock_control.a(clock_control_nrf.c.obj)
                0x0000000000003394                z_nrf_clock_control_get_onoff
 .text.z_nrf_clock_control_lf_on
                0x00000000000033a4       0xfc zephyr/drivers/clock_control/libdrivers__clock_control.a(clock_control_nrf.c.obj)
                0x00000000000033a4                z_nrf_clock_control_lf_on
 .text.rtt_console_init
                0x00000000000034a0       0x18 zephyr/drivers/console/libdrivers__console.a(rtt_console.c.obj)
 .text.rtt_console_out
                0x00000000000034b8       0x54 zephyr/drivers/console/libdrivers__console.a(rtt_console.c.obj)
 .text.hfclk_on_callback
                0x000000000000350c        0xc zephyr/drivers/sensor/nrf5/libdrivers__sensor__nrf5.a(temp_nrf5.c.obj)
 .text.temp_nrf5_channel_get
                0x0000000000003518       0x2c zephyr/drivers/sensor/nrf5/libdrivers__sensor__nrf5.a(temp_nrf5.c.obj)
 .text.temp_nrf5_isr
                0x0000000000003544       0x18 zephyr/drivers/sensor/nrf5/libdrivers__sensor__nrf5.a(temp_nrf5.c.obj)
 .text.temp_nrf5_sample_fetch
                0x000000000000355c       0x78 zephyr/drivers/sensor/nrf5/libdrivers__sensor__nrf5.a(temp_nrf5.c.obj)
 .text.temp_nrf5_init
                0x00000000000035d4       0x40 zephyr/drivers/sensor/nrf5/libdrivers__sensor__nrf5.a(temp_nrf5.c.obj)
 .text.spi_nrfx_init
                0x0000000000003614       0xb8 zephyr/drivers/spi/libdrivers__spi.a(spi_nrfx_spim.c.obj)
 .text.transfer_next_chunk
                0x00000000000036cc       0xa8 zephyr/drivers/spi/libdrivers__spi.a(spi_nrfx_spim.c.obj)
 .text.event_handler
                0x0000000000003774       0xc4 zephyr/drivers/spi/libdrivers__spi.a(spi_nrfx_spim.c.obj)
 .text.spi_nrfx_transceive
                0x0000000000003838      0x32c zephyr/drivers/spi/libdrivers__spi.a(spi_nrfx_spim.c.obj)
 .text.compare_int_lock
                0x0000000000003b64       0x48 zephyr/drivers/timer/libdrivers__timer.a(nrf_rtc_timer.c.obj)
 .text.sys_clock_timeout_handler
                0x0000000000003bac       0x80 zephyr/drivers/timer/libdrivers__timer.a(nrf_rtc_timer.c.obj)
 .text.compare_int_unlock
                0x0000000000003c2c       0x5c zephyr/drivers/timer/libdrivers__timer.a(nrf_rtc_timer.c.obj)
 .text.z_nrf_rtc_timer_read
                0x0000000000003c88       0x44 zephyr/drivers/timer/libdrivers__timer.a(nrf_rtc_timer.c.obj)
                0x0000000000003c88                z_nrf_rtc_timer_read
 .text.compare_set
                0x0000000000003ccc      0x148 zephyr/drivers/timer/libdrivers__timer.a(nrf_rtc_timer.c.obj)
 .text.sys_clock_driver_init
                0x0000000000003e14       0x80 zephyr/drivers/timer/libdrivers__timer.a(nrf_rtc_timer.c.obj)
 .text.rtc_nrf_isr
                0x0000000000003e94       0xe4 zephyr/drivers/timer/libdrivers__timer.a(nrf_rtc_timer.c.obj)
                0x0000000000003e94                rtc_nrf_isr
 .text.sys_clock_set_timeout
                0x0000000000003f78       0x64 zephyr/drivers/timer/libdrivers__timer.a(nrf_rtc_timer.c.obj)
                0x0000000000003f78                sys_clock_set_timeout
 .text.sys_clock_elapsed
                0x0000000000003fdc       0x14 zephyr/drivers/timer/libdrivers__timer.a(nrf_rtc_timer.c.obj)
                0x0000000000003fdc                sys_clock_elapsed
 .text.k_sys_fatal_error_handler
                0x0000000000003ff0       0x2c modules/nrf/lib/fatal_error/lib..__nrf__lib__fatal_error.a(fatal_error.c.obj)
                0x0000000000003ff0                k_sys_fatal_error_handler
 .text.nrf52_errata_98
                0x000000000000401c       0x24 modules/hal_nordic/nrfx/libmodules__hal_nordic__nrfx.a(system_nrf52840.c.obj)
 .text.nvmc_wait
                0x0000000000004040       0x10 modules/hal_nordic/nrfx/libmodules__hal_nordic__nrfx.a(system_nrf52840.c.obj)
                0x0000000000004040                nvmc_wait
 .text.SystemInit
                0x0000000000004050      0x1c8 modules/hal_nordic/nrfx/libmodules__hal_nordic__nrfx.a(system_nrf52840.c.obj)
                0x0000000000004050                SystemInit
 .text.nrfx_clock_init
                0x0000000000004218       0x20 modules/hal_nordic/nrfx/libmodules__hal_nordic__nrfx.a(nrfx_clock.c.obj)
                0x0000000000004218                nrfx_clock_init
 .text.nrfx_clock_stop
                0x0000000000004238       0x78 modules/hal_nordic/nrfx/libmodules__hal_nordic__nrfx.a(nrfx_clock.c.obj)
                0x0000000000004238                nrfx_clock_stop
 .text.nrfx_power_clock_irq_handler
                0x00000000000042b0       0x68 modules/hal_nordic/nrfx/libmodules__hal_nordic__nrfx.a(nrfx_clock.c.obj)
                0x00000000000042b0                nrfx_power_clock_irq_handler
 .text.nrf_gpio_pin_port_decode
                0x0000000000004318       0x1c modules/hal_nordic/nrfx/libmodules__hal_nordic__nrfx.a(nrfx_spim.c.obj)
 .text.nrfx_spim_init
                0x0000000000004334      0x1f8 modules/hal_nordic/nrfx/libmodules__hal_nordic__nrfx.a(nrfx_spim.c.obj)
                0x0000000000004334                nrfx_spim_init
 .text.nrfx_spim_uninit
                0x000000000000452c       0x90 modules/hal_nordic/nrfx/libmodules__hal_nordic__nrfx.a(nrfx_spim.c.obj)
                0x000000000000452c                nrfx_spim_uninit
 .text.nrfx_spim_xfer
                0x00000000000045bc       0xf8 modules/hal_nordic/nrfx/libmodules__hal_nordic__nrfx.a(nrfx_spim.c.obj)
                0x00000000000045bc                nrfx_spim_xfer
 .text.nrfx_spim_0_irq_handler
                0x00000000000046b4       0x24 modules/hal_nordic/nrfx/libmodules__hal_nordic__nrfx.a(nrfx_spim.c.obj)
                0x00000000000046b4                nrfx_spim_0_irq_handler
 .text.nrfx_spim_1_irq_handler
                0x00000000000046d8       0x20 modules/hal_nordic/nrfx/libmodules__hal_nordic__nrfx.a(nrfx_spim.c.obj)
                0x00000000000046d8                nrfx_spim_1_irq_handler
 .text._DoInit  0x00000000000046f8       0x60 modules/segger/libmodules__segger.a(SEGGER_RTT.c.obj)
 .text.SEGGER_RTT_WriteSkipNoLock
                0x0000000000004758       0x90 modules/segger/libmodules__segger.a(SEGGER_RTT.c.obj)
                0x0000000000004758                SEGGER_RTT_WriteSkipNoLock
 .text.SEGGER_RTT_WriteNoLock
                0x00000000000047e8       0x58 modules/segger/libmodules__segger.a(SEGGER_RTT.c.obj)
                0x00000000000047e8                SEGGER_RTT_WriteNoLock
 .text.SEGGER_RTT_HasDataUp
                0x0000000000004840       0x14 modules/segger/libmodules__segger.a(SEGGER_RTT.c.obj)
                0x0000000000004840                SEGGER_RTT_HasDataUp
 .text.zephyr_rtt_mutex_lock
                0x0000000000004854       0x14 modules/segger/libmodules__segger.a(SEGGER_RTT_zephyr.c.obj)
                0x0000000000004854                zephyr_rtt_mutex_lock
 .text.zephyr_rtt_mutex_unlock
                0x0000000000004868        0xc modules/segger/libmodules__segger.a(SEGGER_RTT_zephyr.c.obj)
                0x0000000000004868                zephyr_rtt_mutex_unlock
 .text.sen1_init
                0x0000000000004874       0x28 modules/sen1/lib..__..__my_generic_bist__drivers__sensor__sen1__zephyr.a(sen1.c.obj)
 .text.sen1_sample_fetch
                0x000000000000489c       0x28 modules/sen1/lib..__..__my_generic_bist__drivers__sensor__sen1__zephyr.a(sen1.c.obj)
                0x000000000000489c                sen1_sample_fetch
 .text.sen1_bist
                0x00000000000048c4       0x28 modules/sen1/lib..__..__my_generic_bist__drivers__sensor__sen1__zephyr.a(sen1.c.obj)
                0x00000000000048c4                sen1_bist
 .text.sen1_attr_set
                0x00000000000048ec       0x28 modules/sen1/lib..__..__my_generic_bist__drivers__sensor__sen1__zephyr.a(sen1.c.obj)
 .text.sen2_init
                0x0000000000004914       0x28 modules/sen2/lib..__..__my_generic_bist__drivers__sensor__sen2__zephyr.a(sen2.c.obj)
 .text.sen2_sample_fetch
                0x000000000000493c       0x28 modules/sen2/lib..__..__my_generic_bist__drivers__sensor__sen2__zephyr.a(sen2.c.obj)
                0x000000000000493c                sen2_sample_fetch
 .text.sen2_bist
                0x0000000000004964       0x28 modules/sen2/lib..__..__my_generic_bist__drivers__sensor__sen2__zephyr.a(sen2.c.obj)
                0x0000000000004964                sen2_bist
 .text.sen2_attr_set
                0x000000000000498c       0x28 modules/sen2/lib..__..__my_generic_bist__drivers__sensor__sen2__zephyr.a(sen2.c.obj)
 .text.z_fatal_error
                0x00000000000049b4       0xfc zephyr/kernel/libkernel.a(fatal.c.obj)
                0x00000000000049b4                z_fatal_error
 .text.z_sys_init_run_level
                0x0000000000004ab0       0x44 zephyr/kernel/libkernel.a(init.c.obj)
 .text.bg_thread_main
                0x0000000000004af4       0x34 zephyr/kernel/libkernel.a(init.c.obj)
 .text.z_bss_zero
                0x0000000000004b28       0x18 zephyr/kernel/libkernel.a(init.c.obj)
                0x0000000000004b28                z_bss_zero
 .text.z_init_cpu
                0x0000000000004b40       0x70 zephyr/kernel/libkernel.a(init.c.obj)
                0x0000000000004b40                z_init_cpu
 .text.z_cstart
                0x0000000000004bb0       0xe0 zephyr/kernel/libkernel.a(init.c.obj)
                0x0000000000004bb0                z_cstart
 .text.init_mem_slab_module
                0x0000000000004c90       0x24 zephyr/kernel/libkernel.a(mem_slab.c.obj)
 .text.k_mem_slab_alloc
                0x0000000000004cb4       0x5c zephyr/kernel/libkernel.a(mem_slab.c.obj)
                0x0000000000004cb4                k_mem_slab_alloc
 .text.z_setup_new_thread
                0x0000000000004d10       0x64 zephyr/kernel/libkernel.a(thread.c.obj)
                0x0000000000004d10                z_setup_new_thread
 .text.z_impl_k_thread_create
                0x0000000000004d74       0x58 zephyr/kernel/libkernel.a(thread.c.obj)
                0x0000000000004d74                z_impl_k_thread_create
 .text.z_init_static_threads
                0x0000000000004dcc       0xb8 zephyr/kernel/libkernel.a(thread.c.obj)
                0x0000000000004dcc                z_init_static_threads
 .text.idle     0x0000000000004e84       0x38 zephyr/kernel/libkernel.a(idle.c.obj)
                0x0000000000004e84                idle
 .text.z_impl_k_mutex_lock
                0x0000000000004ebc       0xf4 zephyr/kernel/libkernel.a(mutex.c.obj)
                0x0000000000004ebc                z_impl_k_mutex_lock
 .text.z_impl_k_mutex_unlock
                0x0000000000004fb0       0x78 zephyr/kernel/libkernel.a(mutex.c.obj)
                0x0000000000004fb0                z_impl_k_mutex_unlock
 .text.z_impl_k_sem_give
                0x0000000000005028       0x40 zephyr/kernel/libkernel.a(sem.c.obj)
                0x0000000000005028                z_impl_k_sem_give
 .text.z_impl_k_sem_take
                0x0000000000005068       0x50 zephyr/kernel/libkernel.a(sem.c.obj)
                0x0000000000005068                z_impl_k_sem_take
 .text.z_reset_time_slice
                0x00000000000050b8       0x28 zephyr/kernel/libkernel.a(sched.c.obj)
                0x00000000000050b8                z_reset_time_slice
 .text.update_cache
                0x00000000000050e0       0x3c zephyr/kernel/libkernel.a(sched.c.obj)
 .text.move_thread_to_end_of_prio_q
                0x000000000000511c       0x74 zephyr/kernel/libkernel.a(sched.c.obj)
 .text.ready_thread
                0x0000000000005190       0x68 zephyr/kernel/libkernel.a(sched.c.obj)
 .text.unready_thread
                0x00000000000051f8       0x30 zephyr/kernel/libkernel.a(sched.c.obj)
 .text.pend_locked
                0x0000000000005228       0x30 zephyr/kernel/libkernel.a(sched.c.obj)
 .text.k_sched_time_slice_set
                0x0000000000005258       0x64 zephyr/kernel/libkernel.a(sched.c.obj)
                0x0000000000005258                k_sched_time_slice_set
 .text.z_time_slice
                0x00000000000052bc       0x84 zephyr/kernel/libkernel.a(sched.c.obj)
                0x00000000000052bc                z_time_slice
 .text.z_pend_curr
                0x0000000000005340       0x3c zephyr/kernel/libkernel.a(sched.c.obj)
                0x0000000000005340                z_pend_curr
 .text.z_set_prio
                0x000000000000537c       0x8c zephyr/kernel/libkernel.a(sched.c.obj)
                0x000000000000537c                z_set_prio
 .text.z_reschedule
                0x0000000000005408       0x24 zephyr/kernel/libkernel.a(sched.c.obj)
                0x0000000000005408                z_reschedule
 .text.z_sched_start
                0x000000000000542c       0x3c zephyr/kernel/libkernel.a(sched.c.obj)
                0x000000000000542c                z_sched_start
 .text.z_impl_k_thread_suspend
                0x0000000000005468       0x64 zephyr/kernel/libkernel.a(sched.c.obj)
                0x0000000000005468                z_impl_k_thread_suspend
 .text.k_sched_lock
                0x00000000000054cc       0x28 zephyr/kernel/libkernel.a(sched.c.obj)
                0x00000000000054cc                k_sched_lock
 .text.k_sched_unlock
                0x00000000000054f4       0x38 zephyr/kernel/libkernel.a(sched.c.obj)
                0x00000000000054f4                k_sched_unlock
 .text.z_sched_init
                0x000000000000552c       0x18 zephyr/kernel/libkernel.a(sched.c.obj)
                0x000000000000552c                z_sched_init
 .text.z_impl_k_yield
                0x0000000000005544       0x7c zephyr/kernel/libkernel.a(sched.c.obj)
                0x0000000000005544                z_impl_k_yield
 .text.z_tick_sleep
                0x00000000000055c0       0x88 zephyr/kernel/libkernel.a(sched.c.obj)
 .text.z_impl_k_sleep
                0x0000000000005648       0x34 zephyr/kernel/libkernel.a(sched.c.obj)
                0x0000000000005648                z_impl_k_sleep
 .text.z_impl_z_current_get
                0x000000000000567c        0xc zephyr/kernel/libkernel.a(sched.c.obj)
                0x000000000000567c                z_impl_z_current_get
 .text.z_thread_abort
                0x0000000000005688       0xc0 zephyr/kernel/libkernel.a(sched.c.obj)
                0x0000000000005688                z_thread_abort
 .text.z_data_copy
                0x0000000000005748       0x34 zephyr/kernel/libkernel.a(xip.c.obj)
                0x0000000000005748                z_data_copy
 .text.elapsed  0x000000000000577c       0x14 zephyr/kernel/libkernel.a(timeout.c.obj)
 .text.next_timeout
                0x0000000000005790       0x50 zephyr/kernel/libkernel.a(timeout.c.obj)
 .text.remove_timeout
                0x00000000000057e0       0x38 zephyr/kernel/libkernel.a(timeout.c.obj)
 .text.z_add_timeout
                0x0000000000005818       0xfc zephyr/kernel/libkernel.a(timeout.c.obj)
                0x0000000000005818                z_add_timeout
 .text.sys_clock_announce
                0x0000000000005914       0xb4 zephyr/kernel/libkernel.a(timeout.c.obj)
                0x0000000000005914                sys_clock_announce
 .text.sys_clock_tick_get
                0x00000000000059c8       0x34 zephyr/kernel/libkernel.a(timeout.c.obj)
                0x00000000000059c8                sys_clock_tick_get
 .text.z_timer_expiration_handler
                0x00000000000059fc       0xd4 zephyr/kernel/libkernel.a(timer.c.obj)
                0x00000000000059fc                z_timer_expiration_handler
 .text.z_impl_k_timer_start
                0x0000000000005ad0       0x98 zephyr/kernel/libkernel.a(timer.c.obj)
                0x0000000000005ad0                z_impl_k_timer_start
 .text.boot_banner
                0x0000000000005b68        0xc zephyr/kernel/libkernel.a(banner.c.obj)
                0x0000000000005b68                boot_banner
 .text.nrf_cc3xx_platform_init_no_rng
                0x0000000000005b74       0x38 /home/ziv/workspace/ncs/nrfxlib/crypto/nrf_cc310_platform/lib/cortex-m4/soft-float/no-interrupts/libnrf_cc310_platform_0.9.16.a(nrf_cc3xx_platform.c.obj)
                0x0000000000005b74                nrf_cc3xx_platform_init_no_rng
 .text.nrf_cc3xx_platform_abort
                0x0000000000005bac       0x24 /home/ziv/workspace/ncs/nrfxlib/crypto/nrf_cc310_platform/lib/cortex-m4/soft-float/no-interrupts/libnrf_cc310_platform_0.9.16.a(nrf_cc3xx_platform_abort.c.obj)
 .text.CC_PalAbort
                0x0000000000005bd0       0x34 /home/ziv/workspace/ncs/nrfxlib/crypto/nrf_cc310_platform/lib/cortex-m4/soft-float/no-interrupts/libnrf_cc310_platform_0.9.16.a(nrf_cc3xx_platform_abort.c.obj)
                0x0000000000005bd0                CC_PalAbort
 .text.nrf_cc3xx_platform_set_abort
                0x0000000000005c04       0x10 /home/ziv/workspace/ncs/nrfxlib/crypto/nrf_cc310_platform/lib/cortex-m4/soft-float/no-interrupts/libnrf_cc310_platform_0.9.16.a(nrf_cc3xx_platform_abort.c.obj)
                0x0000000000005c04                nrf_cc3xx_platform_set_abort
 .text.mutex_free
                0x0000000000005c14       0x34 /home/ziv/workspace/ncs/nrfxlib/crypto/nrf_cc310_platform/lib/cortex-m4/soft-float/no-interrupts/libnrf_cc310_platform_0.9.16.a(nrf_cc3xx_platform_mutex.c.obj)
 .text.mutex_lock
                0x0000000000005c48       0x48 /home/ziv/workspace/ncs/nrfxlib/crypto/nrf_cc310_platform/lib/cortex-m4/soft-float/no-interrupts/libnrf_cc310_platform_0.9.16.a(nrf_cc3xx_platform_mutex.c.obj)
 .text.mutex_unlock
                0x0000000000005c90       0x38 /home/ziv/workspace/ncs/nrfxlib/crypto/nrf_cc310_platform/lib/cortex-m4/soft-float/no-interrupts/libnrf_cc310_platform_0.9.16.a(nrf_cc3xx_platform_mutex.c.obj)
 .text.mutex_init
                0x0000000000005cc8       0x20 /home/ziv/workspace/ncs/nrfxlib/crypto/nrf_cc310_platform/lib/cortex-m4/soft-float/no-interrupts/libnrf_cc310_platform_0.9.16.a(nrf_cc3xx_platform_mutex.c.obj)
 .text.nrf_cc3xx_platform_set_mutexes
                0x0000000000005ce8       0x6c /home/ziv/workspace/ncs/nrfxlib/crypto/nrf_cc310_platform/lib/cortex-m4/soft-float/no-interrupts/libnrf_cc310_platform_0.9.16.a(nrf_cc3xx_platform_mutex.c.obj)
                0x0000000000005ce8                nrf_cc3xx_platform_set_mutexes
 .text.CC_LibInitNoRng
                0x0000000000005d54       0x64 /home/ziv/workspace/ncs/nrfxlib/crypto/nrf_cc310_platform/lib/cortex-m4/soft-float/no-interrupts/libnrf_cc310_platform_0.9.16.a(cc_lib.c.obj)
                0x0000000000005d54                CC_LibInitNoRng
 .text.CC_HalInit
                0x0000000000005db8        0x4 /home/ziv/workspace/ncs/nrfxlib/crypto/nrf_cc310_platform/lib/cortex-m4/soft-float/no-interrupts/libnrf_cc310_platform_0.9.16.a(cc_hal.c.obj)
                0x0000000000005db8                CC_HalInit
 .text.CC_HalTerminate
                0x0000000000005dbc        0x4 /home/ziv/workspace/ncs/nrfxlib/crypto/nrf_cc310_platform/lib/cortex-m4/soft-float/no-interrupts/libnrf_cc310_platform_0.9.16.a(cc_hal.c.obj)
                0x0000000000005dbc                CC_HalTerminate
 .text.CC_HalMaskInterrupt
                0x0000000000005dc0        0xc /home/ziv/workspace/ncs/nrfxlib/crypto/nrf_cc310_platform/lib/cortex-m4/soft-float/no-interrupts/libnrf_cc310_platform_0.9.16.a(cc_hal.c.obj)
                0x0000000000005dc0                CC_HalMaskInterrupt
 .text.CC_PalInit
                0x0000000000005dcc       0x5c /home/ziv/workspace/ncs/nrfxlib/crypto/nrf_cc310_platform/lib/cortex-m4/soft-float/no-interrupts/libnrf_cc310_platform_0.9.16.a(cc_pal.c.obj)
                0x0000000000005dcc                CC_PalInit
 .text.CC_PalTerminate
                0x0000000000005e28       0x34 /home/ziv/workspace/ncs/nrfxlib/crypto/nrf_cc310_platform/lib/cortex-m4/soft-float/no-interrupts/libnrf_cc310_platform_0.9.16.a(cc_pal.c.obj)
                0x0000000000005e28                CC_PalTerminate
 .text.CC_PalDmaInit
                0x0000000000005e5c        0x4 /home/ziv/workspace/ncs/nrfxlib/crypto/nrf_cc310_platform/lib/cortex-m4/soft-float/no-interrupts/libnrf_cc310_platform_0.9.16.a(cc_pal_dma.c.obj)
                0x0000000000005e5c                CC_PalDmaInit
 .text.CC_PalDmaTerminate
                0x0000000000005e60        0x4 /home/ziv/workspace/ncs/nrfxlib/crypto/nrf_cc310_platform/lib/cortex-m4/soft-float/no-interrupts/libnrf_cc310_platform_0.9.16.a(cc_pal_dma.c.obj)
                0x0000000000005e60                CC_PalDmaTerminate
 .text.CC_PalMutexCreate
                0x0000000000005e64       0x14 /home/ziv/workspace/ncs/nrfxlib/crypto/nrf_cc310_platform/lib/cortex-m4/soft-float/no-interrupts/libnrf_cc310_platform_0.9.16.a(cc_pal_mutex.c.obj)
                0x0000000000005e64                CC_PalMutexCreate
 .text.CC_PalMutexDestroy
                0x0000000000005e78       0x14 /home/ziv/workspace/ncs/nrfxlib/crypto/nrf_cc310_platform/lib/cortex-m4/soft-float/no-interrupts/libnrf_cc310_platform_0.9.16.a(cc_pal_mutex.c.obj)
                0x0000000000005e78                CC_PalMutexDestroy
 .text.CC_PalPowerSaveModeInit
                0x0000000000005e8c       0x3c /home/ziv/workspace/ncs/nrfxlib/crypto/nrf_cc310_platform/lib/cortex-m4/soft-float/no-interrupts/libnrf_cc310_platform_0.9.16.a(cc_pal_pm.c.obj)
                0x0000000000005e8c                CC_PalPowerSaveModeInit
 .text.CC_PalPowerSaveModeSelect
                0x0000000000005ec8       0x84 /home/ziv/workspace/ncs/nrfxlib/crypto/nrf_cc310_platform/lib/cortex-m4/soft-float/no-interrupts/libnrf_cc310_platform_0.9.16.a(cc_pal_pm.c.obj)
                0x0000000000005ec8                CC_PalPowerSaveModeSelect
 .text.cbpprintf_external
                0x0000000000005f4c       0x62 zephyr/libzephyr.a(cbprintf_packaged.c.obj)
                0x0000000000005f4c                cbpprintf_external
 .text.is_ptr   0x0000000000005fae       0x4a zephyr/libzephyr.a(cbprintf_packaged.c.obj)
                0x0000000000005fae                is_ptr
 .text.arch_printk_char_out
                0x0000000000005ff8        0x4 zephyr/libzephyr.a(printk.c.obj)
                0x0000000000005ff8                arch_printk_char_out
 .text.str_out  0x0000000000005ffc       0x26 zephyr/libzephyr.a(printk.c.obj)
 .text.printk   0x0000000000006022       0x1a zephyr/libzephyr.a(printk.c.obj)
                0x0000000000006022                printk
 .text.snprintk
                0x000000000000603c       0x1a zephyr/libzephyr.a(printk.c.obj)
                0x000000000000603c                snprintk
 .text.z_thread_entry
                0x0000000000006056       0x14 zephyr/libzephyr.a(thread_entry.c.obj)
                0x0000000000006056                z_thread_entry
 .text.process_recheck
                0x000000000000606a       0x38 zephyr/libzephyr.a(onoff.c.obj)
 .text.validate_args
                0x00000000000060a2       0x20 zephyr/libzephyr.a(onoff.c.obj)
 .text.notify_one
                0x00000000000060c2       0x2c zephyr/libzephyr.a(onoff.c.obj)
 .text.transition_complete
                0x00000000000060ee       0x1c zephyr/libzephyr.a(onoff.c.obj)
 .text.onoff_manager_init
                0x000000000000610a       0x26 zephyr/libzephyr.a(onoff.c.obj)
                0x000000000000610a                onoff_manager_init
 .text.onoff_request
                0x0000000000006130       0xb0 zephyr/libzephyr.a(onoff.c.obj)
                0x0000000000006130                onoff_request
 .text.onoff_release
                0x00000000000061e0       0x4a zephyr/libzephyr.a(onoff.c.obj)
                0x00000000000061e0                onoff_release
 .text.sys_notify_validate
                0x000000000000622a       0x22 zephyr/libzephyr.a(notify.c.obj)
                0x000000000000622a                sys_notify_validate
 .text.sys_notify_finalize
                0x000000000000624c       0x1a zephyr/libzephyr.a(notify.c.obj)
                0x000000000000624c                sys_notify_finalize
 .text.encode_uint
                0x0000000000006266       0x8c zephyr/libzephyr.a(cbprintf_complete.c.obj)
 .text.outs     0x00000000000062f2       0x2e zephyr/libzephyr.a(cbprintf_complete.c.obj)
 .text.free_space
                0x0000000000006320       0x22 zephyr/libzephyr.a(mpsc_pbuf.c.obj)
 .text.get_usage
                0x0000000000006342       0x22 zephyr/libzephyr.a(mpsc_pbuf.c.obj)
 .text.idx_inc  0x0000000000006364       0x1c zephyr/libzephyr.a(mpsc_pbuf.c.obj)
 .text.add_skip_item
                0x0000000000006380       0x2c zephyr/libzephyr.a(mpsc_pbuf.c.obj)
 .text.max_utilization_update
                0x00000000000063ac       0x1a zephyr/libzephyr.a(mpsc_pbuf.c.obj)
 .text.drop_item_locked
                0x00000000000063c6       0xb4 zephyr/libzephyr.a(mpsc_pbuf.c.obj)
 .text.mpsc_pbuf_init
                0x000000000000647a       0x42 zephyr/libzephyr.a(mpsc_pbuf.c.obj)
                0x000000000000647a                mpsc_pbuf_init
 .text.mpsc_pbuf_alloc
                0x00000000000064bc       0xfc zephyr/libzephyr.a(mpsc_pbuf.c.obj)
                0x00000000000064bc                mpsc_pbuf_alloc
 .text.mpsc_pbuf_commit
                0x00000000000065b8       0x40 zephyr/libzephyr.a(mpsc_pbuf.c.obj)
                0x00000000000065b8                mpsc_pbuf_commit
 .text.mpsc_pbuf_claim
                0x00000000000065f8       0xa0 zephyr/libzephyr.a(mpsc_pbuf.c.obj)
                0x00000000000065f8                mpsc_pbuf_claim
 .text.mpsc_pbuf_free
                0x0000000000006698       0x68 zephyr/libzephyr.a(mpsc_pbuf.c.obj)
                0x0000000000006698                mpsc_pbuf_free
 .text.mpsc_pbuf_is_pending
                0x0000000000006700       0x14 zephyr/libzephyr.a(mpsc_pbuf.c.obj)
                0x0000000000006700                mpsc_pbuf_is_pending
 .text._ConfigAbsSyms
                0x0000000000006714        0x2 zephyr/libzephyr.a(configs.c.obj)
                0x0000000000006714                _ConfigAbsSyms
 .text.log_msg_generic_get_wlen
                0x0000000000006716       0x22 zephyr/libzephyr.a(log_core.c.obj)
 .text.dummy_timestamp
                0x0000000000006738        0x4 zephyr/libzephyr.a(log_core.c.obj)
 .text.default_get_timestamp
                0x000000000000673c        0x4 zephyr/libzephyr.a(log_core.c.obj)
 .text.atomic_inc
                0x0000000000006740       0x1a zephyr/libzephyr.a(log_core.c.obj)
 .text.z_log_vprintk
                0x000000000000675a       0x1c zephyr/libzephyr.a(log_core.c.obj)
                0x000000000000675a                z_log_vprintk
 .text.z_log_notify_drop
                0x0000000000006776        0x6 zephyr/libzephyr.a(log_core.c.obj)
 .text.z_log_get_tag
                0x000000000000677c        0x4 zephyr/libzephyr.a(log_core.c.obj)
                0x000000000000677c                z_log_get_tag
 .text.z_cbprintf_cpy
                0x0000000000006780       0x2c zephyr/libzephyr.a(log_msg.c.obj)
 .text.z_log_msg_finalize
                0x00000000000067ac       0x34 zephyr/libzephyr.a(log_msg.c.obj)
                0x00000000000067ac                z_log_msg_finalize
 .text.buffer_write
                0x00000000000067e0       0x1a zephyr/libzephyr.a(log_output.c.obj)
 .text.cbvprintf
                0x00000000000067fa        0xe zephyr/libzephyr.a(log_output.c.obj)
 .text.log_output_flush
                0x0000000000006808       0x1a zephyr/libzephyr.a(log_output.c.obj)
                0x0000000000006808                log_output_flush
 .text.out_func
                0x0000000000006822       0x36 zephyr/libzephyr.a(log_output.c.obj)
 .text.cr_out_func
                0x0000000000006858       0x1c zephyr/libzephyr.a(log_output.c.obj)
 .text.abort_function
                0x0000000000006874        0x8 zephyr/libzephyr.a(nrf_cc3xx_platform_abort_zephyr.c.obj)
 .text.z_do_kernel_oops
                0x000000000000687c        0x8 zephyr/arch/arch/arm/core/aarch32/libarch__arm__core__aarch32.a(fatal.c.obj)
                0x000000000000687c                z_do_kernel_oops
 .text.z_irq_spurious
                0x0000000000006884        0x8 zephyr/arch/arch/arm/core/aarch32/libarch__arm__core__aarch32.a(irq_manage.c.obj)
                0x0000000000006884                z_irq_spurious
 .text.z_arm_nmi
                0x000000000000688c        0xe zephyr/arch/arch/arm/core/aarch32/libarch__arm__core__aarch32.a(nmi.c.obj)
                0x000000000000688c                z_arm_nmi
 .text.z_log_msg_static_create.constprop.0
                0x000000000000689a        0x6 zephyr/arch/arch/arm/core/aarch32/cortex_m/libarch__arm__core__aarch32__cortex_m.a(fault.c.obj)
 .text.strcpy   0x00000000000068a0       0x14 zephyr/lib/libc/minimal/liblib__libc__minimal.a(string.c.obj)
                0x00000000000068a0                strcpy
 .text.strlen   0x00000000000068b4        0xe zephyr/lib/libc/minimal/liblib__libc__minimal.a(string.c.obj)
                0x00000000000068b4                strlen
 .text.strnlen  0x00000000000068c2       0x12 zephyr/lib/libc/minimal/liblib__libc__minimal.a(string.c.obj)
                0x00000000000068c2                strnlen
 .text.memcpy   0x00000000000068d4       0x16 zephyr/lib/libc/minimal/liblib__libc__minimal.a(string.c.obj)
                0x00000000000068d4                memcpy
 .text.memset   0x00000000000068ea       0x12 zephyr/lib/libc/minimal/liblib__libc__minimal.a(string.c.obj)
                0x00000000000068ea                memset
 .text._stdout_hook_default
                0x00000000000068fc        0x6 zephyr/lib/libc/minimal/liblib__libc__minimal.a(stdout_console.c.obj)
 .text.pm_state_set
                0x0000000000006902       0x18 zephyr/soc/arm/nordic_nrf/nrf52/libsoc__arm__nordic_nrf__nrf52.a(power.c.obj)
                0x0000000000006902                pm_state_set
 .text.pm_state_exit_post_ops
                0x000000000000691a        0xc zephyr/soc/arm/nordic_nrf/nrf52/libsoc__arm__nordic_nrf__nrf52.a(power.c.obj)
                0x000000000000691a                pm_state_exit_post_ops
 .text.get_status
                0x0000000000006926       0x12 zephyr/drivers/clock_control/libdrivers__clock_control.a(clock_control_nrf.c.obj)
 .text.set_on_state
                0x0000000000006938       0x26 zephyr/drivers/clock_control/libdrivers__clock_control.a(clock_control_nrf.c.obj)
 .text.stop     0x000000000000695e       0x52 zephyr/drivers/clock_control/libdrivers__clock_control.a(clock_control_nrf.c.obj)
 .text.api_stop
                0x00000000000069b0        0x6 zephyr/drivers/clock_control/libdrivers__clock_control.a(clock_control_nrf.c.obj)
 .text.async_start
                0x00000000000069b6       0x5c zephyr/drivers/clock_control/libdrivers__clock_control.a(clock_control_nrf.c.obj)
 .text.api_start
                0x0000000000006a12        0xe zephyr/drivers/clock_control/libdrivers__clock_control.a(clock_control_nrf.c.obj)
 .text.onoff_started_callback
                0x0000000000006a20       0x12 zephyr/drivers/clock_control/libdrivers__clock_control.a(clock_control_nrf.c.obj)
 .text.lfclk_start
                0x0000000000006a32        0x6 zephyr/drivers/clock_control/libdrivers__clock_control.a(clock_control_nrf.c.obj)
 .text.lfclk_stop
                0x0000000000006a38        0x6 zephyr/drivers/clock_control/libdrivers__clock_control.a(clock_control_nrf.c.obj)
 .text.blocking_start_callback
                0x0000000000006a3e        0x6 zephyr/drivers/clock_control/libdrivers__clock_control.a(clock_control_nrf.c.obj)
 .text.irq_connect0
                0x0000000000006a44        0xa zephyr/drivers/spi/libdrivers__spi.a(spi_nrfx_spim.c.obj)
 .text.irq_connect1
                0x0000000000006a4e        0xa zephyr/drivers/spi/libdrivers__spi.a(spi_nrfx_spim.c.obj)
 .text.spi_context_get_next_buf.constprop.0
                0x0000000000006a58       0x26 zephyr/drivers/spi/libdrivers__spi.a(spi_nrfx_spim.c.obj)
 .text.z_log_msg_static_create.constprop.0
                0x0000000000006a7e        0x6 zephyr/drivers/spi/libdrivers__spi.a(spi_nrfx_spim.c.obj)
 .text.gpio_pin_set_dt.isra.0
                0x0000000000006a84       0x28 zephyr/drivers/spi/libdrivers__spi.a(spi_nrfx_spim.c.obj)
 .text._spi_context_cs_control
                0x0000000000006aac       0x44 zephyr/drivers/spi/libdrivers__spi.a(spi_nrfx_spim.c.obj)
 .text.spi_context_unlock_unconditionally
                0x0000000000006af0       0x20 zephyr/drivers/spi/libdrivers__spi.a(spi_nrfx_spim.c.obj)
 .text.spi_nrfx_release
                0x0000000000006b10       0x24 zephyr/drivers/spi/libdrivers__spi.a(spi_nrfx_spim.c.obj)
 .text.sys_clock_idle_exit
                0x0000000000006b34        0x2 zephyr/drivers/timer/libdrivers__timer.a(sys_clock_init.c.obj)
                0x0000000000006b34                sys_clock_idle_exit
 .text.sys_clock_cycle_get_32
                0x0000000000006b36        0x8 zephyr/drivers/timer/libdrivers__timer.a(nrf_rtc_timer.c.obj)
                0x0000000000006b36                sys_clock_cycle_get_32
 .text.hw_cc3xx_init_internal
                0x0000000000006b3e        0x4 modules/nrf/drivers/hw_cc310/lib..__nrf__drivers__hw_cc310.a(hw_cc310.c.obj)
 .text.hw_cc3xx_init
                0x0000000000006b42       0x12 modules/nrf/drivers/hw_cc310/lib..__nrf__drivers__hw_cc310.a(hw_cc310.c.obj)
 .text.nrfx_isr
                0x0000000000006b54        0x2 modules/hal_nordic/nrfx/libmodules__hal_nordic__nrfx.a(nrfx_glue.c.obj)
                0x0000000000006b54                nrfx_isr
 .text.nrfx_busy_wait
                0x0000000000006b56        0x4 modules/hal_nordic/nrfx/libmodules__hal_nordic__nrfx.a(nrfx_glue.c.obj)
                0x0000000000006b56                nrfx_busy_wait
 .text.nrfx_clock_enable
                0x0000000000006b5a       0x14 modules/hal_nordic/nrfx/libmodules__hal_nordic__nrfx.a(nrfx_clock.c.obj)
                0x0000000000006b5a                nrfx_clock_enable
 .text.nrfx_clock_start
                0x0000000000006b6e       0x58 modules/hal_nordic/nrfx/libmodules__hal_nordic__nrfx.a(nrfx_clock.c.obj)
                0x0000000000006b6e                nrfx_clock_start
 .text.nrf_gpio_cfg_default
                0x0000000000006bc6       0x1c modules/hal_nordic/nrfx/libmodules__hal_nordic__nrfx.a(nrfx_spim.c.obj)
 .text.nrf_gpio_pin_set
                0x0000000000006be2       0x1a modules/hal_nordic/nrfx/libmodules__hal_nordic__nrfx.a(nrfx_spim.c.obj)
 .text.nrf_gpio_pin_clear
                0x0000000000006bfc       0x1a modules/hal_nordic/nrfx/libmodules__hal_nordic__nrfx.a(nrfx_spim.c.obj)
 .text.set_ss_pin_state
                0x0000000000006c16       0x20 modules/hal_nordic/nrfx/libmodules__hal_nordic__nrfx.a(nrfx_spim.c.obj)
 .text.finish_transfer
                0x0000000000006c36       0x1e modules/hal_nordic/nrfx/libmodules__hal_nordic__nrfx.a(nrfx_spim.c.obj)
 .text._GetAvailWriteSpace
                0x0000000000006c54       0x12 modules/segger/libmodules__segger.a(SEGGER_RTT.c.obj)
 .text._WriteNoCheck
                0x0000000000006c66       0x36 modules/segger/libmodules__segger.a(SEGGER_RTT.c.obj)
 .text._WriteBlocking
                0x0000000000006c9c       0x54 modules/segger/libmodules__segger.a(SEGGER_RTT.c.obj)
 .text.SEGGER_RTT_Init
                0x0000000000006cf0        0x4 modules/segger/libmodules__segger.a(SEGGER_RTT.c.obj)
                0x0000000000006cf0                SEGGER_RTT_Init
 .text.rtt_init
                0x0000000000006cf4        0xa modules/segger/libmodules__segger.a(SEGGER_RTT_zephyr.c.obj)
 .text.z_device_state_init
                0x0000000000006cfe        0x2 zephyr/kernel/libkernel.a(device.c.obj)
                0x0000000000006cfe                z_device_state_init
 .text.z_device_is_ready
                0x0000000000006d00       0x16 zephyr/kernel/libkernel.a(device.c.obj)
                0x0000000000006d00                z_device_is_ready
 .text.z_early_memset
                0x0000000000006d16        0x4 zephyr/kernel/libkernel.a(init.c.obj)
                0x0000000000006d16                z_early_memset
 .text.z_early_memcpy
                0x0000000000006d1a        0x4 zephyr/kernel/libkernel.a(init.c.obj)
                0x0000000000006d1a                z_early_memcpy
 .text.create_free_list
                0x0000000000006d1e       0x2c zephyr/kernel/libkernel.a(mem_slab.c.obj)
 .text.k_mem_slab_init
                0x0000000000006d4a       0x1c zephyr/kernel/libkernel.a(mem_slab.c.obj)
                0x0000000000006d4a                k_mem_slab_init
 .text.k_mem_slab_free
                0x0000000000006d66       0x52 zephyr/kernel/libkernel.a(mem_slab.c.obj)
                0x0000000000006d66                k_mem_slab_free
 .text.k_is_in_isr
                0x0000000000006db8        0xc zephyr/kernel/libkernel.a(thread.c.obj)
                0x0000000000006db8                k_is_in_isr
 .text.z_impl_k_thread_name_set
                0x0000000000006dc4        0x6 zephyr/kernel/libkernel.a(thread.c.obj)
                0x0000000000006dc4                z_impl_k_thread_name_set
 .text.k_thread_name_get
                0x0000000000006dca        0x4 zephyr/kernel/libkernel.a(thread.c.obj)
                0x0000000000006dca                k_thread_name_get
 .text.z_pm_save_idle_exit
                0x0000000000006dce        0xe zephyr/kernel/libkernel.a(idle.c.obj)
                0x0000000000006dce                z_pm_save_idle_exit
 .text.adjust_owner_prio.isra.0
                0x0000000000006ddc       0x10 zephyr/kernel/libkernel.a(mutex.c.obj)
 .text.z_impl_k_mutex_init
                0x0000000000006dec        0xe zephyr/kernel/libkernel.a(mutex.c.obj)
                0x0000000000006dec                z_impl_k_mutex_init
 .text.z_impl_k_sem_init
                0x0000000000006dfa       0x18 zephyr/kernel/libkernel.a(sem.c.obj)
                0x0000000000006dfa                z_impl_k_sem_init
 .text.sys_dlist_remove
                0x0000000000006e12       0x10 zephyr/kernel/libkernel.a(sched.c.obj)
 .text.unpend_thread_no_timeout
                0x0000000000006e22       0x14 zephyr/kernel/libkernel.a(sched.c.obj)
 .text.z_thread_timeout
                0x0000000000006e36       0x44 zephyr/kernel/libkernel.a(sched.c.obj)
                0x0000000000006e36                z_thread_timeout
 .text.add_to_waitq_locked
                0x0000000000006e7a       0x50 zephyr/kernel/libkernel.a(sched.c.obj)
 .text.z_ready_thread
                0x0000000000006eca       0x20 zephyr/kernel/libkernel.a(sched.c.obj)
                0x0000000000006eca                z_ready_thread
 .text.z_unpend_thread_no_timeout
                0x0000000000006eea       0x20 zephyr/kernel/libkernel.a(sched.c.obj)
                0x0000000000006eea                z_unpend_thread_no_timeout
 .text.z_unpend1_no_timeout
                0x0000000000006f0a       0x2e zephyr/kernel/libkernel.a(sched.c.obj)
                0x0000000000006f0a                z_unpend1_no_timeout
 .text.z_unpend_first_thread
                0x0000000000006f38       0x38 zephyr/kernel/libkernel.a(sched.c.obj)
                0x0000000000006f38                z_unpend_first_thread
 .text.z_reschedule_irqlock
                0x0000000000006f70       0x18 zephyr/kernel/libkernel.a(sched.c.obj)
                0x0000000000006f70                z_reschedule_irqlock
 .text.z_reschedule_unlocked
                0x0000000000006f88       0x14 zephyr/kernel/libkernel.a(sched.c.obj)
 .text.z_abort_timeout
                0x0000000000006f9c       0x2c zephyr/kernel/libkernel.a(timeout.c.obj)
                0x0000000000006f9c                z_abort_timeout
 .text.z_get_next_timeout_expiry
                0x0000000000006fc8       0x20 zephyr/kernel/libkernel.a(timeout.c.obj)
                0x0000000000006fc8                z_get_next_timeout_expiry
 .text.z_set_timeout_expiry
                0x0000000000006fe8       0x38 zephyr/kernel/libkernel.a(timeout.c.obj)
                0x0000000000006fe8                z_set_timeout_expiry
 .text.sys_clock_tick_get_32
                0x0000000000007020        0x8 zephyr/kernel/libkernel.a(timeout.c.obj)
                0x0000000000007020                sys_clock_tick_get_32
 .text.z_impl_k_uptime_ticks
                0x0000000000007028        0x4 zephyr/kernel/libkernel.a(timeout.c.obj)
                0x0000000000007028                z_impl_k_uptime_ticks
 .text.z_impl_k_busy_wait
                0x000000000000702c        0x8 zephyr/kernel/libkernel.a(timeout.c.obj)
                0x000000000000702c                z_impl_k_busy_wait
 .text.k_timer_init
                0x0000000000007034       0x18 zephyr/kernel/libkernel.a(timer.c.obj)
                0x0000000000007034                k_timer_init
 .text.z_impl_k_timer_stop
                0x000000000000704c       0x3a zephyr/kernel/libkernel.a(timer.c.obj)
                0x000000000000704c                z_impl_k_timer_stop
 .text._OffsetAbsSyms
                0x0000000000007086        0x2 zephyr/CMakeFiles/offsets.dir/./arch/arm/core/offsets/offsets.c.obj
                0x0000000000007086                _OffsetAbsSyms
 *(SORT_BY_ALIGNMENT(.TEXT.*))
 *(SORT_BY_ALIGNMENT(.gnu.linkonce.t.*))
 *(SORT_BY_ALIGNMENT(.glue_7t))
 .glue_7t       0x0000000000007088        0x0 linker stubs
 *(SORT_BY_ALIGNMENT(.glue_7))
 .glue_7        0x0000000000007088        0x0 linker stubs
 *(SORT_BY_ALIGNMENT(.vfp11_veneer))
 .vfp11_veneer  0x0000000000007088        0x0 linker stubs
 *(SORT_BY_ALIGNMENT(.v4_bx))
 .v4_bx         0x0000000000007088        0x0 linker stubs
                0x0000000000007088                . = ALIGN (0x4)
                0x0000000000007088                __text_region_end = .

.ARM.exidx      0x0000000000007088        0x8
                0x0000000000007088                __exidx_start = .
 *(SORT_BY_ALIGNMENT(.ARM.exidx*) SORT_BY_ALIGNMENT(gnu.linkonce.armexidx.*))
 .ARM.exidx     0x0000000000007088        0x8 /home/ziv/ncs/toolchains/v2.2.0/opt/zephyr-sdk/arm-zephyr-eabi/bin/../lib/gcc/arm-zephyr-eabi/12.1.0/thumb/v7e-m/nofp/libgcc.a(_udivmoddi4.o)
                0x0000000000007090                __exidx_end = .
                0x0000000000007090                __rodata_region_start = .

initlevel       0x0000000000007090       0x70
                0x0000000000007090                __init_start = .
                0x0000000000007090                __init_EARLY_start = .
 *(SORT_BY_NAME(SORT_BY_ALIGNMENT(.z_init_EARLY[0-9]_*)))
 *(SORT_BY_NAME(SORT_BY_ALIGNMENT(.z_init_EARLY[1-9][0-9]_*)))
                0x0000000000007090                __init_PRE_KERNEL_1_start = .
 *(SORT_BY_NAME(SORT_BY_ALIGNMENT(.z_init_PRE_KERNEL_1[0-9]_*)))
 .z_init_PRE_KERNEL_10_
                0x0000000000007090        0x8 zephyr/soc/arm/nordic_nrf/nrf52/libsoc__arm__nordic_nrf__nrf52.a(soc.c.obj)
 *(SORT_BY_NAME(SORT_BY_ALIGNMENT(.z_init_PRE_KERNEL_1[1-9][0-9]_*)))
 .z_init_PRE_KERNEL_130_
                0x0000000000007098        0x8 zephyr/drivers/clock_control/libdrivers__clock_control.a(clock_control_nrf.c.obj)
 .z_init_PRE_KERNEL_130_
                0x00000000000070a0        0x8 modules/segger/libmodules__segger.a(SEGGER_RTT_zephyr.c.obj)
 .z_init_PRE_KERNEL_130_
                0x00000000000070a8        0x8 zephyr/kernel/libkernel.a(mem_slab.c.obj)
 .z_init_PRE_KERNEL_140_
                0x00000000000070b0        0x8 zephyr/drivers/console/libdrivers__console.a(rtt_console.c.obj)
 .z_init_PRE_KERNEL_140_
                0x00000000000070b8        0x8 modules/nrf/drivers/hw_cc310/lib..__nrf__drivers__hw_cc310.a(hw_cc310.c.obj)
                0x00000000000070c0                __init_PRE_KERNEL_2_start = .
 *(SORT_BY_NAME(SORT_BY_ALIGNMENT(.z_init_PRE_KERNEL_2[0-9]_*)))
 .z_init_PRE_KERNEL_20_
                0x00000000000070c0        0x8 zephyr/drivers/timer/libdrivers__timer.a(nrf_rtc_timer.c.obj)
 *(SORT_BY_NAME(SORT_BY_ALIGNMENT(.z_init_PRE_KERNEL_2[1-9][0-9]_*)))
                0x00000000000070c8                __init_POST_KERNEL_start = .
 *(SORT_BY_NAME(SORT_BY_ALIGNMENT(.z_init_POST_KERNEL[0-9]_*)))
 .z_init_POST_KERNEL0_
                0x00000000000070c8        0x8 zephyr/libzephyr.a(log_core.c.obj)
 *(SORT_BY_NAME(SORT_BY_ALIGNMENT(.z_init_POST_KERNEL[1-9][0-9]_*)))
 .z_init_POST_KERNEL40_
                0x00000000000070d0        0x8 modules/nrf/drivers/hw_cc310/lib..__nrf__drivers__hw_cc310.a(hw_cc310.c.obj)
 .z_init_POST_KERNEL70_
                0x00000000000070d8       0x10 zephyr/drivers/spi/libdrivers__spi.a(spi_nrfx_spim.c.obj)
 .z_init_POST_KERNEL90_
                0x00000000000070e8        0x8 zephyr/drivers/sensor/nrf5/libdrivers__sensor__nrf5.a(temp_nrf5.c.obj)
                0x00000000000070f0                __init_APPLICATION_start = .
 *(SORT_BY_NAME(SORT_BY_ALIGNMENT(.z_init_APPLICATION[0-9]_*)))
 *(SORT_BY_NAME(SORT_BY_ALIGNMENT(.z_init_APPLICATION[1-9][0-9]_*)))
 .z_init_APPLICATION90_
                0x00000000000070f0        0x8 modules/sen1/lib..__..__my_generic_bist__drivers__sensor__sen1__zephyr.a(sen1.c.obj)
 .z_init_APPLICATION90_
                0x00000000000070f8        0x8 modules/sen2/lib..__..__my_generic_bist__drivers__sensor__sen2__zephyr.a(sen2.c.obj)
                0x0000000000007100                __init_SMP_start = .
 *(SORT_BY_NAME(SORT_BY_ALIGNMENT(.z_init_SMP[0-9]_*)))
 *(SORT_BY_NAME(SORT_BY_ALIGNMENT(.z_init_SMP[1-9][0-9]_*)))
                0x0000000000007100                __init_end = .

devices         0x0000000000007100       0x90
                0x0000000000007100                __device_start = .
                0x0000000000007100                __device_EARLY_start = .
 *(SORT_BY_NAME(SORT_BY_ALIGNMENT(.z_device_EARLY[0-9]_*)))
 *(SORT_BY_NAME(SORT_BY_ALIGNMENT(.z_device_EARLY[1-9][0-9]_*)))
                0x0000000000007100                __device_PRE_KERNEL_1_start = .
 *(SORT_BY_NAME(SORT_BY_ALIGNMENT(.z_device_PRE_KERNEL_1[0-9]_*)))
 *(SORT_BY_NAME(SORT_BY_ALIGNMENT(.z_device_PRE_KERNEL_1[1-9][0-9]_*)))
 .z_device_PRE_KERNEL_130_
                0x0000000000007100       0x18 zephyr/drivers/clock_control/libdrivers__clock_control.a(clock_control_nrf.c.obj)
                0x0000000000007100                __device_dts_ord_15
                0x0000000000007118                __device_PRE_KERNEL_2_start = .
 *(SORT_BY_NAME(SORT_BY_ALIGNMENT(.z_device_PRE_KERNEL_2[0-9]_*)))
 *(SORT_BY_NAME(SORT_BY_ALIGNMENT(.z_device_PRE_KERNEL_2[1-9][0-9]_*)))
                0x0000000000007118                __device_POST_KERNEL_start = .
 *(SORT_BY_NAME(SORT_BY_ALIGNMENT(.z_device_POST_KERNEL[0-9]_*)))
 *(SORT_BY_NAME(SORT_BY_ALIGNMENT(.z_device_POST_KERNEL[1-9][0-9]_*)))
 .z_device_POST_KERNEL70_
                0x0000000000007118       0x30 zephyr/drivers/spi/libdrivers__spi.a(spi_nrfx_spim.c.obj)
                0x0000000000007118                __device_dts_ord_74
                0x0000000000007130                __device_dts_ord_72
 .z_device_POST_KERNEL90_
                0x0000000000007148       0x18 zephyr/drivers/sensor/nrf5/libdrivers__sensor__nrf5.a(temp_nrf5.c.obj)
                0x0000000000007148                __device_dts_ord_49
                0x0000000000007160                __device_APPLICATION_start = .
 *(SORT_BY_NAME(SORT_BY_ALIGNMENT(.z_device_APPLICATION[0-9]_*)))
 *(SORT_BY_NAME(SORT_BY_ALIGNMENT(.z_device_APPLICATION[1-9][0-9]_*)))
 .z_device_APPLICATION90_
                0x0000000000007160       0x18 modules/sen1/lib..__..__my_generic_bist__drivers__sensor__sen1__zephyr.a(sen1.c.obj)
                0x0000000000007160                __device_dts_ord_73
 .z_device_APPLICATION90_
                0x0000000000007178       0x18 modules/sen2/lib..__..__my_generic_bist__drivers__sensor__sen2__zephyr.a(sen2.c.obj)
                0x0000000000007178                __device_dts_ord_75
                0x0000000000007190                __device_SMP_start = .
 *(SORT_BY_NAME(SORT_BY_ALIGNMENT(.z_device_SMP[0-9]_*)))
 *(SORT_BY_NAME(SORT_BY_ALIGNMENT(.z_device_SMP[1-9][0-9]_*)))
                0x0000000000007190                __device_end = .

sw_isr_table    0x0000000000007190      0x180
                0x0000000000007190                . = ALIGN (0x4)
 *(SORT_BY_ALIGNMENT(.gnu.linkonce.sw_isr_table*))
 .gnu.linkonce.sw_isr_table
                0x0000000000007190      0x180 zephyr/arch/common/libisr_tables.a(isr_tables.c.obj)
                0x0000000000007190                _sw_isr_table

initlevel_error
                0x0000000000007090        0x0
 *(SORT_BY_NAME(SORT_BY_ALIGNMENT(.z_init_[_A-Z0-9]*)))
                0x0000000000000001                ASSERT ((SIZEOF (initlevel_error) == 0x0), Undefined initialization levels used.)

app_shmem_regions
                0x0000000000007310        0x0
                0x0000000000007310                __app_shmem_regions_start = .
 *(SORT_BY_NAME(SORT_BY_ALIGNMENT(.app_regions.*)))
                0x0000000000007310                __app_shmem_regions_end = .

k_p4wq_initparam_area
                0x0000000000007310        0x0
                0x0000000000007310                _k_p4wq_initparam_list_start = .
 *(SORT_BY_NAME(SORT_BY_ALIGNMENT(._k_p4wq_initparam.static.*)))
                0x0000000000007310                _k_p4wq_initparam_list_end = .

_static_thread_data_area
                0x0000000000007310        0x0
                0x0000000000007310                __static_thread_data_list_start = .
 *(SORT_BY_NAME(SORT_BY_ALIGNMENT(.__static_thread_data.static.*)))
                0x0000000000007310                __static_thread_data_list_end = .

device_handles  0x0000000000007310       0x3c
                0x0000000000007310                __device_handles_start = .
 *(SORT_BY_NAME(SORT_BY_ALIGNMENT(.__device_handles_pass1*)))
 .__device_handles_pass1
                0x0000000000007310        0xa zephyr/drivers/clock_control/libdrivers__clock_control.a(clock_control_nrf.c.obj)
                0x0000000000007310                __devicehdl_dts_ord_15
 .__device_handles_pass1
                0x000000000000731a        0xa zephyr/drivers/sensor/nrf5/libdrivers__sensor__nrf5.a(temp_nrf5.c.obj)
                0x000000000000731a                __devicehdl_dts_ord_49
 .__device_handles_pass1
                0x0000000000007324       0x18 zephyr/drivers/spi/libdrivers__spi.a(spi_nrfx_spim.c.obj)
                0x0000000000007324                __devicehdl_dts_ord_74
                0x0000000000007330                __devicehdl_dts_ord_72
 .__device_handles_pass1
                0x000000000000733c        0x8 modules/sen1/lib..__..__my_generic_bist__drivers__sensor__sen1__zephyr.a(sen1.c.obj)
                0x000000000000733c                __devicehdl_dts_ord_73
 .__device_handles_pass1
                0x0000000000007344        0x8 modules/sen2/lib..__..__my_generic_bist__drivers__sensor__sen2__zephyr.a(sen2.c.obj)
                0x0000000000007344                __devicehdl_dts_ord_75
                0x000000000000734c                __device_handles_end = .

ztest           0x000000000000734c        0x0
                0x000000000000734c                _ztest_expected_result_entry_list_start = .
 *(SORT_BY_NAME(SORT_BY_ALIGNMENT(._ztest_expected_result_entry.static.*)))
                0x000000000000734c                _ztest_expected_result_entry_list_end = .
                0x000000000000734c                _ztest_suite_node_list_start = .
 *(SORT_BY_NAME(SORT_BY_ALIGNMENT(._ztest_suite_node.static.*)))
                0x000000000000734c                _ztest_suite_node_list_end = .
                0x000000000000734c                _ztest_unit_test_list_start = .
 *(SORT_BY_NAME(SORT_BY_ALIGNMENT(._ztest_unit_test.static.*)))
                0x000000000000734c                _ztest_unit_test_list_end = .
                0x000000000000734c                _ztest_test_rule_list_start = .
 *(SORT_BY_NAME(SORT_BY_ALIGNMENT(._ztest_test_rule.static.*)))
                0x000000000000734c                _ztest_test_rule_list_end = .

bt_l2cap_fixed_chan_area
                0x000000000000734c        0x0
                0x000000000000734c                _bt_l2cap_fixed_chan_list_start = .
 *(SORT_BY_NAME(SORT_BY_ALIGNMENT(._bt_l2cap_fixed_chan.static.*)))
                0x000000000000734c                _bt_l2cap_fixed_chan_list_end = .

bt_gatt_service_static_area
                0x000000000000734c        0x0
                0x000000000000734c                _bt_gatt_service_static_list_start = .
 *(SORT_BY_NAME(SORT_BY_ALIGNMENT(._bt_gatt_service_static.static.*)))
                0x000000000000734c                _bt_gatt_service_static_list_end = .

log_strings_sections
                0x000000000000734c        0x0
                0x000000000000734c                __log_strings_start = .
 *(SORT_BY_NAME(SORT_BY_ALIGNMENT(.log_strings*)))
                0x000000000000734c                __log_strings_end = .

log_const_sections
                0x000000000000734c       0x68
                0x000000000000734c                __log_const_start = .
 *(SORT_BY_NAME(SORT_BY_ALIGNMENT(.log_const_*)))
 .log_const_SEN1
                0x000000000000734c        0x8 modules/sen1/lib..__..__my_generic_bist__drivers__sensor__sen1__zephyr.a(sen1.c.obj)
                0x000000000000734c                log_const_SEN1
 .log_const_SEN2
                0x0000000000007354        0x8 modules/sen2/lib..__..__my_generic_bist__drivers__sensor__sen2__zephyr.a(sen2.c.obj)
                0x0000000000007354                log_const_SEN2
 .log_const_cbprintf_package
                0x000000000000735c        0x8 zephyr/libzephyr.a(cbprintf_packaged.c.obj)
                0x000000000000735c                log_const_cbprintf_package
 .log_const_clock_control
                0x0000000000007364        0x8 zephyr/drivers/clock_control/libdrivers__clock_control.a(clock_control_nrf.c.obj)
                0x0000000000007364                log_const_clock_control
 .log_const_fatal_error
                0x000000000000736c        0x8 modules/nrf/lib/fatal_error/lib..__nrf__lib__fatal_error.a(fatal_error.c.obj)
                0x000000000000736c                log_const_fatal_error
 .log_const_log
                0x0000000000007374        0x8 zephyr/libzephyr.a(log_core.c.obj)
                0x0000000000007374                log_const_log
 .log_const_log_mgmt
                0x000000000000737c        0x8 zephyr/libzephyr.a(log_mgmt.c.obj)
                0x000000000000737c                log_const_log_mgmt
 .log_const_mpu
                0x0000000000007384        0x8 zephyr/arch/arch/arm/core/aarch32/mpu/libarch__arm__core__aarch32__mpu.a(arm_core_mpu.c.obj)
                0x0000000000007384                log_const_mpu
 .log_const_os  0x000000000000738c        0x8 zephyr/kernel/libkernel.a(init.c.obj)
                0x000000000000738c                log_const_os
 .log_const_pm  0x0000000000007394        0x8 zephyr/libzephyr.a(pm.c.obj)
                0x0000000000007394                log_const_pm
 .log_const_soc
                0x000000000000739c        0x8 zephyr/soc/arm/nordic_nrf/nrf52/libsoc__arm__nordic_nrf__nrf52.a(soc.c.obj)
                0x000000000000739c                log_const_soc
 .log_const_spi_nrfx_spim
                0x00000000000073a4        0x8 zephyr/drivers/spi/libdrivers__spi.a(spi_nrfx_spim.c.obj)
                0x00000000000073a4                log_const_spi_nrfx_spim
 .log_const_temp_nrf5
                0x00000000000073ac        0x8 zephyr/drivers/sensor/nrf5/libdrivers__sensor__nrf5.a(temp_nrf5.c.obj)
                0x00000000000073ac                log_const_temp_nrf5
                0x00000000000073b4                __log_const_end = .

log_backend_area
                0x00000000000073b4       0x10
                0x00000000000073b4                _log_backend_list_start = .
 *(SORT_BY_NAME(SORT_BY_ALIGNMENT(._log_backend.static.*)))
 ._log_backend.static.log_backend_rtt
                0x00000000000073b4       0x10 zephyr/libzephyr.a(log_backend_rtt.c.obj)
                0x00000000000073c4                _log_backend_list_end = .

log_link_area   0x00000000000073c4        0x0
                0x00000000000073c4                _log_link_list_start = .
 *(SORT_BY_NAME(SORT_BY_ALIGNMENT(._log_link.static.*)))
                0x00000000000073c4                _log_link_list_end = .

tracing_backend_area
                0x00000000000073c4        0x0
                0x00000000000073c4                _tracing_backend_list_start = .
 *(SORT_BY_NAME(SORT_BY_ALIGNMENT(._tracing_backend.static.*)))
                0x00000000000073c4                _tracing_backend_list_end = .

zephyr_dbg_info
 *(SORT_BY_ALIGNMENT(.dbg_thread_info))

symbol_to_keep  0x00000000000073c4        0x0
                0x00000000000073c4                __symbol_to_keep_start = .
 *(SORT_BY_NAME(SORT_BY_ALIGNMENT(.symbol_to_keep*)))
                0x00000000000073c4                __symbol_to_keep_end = .

shell_area      0x00000000000073c4        0x0
                0x00000000000073c4                _shell_list_start = .
 *(SORT_BY_NAME(SORT_BY_ALIGNMENT(._shell.static.*)))
                0x00000000000073c4                _shell_list_end = .

shell_root_cmds_sections
                0x00000000000073c4        0x0
                0x00000000000073c4                __shell_root_cmds_start = .
 *(SORT_BY_NAME(SORT_BY_ALIGNMENT(.shell_root_cmd_*)))
                0x00000000000073c4                __shell_root_cmds_end = .

shell_subcmds_sections
                0x00000000000073c4        0x0
                0x00000000000073c4                __shell_subcmds_start = .
 *(SORT_BY_NAME(SORT_BY_ALIGNMENT(.shell_subcmd_*)))
                0x00000000000073c4                __shell_subcmds_end = .

shell_dynamic_subcmds_sections
                0x00000000000073c4        0x0
                0x00000000000073c4                __shell_dynamic_subcmds_start = .
 *(SORT_BY_NAME(SORT_BY_ALIGNMENT(.shell_dynamic_subcmd_*)))
                0x00000000000073c4                __shell_dynamic_subcmds_end = .

font_entry_sections
                0x00000000000073c4        0x0
                0x00000000000073c4                __font_entry_start = .
 *(SORT_BY_NAME(SORT_BY_ALIGNMENT(._cfb_font.*)))
                0x00000000000073c4                __font_entry_end = .

rodata          0x00000000000073d0      0xcb4
 *(SORT_BY_ALIGNMENT(.rodata))
 *(SORT_BY_ALIGNMENT(.rodata.*))
 .rodata.delay_machine_code.0
                0x00000000000073d0        0x6 zephyr/soc/arm/nordic_nrf/nrf52/libsoc__arm__nordic_nrf__nrf52.a(soc.c.obj)
 *fill*         0x00000000000073d6        0x2 
 .rodata.mpsc_config
                0x00000000000073d8       0x14 zephyr/libzephyr.a(log_core.c.obj)
 .rodata.format_table
                0x00000000000073ec       0x10 zephyr/libzephyr.a(log_core.c.obj)
 .rodata.colors
                0x00000000000073fc       0x14 zephyr/libzephyr.a(log_output.c.obj)
 .rodata.severity
                0x0000000000007410       0x14 zephyr/libzephyr.a(log_output.c.obj)
 .rodata.log_backend_rtt_api
                0x0000000000007424       0x1c zephyr/libzephyr.a(log_backend_rtt.c.obj)
                0x0000000000007424                log_backend_rtt_api
 .rodata.log_output_rtt
                0x0000000000007440       0x10 zephyr/libzephyr.a(log_backend_rtt.c.obj)
 .rodata.pmstates_DT_N_S_cpus_S_cpu_0
                0x0000000000007450        0x0 zephyr/libzephyr.a(state.c.obj)
 .rodata.apis   0x0000000000007450        0x8 zephyr/libzephyr.a(nrf_cc3xx_platform_abort_zephyr.c.obj)
 .rodata.mutexes
                0x0000000000007458       0x14 zephyr/libzephyr.a(nrf_cc3xx_platform_mutex_zephyr.c.obj)
 .rodata.mutex_apis
                0x000000000000746c       0x10 zephyr/libzephyr.a(nrf_cc3xx_platform_mutex_zephyr.c.obj)
 .rodata.static_regions
                0x000000000000747c        0xc zephyr/arch/arch/arm/core/aarch32/mpu/libarch__arm__core__aarch32__mpu.a(arm_core_mpu.c.obj)
 .rodata.mpu_config
                0x0000000000007488        0x8 zephyr/soc/arm/common/cortex_m/libsoc__arm__common__cortex_m.a(arm_mpu_regions.c.obj)
                0x0000000000007488                mpu_config
 .rodata.mpu_regions
                0x0000000000007490       0x18 zephyr/soc/arm/common/cortex_m/libsoc__arm__common__cortex_m.a(arm_mpu_regions.c.obj)
 .rodata.transitions.0
                0x00000000000074a8        0xc zephyr/drivers/clock_control/libdrivers__clock_control.a(clock_control_nrf.c.obj)
 .rodata.config
                0x00000000000074b4       0x18 zephyr/drivers/clock_control/libdrivers__clock_control.a(clock_control_nrf.c.obj)
 .rodata.clock_control_api
                0x00000000000074cc       0x1c zephyr/drivers/clock_control/libdrivers__clock_control.a(clock_control_nrf.c.obj)
 .rodata.temp_nrf5_driver_api
                0x00000000000074e8       0x14 zephyr/drivers/sensor/nrf5/libdrivers__sensor__nrf5.a(temp_nrf5.c.obj)
 .rodata.spi_1z_config
                0x00000000000074fc       0x28 zephyr/drivers/spi/libdrivers__spi.a(spi_nrfx_spim.c.obj)
 .rodata.__compound_literal.1
                0x0000000000007524        0x8 zephyr/drivers/spi/libdrivers__spi.a(spi_nrfx_spim.c.obj)
 .rodata.spi_0z_config
                0x000000000000752c       0x28 zephyr/drivers/spi/libdrivers__spi.a(spi_nrfx_spim.c.obj)
 .rodata.__compound_literal.0
                0x0000000000007554        0x8 zephyr/drivers/spi/libdrivers__spi.a(spi_nrfx_spim.c.obj)
 .rodata.spi_nrfx_driver_api
                0x000000000000755c        0x8 zephyr/drivers/spi/libdrivers__spi.a(spi_nrfx_spim.c.obj)
 .rodata.sen1_driver_api
                0x0000000000007564       0x18 modules/sen1/lib..__..__my_generic_bist__drivers__sensor__sen1__zephyr.a(sen1.c.obj)
 .rodata.sen2_driver_api
                0x000000000000757c       0x18 modules/sen2/lib..__..__my_generic_bist__drivers__sensor__sen2__zephyr.a(sen2.c.obj)
 .rodata._k_neg_eagain
                0x0000000000007594        0x4 zephyr/kernel/libkernel.a(errno.c.obj)
                0x0000000000007594                _k_neg_eagain
 .rodata.CSWTCH.474
                0x0000000000007598       0x14 zephyr/kernel/libkernel.a(fatal.c.obj)
 .rodata.levels.0
                0x00000000000075ac       0x18 zephyr/kernel/libkernel.a(init.c.obj)
 .rodata.CSWTCH.10
                0x00000000000075c4       0x1c /home/ziv/workspace/ncs/nrfxlib/crypto/nrf_cc310_platform/lib/cortex-m4/soft-float/no-interrupts/libnrf_cc310_platform_0.9.16.a(nrf_cc3xx_platform.c.obj)
 .rodata.mutex_free.str1.4
                0x00000000000075e0       0x26 /home/ziv/workspace/ncs/nrfxlib/crypto/nrf_cc310_platform/lib/cortex-m4/soft-float/no-interrupts/libnrf_cc310_platform_0.9.16.a(nrf_cc3xx_platform_mutex.c.obj)
 *fill*         0x0000000000007606        0x2 
 .rodata.mutex_init.str1.4
                0x0000000000007608       0x23 /home/ziv/workspace/ncs/nrfxlib/crypto/nrf_cc310_platform/lib/cortex-m4/soft-float/no-interrupts/libnrf_cc310_platform_0.9.16.a(nrf_cc3xx_platform_mutex.c.obj)
 *fill*         0x000000000000762b        0x1 
 .rodata.CC_PalPowerSaveModeInit.str1.4
                0x000000000000762c       0x20 /home/ziv/workspace/ncs/nrfxlib/crypto/nrf_cc310_platform/lib/cortex-m4/soft-float/no-interrupts/libnrf_cc310_platform_0.9.16.a(cc_pal_pm.c.obj)
 .rodata.main.str1.1
                0x000000000000764c       0x27 app/libapp.a(main.c.obj)
 .rodata.run_all_bists.str1.1
                0x0000000000007673       0x21 app/libapp.a(bist_manager.c.obj)
 .rodata.cbprintf_package_convert.str1.1
                0x0000000000007694       0xa3 zephyr/libzephyr.a(cbprintf_packaged.c.obj)
 .rodata.str1.1
                0x0000000000007737       0x11 zephyr/libzephyr.a(cbprintf_packaged.c.obj)
 .rodata.z_cbvprintf_impl.str1.1
                0x0000000000007748        0x6 zephyr/libzephyr.a(cbprintf_complete.c.obj)
 .rodata.sys_reboot.str1.1
                0x000000000000774e       0x29 zephyr/libzephyr.a(reboot.c.obj)
 .rodata.enable_logger.str1.1
                0x0000000000007777        0x8 zephyr/libzephyr.a(log_core.c.obj)
 .rodata.str1.1
                0x000000000000777f        0x4 zephyr/libzephyr.a(log_core.c.obj)
 .rodata.str1.1
                0x0000000000007783        0x9 zephyr/libzephyr.a(log_mgmt.c.obj)
 .rodata.newline_print.str1.1
                0x000000000000778c        0x3 zephyr/libzephyr.a(log_output.c.obj)
                                          0x5 (size before relaxing)
 .rodata.log_output_process.str1.1
                0x000000000000778f       0x4c zephyr/libzephyr.a(log_output.c.obj)
                                         0x51 (size before relaxing)
 .rodata.log_output_dropped_process.str1.1
                0x00000000000077db       0x4c zephyr/libzephyr.a(log_output.c.obj)
                                          0x3 (size before relaxing)
 .rodata.postfix.0
                0x00000000000077db       0x1c zephyr/libzephyr.a(log_output.c.obj)
 .rodata.prefix.1
                0x00000000000077f7        0xc zephyr/libzephyr.a(log_output.c.obj)
 .rodata.str1.1
                0x0000000000007803       0x20 zephyr/libzephyr.a(log_output.c.obj)
 .rodata.str1.1
                0x0000000000007823       0x10 zephyr/libzephyr.a(log_backend_rtt.c.obj)
 .rodata.str1.1
                0x0000000000007833        0x3 zephyr/libzephyr.a(pm.c.obj)
 .rodata.mutex_free_platform.str1.1
                0x0000000000007836       0x26 zephyr/libzephyr.a(nrf_cc3xx_platform_mutex_zephyr.c.obj)
 .rodata.mutex_init_platform.str1.1
                0x000000000000785c       0x2d zephyr/libzephyr.a(nrf_cc3xx_platform_mutex_zephyr.c.obj)
 .rodata.z_arm_fatal_error.str1.1
                0x0000000000007889       0x9b zephyr/arch/arch/arm/core/aarch32/libarch__arm__core__aarch32.a(fatal.c.obj)
 .rodata.bus_fault.constprop.0.str1.1
                0x0000000000007924       0xca zephyr/arch/arch/arm/core/aarch32/cortex_m/libarch__arm__core__aarch32__cortex_m.a(fault.c.obj)
 .rodata.usage_fault.constprop.0.str1.1
                0x00000000000079ee       0xcd zephyr/arch/arch/arm/core/aarch32/cortex_m/libarch__arm__core__aarch32__cortex_m.a(fault.c.obj)
 .rodata.mem_manage_fault.str1.1
                0x0000000000007abb       0x96 zephyr/arch/arch/arm/core/aarch32/cortex_m/libarch__arm__core__aarch32__cortex_m.a(fault.c.obj)
 .rodata.z_arm_fault.str1.1
                0x0000000000007b51      0x111 zephyr/arch/arch/arm/core/aarch32/cortex_m/libarch__arm__core__aarch32__cortex_m.a(fault.c.obj)
 .rodata.str1.1
                0x0000000000007c62        0x4 zephyr/arch/arch/arm/core/aarch32/mpu/libarch__arm__core__aarch32__mpu.a(arm_core_mpu.c.obj)
 .rodata.mpu_configure_regions.str1.1
                0x0000000000007c66       0x49 zephyr/arch/arch/arm/core/aarch32/mpu/libarch__arm__core__aarch32__mpu.a(arm_mpu.c.obj)
 .rodata.str1.1
                0x0000000000007caf        0xf zephyr/soc/arm/common/cortex_m/libsoc__arm__common__cortex_m.a(arm_mpu_regions.c.obj)
 .rodata.str1.1
                0x0000000000007cbe        0x4 zephyr/soc/arm/nordic_nrf/nrf52/libsoc__arm__nordic_nrf__nrf52.a(soc.c.obj)
 .rodata.str1.1
                0x0000000000007cc2       0x29 zephyr/drivers/clock_control/libdrivers__clock_control.a(clock_control_nrf.c.obj)
 .rodata.str1.1
                0x0000000000007ceb       0x18 zephyr/drivers/sensor/nrf5/libdrivers__sensor__nrf5.a(temp_nrf5.c.obj)
 .rodata.spi_nrfx_init.str1.1
                0x0000000000007d03       0x24 zephyr/drivers/spi/libdrivers__spi.a(spi_nrfx_spim.c.obj)
 .rodata.event_handler.str1.1
                0x0000000000007d27       0x1e zephyr/drivers/spi/libdrivers__spi.a(spi_nrfx_spim.c.obj)
 .rodata.spi_nrfx_transceive.str1.1
                0x0000000000007d45      0x108 zephyr/drivers/spi/libdrivers__spi.a(spi_nrfx_spim.c.obj)
 .rodata.str1.1
                0x0000000000007e4d       0x28 zephyr/drivers/spi/libdrivers__spi.a(spi_nrfx_spim.c.obj)
 .rodata.k_sys_fatal_error_handler.str1.1
                0x0000000000007e75       0x11 modules/nrf/lib/fatal_error/lib..__nrf__lib__fatal_error.a(fatal_error.c.obj)
 .rodata.str1.1
                0x0000000000007e86        0xc modules/nrf/lib/fatal_error/lib..__nrf__lib__fatal_error.a(fatal_error.c.obj)
 .rodata.CSWTCH.14
                0x0000000000007e92        0x6 modules/hal_nordic/nrfx/libmodules__hal_nordic__nrfx.a(system_nrf52840.c.obj)
 .rodata.CSWTCH.5
                0x0000000000007e98        0x6 modules/hal_nordic/nrfx/libmodules__hal_nordic__nrfx.a(system_nrf52840.c.obj)
 .rodata._DoInit.str1.1
                0x0000000000007e9e       0x14 modules/segger/libmodules__segger.a(SEGGER_RTT.c.obj)
 .rodata.sen1_init.str1.1
                0x0000000000007eb2       0x10 modules/sen1/lib..__..__my_generic_bist__drivers__sensor__sen1__zephyr.a(sen1.c.obj)
 .rodata.sen1_sample_fetch.str1.1
                0x0000000000007ec2       0x1b modules/sen1/lib..__..__my_generic_bist__drivers__sensor__sen1__zephyr.a(sen1.c.obj)
 .rodata.sen1_bist.str1.1
                0x0000000000007edd       0x2e modules/sen1/lib..__..__my_generic_bist__drivers__sensor__sen1__zephyr.a(sen1.c.obj)
 .rodata.sen1_attr_set.str1.1
                0x0000000000007f0b       0x30 modules/sen1/lib..__..__my_generic_bist__drivers__sensor__sen1__zephyr.a(sen1.c.obj)
 .rodata.str1.1
                0x0000000000007f3b        0xd modules/sen1/lib..__..__my_generic_bist__drivers__sensor__sen1__zephyr.a(sen1.c.obj)
 .rodata.sen2_init.str1.1
                0x0000000000007f48       0x10 modules/sen2/lib..__..__my_generic_bist__drivers__sensor__sen2__zephyr.a(sen2.c.obj)
 .rodata.sen2_sample_fetch.str1.1
                0x0000000000007f58       0x1b modules/sen2/lib..__..__my_generic_bist__drivers__sensor__sen2__zephyr.a(sen2.c.obj)
 .rodata.sen2_bist.str1.1
                0x0000000000007f58       0x25 modules/sen2/lib..__..__my_generic_bist__drivers__sensor__sen2__zephyr.a(sen2.c.obj)
 .rodata.sen2_attr_set.str1.1
                0x0000000000007f7d       0x30 modules/sen2/lib..__..__my_generic_bist__drivers__sensor__sen2__zephyr.a(sen2.c.obj)
 .rodata.str1.1
                0x0000000000007f7d        0xd modules/sen2/lib..__..__my_generic_bist__drivers__sensor__sen2__zephyr.a(sen2.c.obj)
 .rodata.z_fatal_error.str1.1
                0x0000000000007f8a       0x77 zephyr/kernel/libkernel.a(fatal.c.obj)
 .rodata.str1.1
                0x0000000000008001       0x4a zephyr/kernel/libkernel.a(fatal.c.obj)
 .rodata.z_cstart.str1.1
                0x000000000000804b        0x5 zephyr/kernel/libkernel.a(init.c.obj)
 .rodata.str1.1
                0x0000000000008050        0x3 zephyr/kernel/libkernel.a(init.c.obj)
 .rodata.boot_banner.str1.1
                0x0000000000008053       0x2e zephyr/kernel/libkernel.a(banner.c.obj)
 *(SORT_BY_ALIGNMENT(.gnu.linkonce.r.*))
                0x0000000000008084                . = ALIGN (0x4)
 *fill*         0x0000000000008081        0x3 
                0x0000000000008084                __rodata_region_end = .
                0x00000000000080a0                . = ALIGN (_region_min_align)